shortages_data.csv
month_full,product_pack,active_ingredients,dosage,value,quantity,shortage,base_no_shortage_estimate,price_per_piece,xaxis_months
2014-01-01,Atorvastatin 80mg tablets,Atorvastatin,Tablet,583303.5,5805888,,583303.5,0.100467577052813,Jan 14
2014-02-01,Atorvastatin 80mg tablets,Atorvastatin,Tablet,533482.99,5306182,,533482.99,0.100539896671467,Feb 14
2014-03-01,Atorvastatin 80mg tablets,Atorvastatin,Tablet,579938,5781234,,579938,0.100313877625434,Mar 14
2014-04-01,Atorvastatin 80mg tablets,Atorvastatin,Tablet,534947.56,5848728,,534947.56,0.0914639148888442,Apr 14
2014-05-01,Atorvastatin 80mg tablets,Atorvastatin,Tablet,562307.82,6153236,,562307.82,0.0913840814816789,May 14
2014-06-01,Atorvastatin 80mg tablets,Atorvastatin,Tablet,537025.53,5878113,,537025.53,0.0913601916125124,Jun 14
2014-07-01,Atorvastatin 80mg tablets,Atorvastatin,Tablet,586799.26,6386334,,586799.26,0.0918835845416165,Jul 14
2014-08-01,Atorvastatin 80mg tablets,Atorvastatin,Tablet,555540.23,6038386,,555540.23,0.0920014437632838,Aug 14
2014-09-01,Atorvastatin 80mg tablets,Atorvastatin,Tablet,581633.79,6333199,,581633.79,0.091838862161129,Sep 14
2014-10-01,Atorvastatin 80mg tablets,Atorvastatin,Tablet,657990.07,6692003,,657990.07,0.0983248318926336,Oct 14
2014-11-01,Atorvastatin 80mg tablets,Atorvastatin,Tablet,603978.3,6172462,,603978.3,0.0978504687432665,Nov 14
2014-12-01,Atorvastatin 80mg tablets,Atorvastatin,Tablet,705006.75,7166176,,705006.75,0.0983797704661454,Dec 14
2015-01-01,Atorvastatin 80mg tablets,Atorvastatin,Tablet,676563.42,6777109,,676563.42,0.0998306829652585,Jan 15
2015-02-01,Atorvastatin 80mg tablets,Atorvastatin,Tablet,635887.47,6385370,,635887.47,0.0995850624161169,Feb 15
2015-03-01,Atorvastatin 80mg tablets,Atorvastatin,Tablet,709140.02,7120417,,709140.02,0.0995924845412846,Mar 15
2015-04-01,Atorvastatin 80mg tablets,Atorvastatin,Tablet,715141.52,7185812,,715141.52,0.0995213234078487,Apr 15
2015-05-01,Atorvastatin 80mg tablets,Atorvastatin,Tablet,709481.76,7138903,,709481.76,0.0993824625436149,May 15
2015-06-01,Atorvastatin 80mg tablets,Atorvastatin,Tablet,746719.52,7519004,,746719.52,0.0993109619305961,Jun 15
2015-07-01,Atorvastatin 80mg tablets,Atorvastatin,Tablet,801668.03,8024143,,801668.03,0.099906996921665,Jul 15
2015-08-01,Atorvastatin 80mg tablets,Atorvastatin,Tablet,734884.68,7358333,,734884.68,0.0998710822138656,Aug 15
2015-09-01,Atorvastatin 80mg tablets,Atorvastatin,Tablet,791805.26,7926964,,791805.26,0.0998875811723126,Sep 15
2015-10-01,Atorvastatin 80mg tablets,Atorvastatin,Tablet,832759.93,8151204,,832759.93,0.102164039815468,Oct 15
2015-11-01,Atorvastatin 80mg tablets,Atorvastatin,Tablet,807144,7902408,,807144,0.102138993582716,Nov 15
2015-12-01,Atorvastatin 80mg tablets,Atorvastatin,Tablet,921838.32,9019986,,921838.32,0.102199528912794,Dec 15
2016-01-01,Atorvastatin 80mg tablets,Atorvastatin,Tablet,711371.71,8036182,,711371.71,0.0885211049227108,Jan 16
2016-02-01,Atorvastatin 80mg tablets,Atorvastatin,Tablet,722515.48,8167003,,722515.48,0.0884676398429143,Feb 16
2016-03-01,Atorvastatin 80mg tablets,Atorvastatin,Tablet,769859.39,8686388,,769859.39,0.0886282526177739,Mar 16
2016-04-01,Atorvastatin 80mg tablets,Atorvastatin,Tablet,796503.21,8946524,,796503.21,0.0890293492757634,Apr 16
2016-05-01,Atorvastatin 80mg tablets,Atorvastatin,Tablet,772779.05,8685142,,772779.05,0.0889771347434504,May 16
2016-06-01,Atorvastatin 80mg tablets,Atorvastatin,Tablet,737138.92,9160574,,737138.92,0.0804686387556064,Jun 16
2016-07-01,Atorvastatin 80mg tablets,Atorvastatin,Tablet,705037.24,9064212,,705037.24,0.0777825187672133,Jul 16
2016-08-01,Atorvastatin 80mg tablets,Atorvastatin,Tablet,724908.14,9297512,,724908.14,0.0779679703559404,Aug 16
2016-09-01,Atorvastatin 80mg tablets,Atorvastatin,Tablet,738860.03,9489889,,738860.03,0.0778576050784156,Sep 16
2016-10-01,Atorvastatin 80mg tablets,Atorvastatin,Tablet,700431,9330418,,700431,0.0750696271056666,Oct 16
2016-11-01,Atorvastatin 80mg tablets,Atorvastatin,Tablet,732380.59,9746299,,732380.59,0.0751444820233814,Nov 16
2016-12-01,Atorvastatin 80mg tablets,Atorvastatin,Tablet,770719.93,10248468,,770719.93,0.0752034284538919,Dec 16
2017-01-01,Atorvastatin 80mg tablets,Atorvastatin,Tablet,676201.68,9659561,,676201.68,0.0700033552249424,Jan 17
2017-02-01,Atorvastatin 80mg tablets,Atorvastatin,Tablet,642923.64,9185151,,642923.64,0.0699959793801975,Feb 17
2017-03-01,Atorvastatin 80mg tablets,Atorvastatin,Tablet,751018.36,10739902,,751018.36,0.0699278596769319,Mar 17
2017-04-01,Atorvastatin 80mg tablets,Atorvastatin,Tablet,662487.47,9658102,,662487.47,0.0685939608009938,Apr 17
2017-05-01,Atorvastatin 80mg tablets,Atorvastatin,Tablet,729939.84,10626635,,729939.84,0.0686896501103124,May 17
2017-06-01,Atorvastatin 80mg tablets,Atorvastatin,Tablet,739372.65,10796203,,739372.65,0.0684845079330205,Jun 17
2017-07-01,Atorvastatin 80mg tablets,Atorvastatin,Tablet,723407.87,10642474,,723407.87,0.0679736563133723,Jul 17
2017-08-01,Atorvastatin 80mg tablets,Atorvastatin,Tablet,669761.69,10893768,,669761.69,0.0614811780460168,Aug 17
2017-09-01,Atorvastatin 80mg tablets,Atorvastatin,Tablet,873571.25,10769739,TRUE,662136.240968131,0.0811135023792127,Sep 17
2017-10-01,Atorvastatin 80mg tablets,Atorvastatin,Tablet,976845.84,11075014,TRUE,680904.907596128,0.0882026731523771,Oct 17
2017-11-01,Atorvastatin 80mg tablets,Atorvastatin,Tablet,772869.23,11268221,TRUE,692783.501562865,0.0685883982928627,Nov 17
2017-12-01,Atorvastatin 80mg tablets,Atorvastatin,Tablet,960944.07,11485857,TRUE,706164.019228088,0.0836632451544539,Dec 17
2018-01-01,Atorvastatin 80mg tablets,Atorvastatin,Tablet,773875.62,11633140,TRUE,715219.15157424,0.0665233651447503,Jan 18
2018-02-01,Atorvastatin 80mg tablets,Atorvastatin,Tablet,695787.99,10588362,TRUE,650984.969337678,0.0657125238067984,Feb 18
2018-03-01,Atorvastatin 80mg tablets,Atorvastatin,Tablet,754616.55,11865542,,729507.50031449,0.0635973097562674,Mar 18
2018-04-01,Atorvastatin 80mg tablets,Atorvastatin,Tablet,881677.3,11588445,,712471.250321473,0.0760824510967606,Apr 18
2018-05-01,Atorvastatin 80mg tablets,Atorvastatin,Tablet,926297.22,12185837,,749199.614236739,0.0760142467029553,May 18
2018-06-01,Atorvastatin 80mg tablets,Atorvastatin,Tablet,910510.06,11976429,,736324.963704479,0.0760251707750282,Jun 18
2018-07-01,Atorvastatin 80mg tablets,Atorvastatin,Tablet,783028.53,12252679,,753309.139139691,0.0639067203180627,Jul 18
2018-08-01,Atorvastatin 80mg tablets,Atorvastatin,Tablet,925429.68,12594302,,774312.523627305,0.07348002930214,Aug 18
2018-09-01,Atorvastatin 80mg tablets,Atorvastatin,Tablet,868122.24,11825185,,727026.304412087,0.073412994384443,Sep 18
2018-10-01,Atorvastatin 80mg tablets,Atorvastatin,Tablet,846546.87,12910961,,793781.091986179,0.0655680758388163,Oct 18
2018-11-01,Atorvastatin 80mg tablets,Atorvastatin,Tablet,757597.89,12722866,,757597.89,0.0595461659346251,Nov 18
2018-12-01,Atorvastatin 80mg tablets,Atorvastatin,Tablet,767299.46,12875419,,767299.46,0.0595941351500872,Dec 18
2019-01-01,Atorvastatin 80mg tablets,Atorvastatin,Tablet,742235.18,13164671,,742235.18,0.0563808377740697,Jan 19
2019-02-01,Atorvastatin 80mg tablets,Atorvastatin,Tablet,675963.15,12020733,,675963.15,0.0562331057515378,Feb 19
2019-03-01,Atorvastatin 80mg tablets,Atorvastatin,Tablet,736060.82,13090578,,736060.82,0.05622829030162,Mar 19
2019-04-01,Atorvastatin 80mg tablets,Atorvastatin,Tablet,799657.36,13043216,,799657.36,0.0613082969721578,Apr 19
2019-05-01,Atorvastatin 80mg tablets,Atorvastatin,Tablet,856830.17,14035074,,856830.17,0.0610492092881021,May 19
2019-06-01,Atorvastatin 80mg tablets,Atorvastatin,Tablet,795111.21,13068848,,795111.21,0.0608401911170747,Jun 19
2019-07-01,Atorvastatin 80mg tablets,Atorvastatin,Tablet,834757.24,13561730,,833791.136742007,0.0615524155104106,Jul 19
2019-08-01,Atorvastatin 80mg tablets,Atorvastatin,Tablet,1006746.49,14581206,,896469.722211648,0.0690441167897909,Aug 19
2019-09-01,Atorvastatin 80mg tablets,Atorvastatin,Tablet,942665.74,13657431,,839674.946962189,0.0690221857976072,Sep 19
2019-10-01,Atorvastatin 80mg tablets,Atorvastatin,Tablet,978509.09,14611618,,898339.487798383,0.0669678806275937,Oct 19
2019-11-01,Atorvastatin 80mg tablets,Atorvastatin,Tablet,944148.66,14130617,,868766.979677071,0.0668158127843958,Nov 19
2019-12-01,Atorvastatin 80mg tablets,Atorvastatin,Tablet,983574.32,14743014,,906417.868668918,0.0667146025907593,Dec 19
2020-01-01,Atorvastatin 80mg tablets,Atorvastatin,Tablet,1019230.72,15046594,,925082.324700128,0.0677383014388505,Jan 20
2020-02-01,Atorvastatin 80mg tablets,Atorvastatin,Tablet,937900.88,13850134,,851522.554415191,0.0677178199142333,Feb 20
2020-03-01,Atorvastatin 80mg tablets,Atorvastatin,Tablet,1101893.72,16275972,,1000665.93240398,0.0677006399372031,Mar 20
2020-04-01,Atorvastatin 80mg tablets,Atorvastatin,Tablet,1010657.95,14599813,,897613.70249155,0.0692240338968725,Apr 20
2020-05-01,Atorvastatin 80mg tablets,Atorvastatin,Tablet,1006045.14,14489269,,890817.327145631,0.0694338092556636,May 20
2020-06-01,Atorvastatin 80mg tablets,Atorvastatin,Tablet,1155432.22,15027301,,923896.168332086,0.0768888717940767,Jun 20
2020-07-01,Atorvastatin 80mg tablets,Atorvastatin,Tablet,1127383.83,15769988,,969557.440011548,0.0714892002454282,Jul 20
2020-08-01,Atorvastatin 80mg tablets,Atorvastatin,Tablet,1025966.27,14358729,,882791.574163504,0.0714524433186252,Aug 20
2020-09-01,Atorvastatin 80mg tablets,Atorvastatin,Tablet,1118458.98,15658163,,962682.307276552,0.0714297698906315,Sep 20
2020-10-01,Atorvastatin 80mg tablets,Atorvastatin,Tablet,1122533.67,15856420,,974871.381192421,0.0707936387911017,Oct 20
2020-11-01,Atorvastatin 80mg tablets,Atorvastatin,Tablet,1088273.49,15372176,,945099.489610706,0.0707950188704579,Nov 20
2020-12-01,Atorvastatin 80mg tablets,Atorvastatin,Tablet,1190783.33,16832730,,1034896.07013053,0.0707421392727145,Dec 20
2021-01-01,Atorvastatin 80mg tablets,Atorvastatin,Tablet,1155445.16,15627741,,960811.926878036,0.0739355201753088,Jan 21
2021-02-01,Atorvastatin 80mg tablets,Atorvastatin,Tablet,1098452.1,14852317,,913137.945872882,0.0739582988970677,Feb 21
