shortages_data.csv
month_full,product_pack,active_ingredients,dosage,value,quantity,shortage,base_no_shortage_estimate,price_per_piece,xaxis_months
2014-01-01,Losartan 12.5mg tablets,Losartan,Tablet,72250.91,391453,,72250.91,0.184571097935129,Jan 14
2014-02-01,Losartan 12.5mg tablets,Losartan,Tablet,65578.11,355441,,65578.11,0.184497877284838,Feb 14
2014-03-01,Losartan 12.5mg tablets,Losartan,Tablet,73028.66,395808,,73028.66,0.184505265179077,Mar 14
2014-04-01,Losartan 12.5mg tablets,Losartan,Tablet,74936.07,406105,,74936.07,0.184523879292301,Apr 14
2014-05-01,Losartan 12.5mg tablets,Losartan,Tablet,79191.45,429183,,79191.45,0.184516744605448,May 14
2014-06-01,Losartan 12.5mg tablets,Losartan,Tablet,76718.03,415889,,76718.03,0.184467562258199,Jun 14
2014-07-01,Losartan 12.5mg tablets,Losartan,Tablet,83527.21,452880,,83527.21,0.184435634163575,Jul 14
2014-08-01,Losartan 12.5mg tablets,Losartan,Tablet,78939.57,428061,,78939.57,0.184411964649898,Aug 14
2014-09-01,Losartan 12.5mg tablets,Losartan,Tablet,82989.85,449603,,82989.85,0.184584733642792,Sep 14
2014-10-01,Losartan 12.5mg tablets,Losartan,Tablet,85317.13,462730,,85317.13,0.184377779698744,Oct 14
2014-11-01,Losartan 12.5mg tablets,Losartan,Tablet,78791,427167,,78791,0.184450109676075,Nov 14
2014-12-01,Losartan 12.5mg tablets,Losartan,Tablet,88654.35,480532,,88654.35,0.184492083773817,Dec 14
2015-01-01,Losartan 12.5mg tablets,Losartan,Tablet,83740.12,453850,,83740.12,0.184510565164702,Jan 15
2015-02-01,Losartan 12.5mg tablets,Losartan,Tablet,78542.58,425845,,78542.58,0.1844393617396,Feb 15
2015-03-01,Losartan 12.5mg tablets,Losartan,Tablet,87405.28,473779,,87405.28,0.184485340211364,Mar 15
2015-04-01,Losartan 12.5mg tablets,Losartan,Tablet,85957.22,466008,,85957.22,0.184454387049149,Apr 15
2015-05-01,Losartan 12.5mg tablets,Losartan,Tablet,85766.99,464754,,85766.99,0.184542768862667,May 15
2015-06-01,Losartan 12.5mg tablets,Losartan,Tablet,89623.32,485936,,89623.32,0.184434411115867,Jun 15
2015-07-01,Losartan 12.5mg tablets,Losartan,Tablet,95314.55,516470,,95314.55,0.18455002226654,Jul 15
2015-08-01,Losartan 12.5mg tablets,Losartan,Tablet,87387.32,472976,,87387.32,0.184760579818003,Aug 15
2015-09-01,Losartan 12.5mg tablets,Losartan,Tablet,94163.71,510188,,94163.71,0.184566689142042,Sep 15
2015-10-01,Losartan 12.5mg tablets,Losartan,Tablet,96007.55,520412,,96007.55,0.184483735963045,Oct 15
2015-11-01,Losartan 12.5mg tablets,Losartan,Tablet,91914.33,498005,,91914.33,0.184565074647845,Nov 15
2015-12-01,Losartan 12.5mg tablets,Losartan,Tablet,103119.37,558752,,103119.37,0.18455302173415,Dec 15
2016-01-01,Losartan 12.5mg tablets,Losartan,Tablet,91213.69,494578,,91213.69,0.184427309746895,Jan 16
2016-02-01,Losartan 12.5mg tablets,Losartan,Tablet,92437.63,500695,,92437.63,0.184618640090275,Feb 16
2016-03-01,Losartan 12.5mg tablets,Losartan,Tablet,97607.76,529182,,97607.76,0.184450264748234,Mar 16
2016-04-01,Losartan 12.5mg tablets,Losartan,Tablet,100231.8,542974,,100231.8,0.184597789212743,Apr 16
2016-05-01,Losartan 12.5mg tablets,Losartan,Tablet,94358.39,509312,,94358.39,0.185266378958281,May 16
2016-06-01,Losartan 12.5mg tablets,Losartan,Tablet,149755.17,516099,TRUE,95615.7929139898,0.290167525997919,Jun 16
2016-07-01,Losartan 12.5mg tablets,Losartan,Tablet,499445.62,526811,,97600.3663653909,0.948054653376638,Jul 16
2016-08-01,Losartan 12.5mg tablets,Losartan,Tablet,491847.61,519850,,96310.7271014624,0.946133711647591,Aug 16
2016-09-01,Losartan 12.5mg tablets,Losartan,Tablet,499432.33,528613,,97934.2163802738,0.944797668615793,Sep 16
2016-10-01,Losartan 12.5mg tablets,Losartan,Tablet,486587.78,514554,,95329.5563584993,0.945649591685226,Oct 16
2016-11-01,Losartan 12.5mg tablets,Losartan,Tablet,500508.05,532225,,98603.3985410711,0.940406876790831,Nov 16
2016-12-01,Losartan 12.5mg tablets,Losartan,Tablet,512687.48,549180,,101744.589996309,0.933550894060235,Dec 16
2017-01-01,Losartan 12.5mg tablets,Losartan,Tablet,477063.51,512480,,94945.3138885398,0.930891956759288,Jan 17
2017-02-01,Losartan 12.5mg tablets,Losartan,Tablet,449304.73,485813,,90004.8153608594,0.924851187596874,Feb 17
2017-03-01,Losartan 12.5mg tablets,Losartan,Tablet,519344.85,565050,,104684.767430377,0.919113087337404,Mar 17
2017-04-01,Losartan 12.5mg tablets,Losartan,Tablet,460267.37,502920,,93174.1673056987,0.915190030223495,Apr 17
2017-05-01,Losartan 12.5mg tablets,Losartan,Tablet,496985.45,546203,,101193.05198615,0.909891468922727,May 17
2017-06-01,Losartan 12.5mg tablets,Losartan,Tablet,499465.62,555423,,102901.208000145,0.899252677688897,Jun 17
2017-07-01,Losartan 12.5mg tablets,Losartan,Tablet,479632.07,539628,,99974.9255444993,0.888819835145693,Jul 17
2017-08-01,Losartan 12.5mg tablets,Losartan,Tablet,479638.6,542882,,100577.782341629,0.88350433427522,Aug 17
2017-09-01,Losartan 12.5mg tablets,Losartan,Tablet,477358.24,545154,,100998.707554623,0.875639250560392,Sep 17
2017-10-01,Losartan 12.5mg tablets,Losartan,Tablet,481365.44,550282,,101948.753545921,0.874761376894029,Oct 17
2017-11-01,Losartan 12.5mg tablets,Losartan,Tablet,484180.24,558108,,103398.648227648,0.867538612598279,Nov 17
2017-12-01,Losartan 12.5mg tablets,Losartan,Tablet,482792.73,558589,,103487.761355927,0.864307621524949,Dec 17
2018-01-01,Losartan 12.5mg tablets,Losartan,Tablet,102498.17,560850,,102498.17,0.182755050369974,Jan 18
2018-02-01,Losartan 12.5mg tablets,Losartan,Tablet,92324.83,514621,,92324.83,0.179403541635495,Feb 18
2018-03-01,Losartan 12.5mg tablets,Losartan,Tablet,101890.19,571922,,101890.19,0.178153996524002,Mar 18
2018-04-01,Losartan 12.5mg tablets,Losartan,Tablet,102165.32,561921,,102165.32,0.181814383160622,Apr 18
2018-05-01,Losartan 12.5mg tablets,Losartan,Tablet,107648.65,596557,,107648.65,0.180449898333269,May 18
2018-06-01,Losartan 12.5mg tablets,Losartan,Tablet,104384.82,581545,,104384.82,0.179495688209855,Jun 18
2018-07-01,Losartan 12.5mg tablets,Losartan,Tablet,92020.45,599623,,92020.45,0.153463843114757,Jul 18
2018-08-01,Losartan 12.5mg tablets,Losartan,Tablet,107066.09,623219,,107066.09,0.171795291863695,Aug 18
2018-09-01,Losartan 12.5mg tablets,Losartan,Tablet,99602.82,583905,,99602.82,0.170580522516505,Sep 18
2018-10-01,Losartan 12.5mg tablets,Losartan,Tablet,95395.11,638699,,95395.11,0.14935847715434,Oct 18
2018-11-01,Losartan 12.5mg tablets,Losartan,Tablet,86948.72,648196,,86948.72,0.134139550382909,Nov 18
2018-12-01,Losartan 12.5mg tablets,Losartan,Tablet,88533.66,666242,,88533.66,0.1328851378328,Dec 18
2019-01-01,Losartan 12.5mg tablets,Losartan,Tablet,81561.13,669211,,81561.13,0.12187655313496,Jan 19
2019-02-01,Losartan 12.5mg tablets,Losartan,Tablet,72040.23,593447,,72040.23,0.121392862378612,Feb 19
2019-03-01,Losartan 12.5mg tablets,Losartan,Tablet,79331.06,655205,,79331.06,0.121078227425004,Mar 19
2019-04-01,Losartan 12.5mg tablets,Losartan,Tablet,99730.55,640647,TRUE,99730.55,0.155671610106658,Apr 19
2019-05-01,Losartan 12.5mg tablets,Losartan,Tablet,122201.95,696370,TRUE,122201.95,0.175484225339977,May 19
2019-06-01,Losartan 12.5mg tablets,Losartan,Tablet,98860.23,651518,TRUE,98860.23,0.151738294260481,Jun 19
2019-07-01,Losartan 12.5mg tablets,Losartan,Tablet,101122.31,684787,TRUE,101122.31,0.147669727959205,Jul 19
2019-08-01,Losartan 12.5mg tablets,Losartan,Tablet,101683.77,727675,,101683.77,0.139737891228914,Aug 19
2019-09-01,Losartan 12.5mg tablets,Losartan,Tablet,95634.16,688845,,95634.16,0.138832625626955,Sep 19
2019-10-01,Losartan 12.5mg tablets,Losartan,Tablet,151869.68,737244,,136586.526288719,0.205996495054555,Oct 19
2019-11-01,Losartan 12.5mg tablets,Losartan,Tablet,146418.45,708822,,131320.885265967,0.206565893835124,Nov 19
2019-12-01,Losartan 12.5mg tablets,Losartan,Tablet,150429.81,729779,,135203.512769795,0.206130636809226,Dec 19
2020-01-01,Losartan 12.5mg tablets,Losartan,Tablet,141587.87,754150,,139718.639691388,0.187744971159584,Jan 20
2020-02-01,Losartan 12.5mg tablets,Losartan,Tablet,127707.93,678580,,125718.05943351,0.188198782752218,Feb 20
2020-03-01,Losartan 12.5mg tablets,Losartan,Tablet,151912.17,810102,,150084.664126861,0.187522274972781,Mar 20
2020-04-01,Losartan 12.5mg tablets,Losartan,Tablet,137443.32,717618,,132950.488335284,0.191527135606966,Apr 20
2020-05-01,Losartan 12.5mg tablets,Losartan,Tablet,133189.64,695953,,128936.692235153,0.191377348757747,May 20
2020-06-01,Losartan 12.5mg tablets,Losartan,Tablet,152338.01,719472,,133293.972201872,0.211735842395535,Jun 20
2020-07-01,Losartan 12.5mg tablets,Losartan,Tablet,166713.31,758632,,140549.003601879,0.219755177740986,Jul 20
2020-08-01,Losartan 12.5mg tablets,Losartan,Tablet,150141.72,683585,,126645.317660197,0.219638698918203,Aug 20
2020-09-01,Losartan 12.5mg tablets,Losartan,Tablet,162937.97,741728,,137417.260731968,0.219673478687605,Sep 20
2020-10-01,Losartan 12.5mg tablets,Losartan,Tablet,154464.74,758020,,140435.620577956,0.203773963747658,Oct 20
2020-11-01,Losartan 12.5mg tablets,Losartan,Tablet,147002.59,721711,,133708.78362436,0.203686226204118,Nov 20
2020-12-01,Losartan 12.5mg tablets,Losartan,Tablet,161258.54,792114,,146752.09250216,0.203579964500059,Dec 20
2021-01-01,Losartan 12.5mg tablets,Losartan,Tablet,150859.08,728094,,134891.338921251,0.207197257496972,Jan 21
2021-02-01,Losartan 12.5mg tablets,Losartan,Tablet,142909.31,689570,,127754.136938262,0.207244094145627,Feb 21
