shortages_data.csv
month_full,product_pack,active_ingredients,dosage,value,quantity,shortage,base_no_shortage_estimate,price_per_piece,xaxis_months
2014-01-01,Esomeprazole 40mg gastro-resistant capsules,Esomeprazole,Gastro-resistant capsule,101295.47,431566,,101295.47,0.234716057335379,Jan 14
2014-02-01,Esomeprazole 40mg gastro-resistant capsules,Esomeprazole,Gastro-resistant capsule,75538.29,389797,,75538.29,0.193788792627958,Feb 14
2014-03-01,Esomeprazole 40mg gastro-resistant capsules,Esomeprazole,Gastro-resistant capsule,82874.38,427912,,82874.38,0.193671549290508,Mar 14
2014-04-01,Esomeprazole 40mg gastro-resistant capsules,Esomeprazole,Gastro-resistant capsule,84048.1,434038,,84048.1,0.193642261737452,Apr 14
2014-05-01,Esomeprazole 40mg gastro-resistant capsules,Esomeprazole,Gastro-resistant capsule,74654.75,457321,,74654.75,0.163243651614511,May 14
2014-06-01,Esomeprazole 40mg gastro-resistant capsules,Esomeprazole,Gastro-resistant capsule,71806.67,439803,,71806.67,0.163270077739351,Jun 14
2014-07-01,Esomeprazole 40mg gastro-resistant capsules,Esomeprazole,Gastro-resistant capsule,77928.34,477459,,77928.34,0.163214726290634,Jul 14
2014-08-01,Esomeprazole 40mg gastro-resistant capsules,Esomeprazole,Gastro-resistant capsule,63358.85,447844,,63358.85,0.141475268173739,Aug 14
2014-09-01,Esomeprazole 40mg gastro-resistant capsules,Esomeprazole,Gastro-resistant capsule,67334.85,475904,,67334.85,0.141488304363905,Sep 14
2014-10-01,Esomeprazole 40mg gastro-resistant capsules,Esomeprazole,Gastro-resistant capsule,71582.28,506033,,71582.28,0.141457731017542,Oct 14
2014-11-01,Esomeprazole 40mg gastro-resistant capsules,Esomeprazole,Gastro-resistant capsule,66639.75,471079,,66639.75,0.141461941627625,Nov 14
2014-12-01,Esomeprazole 40mg gastro-resistant capsules,Esomeprazole,Gastro-resistant capsule,77892.6,550443,,77892.6,0.141508930079954,Dec 14
2015-01-01,Esomeprazole 40mg gastro-resistant capsules,Esomeprazole,Gastro-resistant capsule,73682.11,520774,,73682.11,0.141485769258834,Jan 15
2015-02-01,Esomeprazole 40mg gastro-resistant capsules,Esomeprazole,Gastro-resistant capsule,68865.7,486891,,68865.7,0.141439665140658,Feb 15
2015-03-01,Esomeprazole 40mg gastro-resistant capsules,Esomeprazole,Gastro-resistant capsule,77482.44,547617,,77482.44,0.141490202093799,Mar 15
2015-04-01,Esomeprazole 40mg gastro-resistant capsules,Esomeprazole,Gastro-resistant capsule,78235.29,552855,,78235.29,0.14151140895895,Apr 15
2015-05-01,Esomeprazole 40mg gastro-resistant capsules,Esomeprazole,Gastro-resistant capsule,79646.08,563007,,79646.08,0.141465523519246,May 15
2015-06-01,Esomeprazole 40mg gastro-resistant capsules,Esomeprazole,Gastro-resistant capsule,84378.91,596561,,84378.91,0.141442216303111,Jun 15
2015-07-01,Esomeprazole 40mg gastro-resistant capsules,Esomeprazole,Gastro-resistant capsule,88157.88,623124,,88157.88,0.141477266162112,Jul 15
2015-08-01,Esomeprazole 40mg gastro-resistant capsules,Esomeprazole,Gastro-resistant capsule,83003.9,586805,,83003.9,0.141450567053791,Aug 15
2015-09-01,Esomeprazole 40mg gastro-resistant capsules,Esomeprazole,Gastro-resistant capsule,90189.04,637405,,90189.04,0.141494089315271,Sep 15
2015-10-01,Esomeprazole 40mg gastro-resistant capsules,Esomeprazole,Gastro-resistant capsule,93510.36,661114,,93510.36,0.141443623943828,Oct 15
2015-11-01,Esomeprazole 40mg gastro-resistant capsules,Esomeprazole,Gastro-resistant capsule,92789.89,656002,,92789.89,0.141447571806184,Nov 15
2015-12-01,Esomeprazole 40mg gastro-resistant capsules,Esomeprazole,Gastro-resistant capsule,106995.95,756373,,106995.95,0.141459240348347,Dec 15
2016-01-01,Esomeprazole 40mg gastro-resistant capsules,Esomeprazole,Gastro-resistant capsule,96990.46,685591,,96990.46,0.141469855934515,Jan 16
2016-02-01,Esomeprazole 40mg gastro-resistant capsules,Esomeprazole,Gastro-resistant capsule,97949.48,692456,,97949.48,0.141452280000462,Feb 16
2016-03-01,Esomeprazole 40mg gastro-resistant capsules,Esomeprazole,Gastro-resistant capsule,104392.86,738012,,104392.86,0.141451439813987,Mar 16
2016-04-01,Esomeprazole 40mg gastro-resistant capsules,Esomeprazole,Gastro-resistant capsule,110811.75,783283,,110811.75,0.141470898768389,Apr 16
2016-05-01,Esomeprazole 40mg gastro-resistant capsules,Esomeprazole,Gastro-resistant capsule,106445.1,752501,,106445.1,0.141455094411835,May 16
2016-06-01,Esomeprazole 40mg gastro-resistant capsules,Esomeprazole,Gastro-resistant capsule,112141.8,792915,,112141.8,0.141429787556043,Jun 16
2016-07-01,Esomeprazole 40mg gastro-resistant capsules,Esomeprazole,Gastro-resistant capsule,109890.9,776801,,109890.9,0.14146596103764,Jul 16
2016-08-01,Esomeprazole 40mg gastro-resistant capsules,Esomeprazole,Gastro-resistant capsule,111915.72,790932,,111915.72,0.141498535904477,Aug 16
2016-09-01,Esomeprazole 40mg gastro-resistant capsules,Esomeprazole,Gastro-resistant capsule,113685.05,803476,,113685.05,0.141491531794354,Sep 16
2016-10-01,Esomeprazole 40mg gastro-resistant capsules,Esomeprazole,Gastro-resistant capsule,111521.46,788227,,111521.46,0.141483938002631,Oct 16
2016-11-01,Esomeprazole 40mg gastro-resistant capsules,Esomeprazole,Gastro-resistant capsule,115468.38,816113,,115468.38,0.141485774641502,Nov 16
2016-12-01,Esomeprazole 40mg gastro-resistant capsules,Esomeprazole,Gastro-resistant capsule,122953.01,869266,,122953.01,0.141444632598077,Dec 16
2017-01-01,Esomeprazole 40mg gastro-resistant capsules,Esomeprazole,Gastro-resistant capsule,114133.14,806645,,114133.14,0.141491164018868,Jan 17
2017-02-01,Esomeprazole 40mg gastro-resistant capsules,Esomeprazole,Gastro-resistant capsule,106998.29,756114,,106998.29,0.141510790700873,Feb 17
2017-03-01,Esomeprazole 40mg gastro-resistant capsules,Esomeprazole,Gastro-resistant capsule,104588.3,886468,,104588.3,0.117983164648921,Mar 17
2017-04-01,Esomeprazole 40mg gastro-resistant capsules,Esomeprazole,Gastro-resistant capsule,92715.62,786070,,92715.62,0.117948299769741,Apr 17
2017-05-01,Esomeprazole 40mg gastro-resistant capsules,Esomeprazole,Gastro-resistant capsule,102528.81,869429,,102528.81,0.117926604702627,May 17
2017-06-01,Esomeprazole 40mg gastro-resistant capsules,Esomeprazole,Gastro-resistant capsule,102871.98,872546,,102871.98,0.117898632278413,Jun 17
2017-07-01,Esomeprazole 40mg gastro-resistant capsules,Esomeprazole,Gastro-resistant capsule,101626.5,862317,,101626.5,0.117852831383354,Jul 17
2017-08-01,Esomeprazole 40mg gastro-resistant capsules,Esomeprazole,Gastro-resistant capsule,102598.08,870938,,102598.08,0.117801818269498,Aug 17
2017-09-01,Esomeprazole 40mg gastro-resistant capsules,Esomeprazole,Gastro-resistant capsule,101877.66,864439,,101877.66,0.117854076458836,Sep 17
2017-10-01,Esomeprazole 40mg gastro-resistant capsules,Esomeprazole,Gastro-resistant capsule,102685.6,871471,,102685.6,0.117830197447764,Oct 17
2017-11-01,Esomeprazole 40mg gastro-resistant capsules,Esomeprazole,Gastro-resistant capsule,103676.39,880394,,103676.39,0.117761354575338,Nov 17
2017-12-01,Esomeprazole 40mg gastro-resistant capsules,Esomeprazole,Gastro-resistant capsule,104246.09,884905,,104246.09,0.117804837807448,Dec 17
2018-01-01,Esomeprazole 40mg gastro-resistant capsules,Esomeprazole,Gastro-resistant capsule,104964.36,890585,,104964.36,0.117860013362004,Jan 18
2018-02-01,Esomeprazole 40mg gastro-resistant capsules,Esomeprazole,Gastro-resistant capsule,93737.52,796164,,93737.52,0.117736446259816,Feb 18
2018-03-01,Esomeprazole 40mg gastro-resistant capsules,Esomeprazole,Gastro-resistant capsule,105154.83,892425,,105154.83,0.117830439532734,Mar 18
2018-04-01,Esomeprazole 40mg gastro-resistant capsules,Esomeprazole,Gastro-resistant capsule,101254.87,859425,,101254.87,0.117816993920354,Apr 18
2018-05-01,Esomeprazole 40mg gastro-resistant capsules,Esomeprazole,Gastro-resistant capsule,105294.88,894139,,105294.88,0.117761198202964,May 18
2018-06-01,Esomeprazole 40mg gastro-resistant capsules,Esomeprazole,Gastro-resistant capsule,104054.84,883473,,104054.84,0.117779309611046,Jun 18
2018-07-01,Esomeprazole 40mg gastro-resistant capsules,Esomeprazole,Gastro-resistant capsule,104244.61,885039,,104244.61,0.117785329234079,Jul 18
2018-08-01,Esomeprazole 40mg gastro-resistant capsules,Esomeprazole,Gastro-resistant capsule,90884.77,913862,,90884.77,0.0994513066524267,Aug 18
2018-09-01,Esomeprazole 40mg gastro-resistant capsules,Esomeprazole,Gastro-resistant capsule,85240.11,857830,,85240.11,0.0993671356795635,Sep 18
2018-10-01,Esomeprazole 40mg gastro-resistant capsules,Esomeprazole,Gastro-resistant capsule,94837.66,953912,,94837.66,0.0994197158647758,Oct 18
2018-11-01,Esomeprazole 40mg gastro-resistant capsules,Esomeprazole,Gastro-resistant capsule,93963.54,944851,,93963.54,0.0994479976207889,Nov 18
2018-12-01,Esomeprazole 40mg gastro-resistant capsules,Esomeprazole,Gastro-resistant capsule,96029.23,966138,,96029.23,0.099394941509391,Dec 18
2019-01-01,Esomeprazole 40mg gastro-resistant capsules,Esomeprazole,Gastro-resistant capsule,97913.53,985266,,97913.53,0.0993777619444901,Jan 19
2019-02-01,Esomeprazole 40mg gastro-resistant capsules,Esomeprazole,Gastro-resistant capsule,88409.07,889135,,88409.07,0.0994326733285721,Feb 19
2019-03-01,Esomeprazole 40mg gastro-resistant capsules,Esomeprazole,Gastro-resistant capsule,95354.54,959362,,95354.54,0.0993937012306095,Mar 19
2019-04-01,Esomeprazole 40mg gastro-resistant capsules,Esomeprazole,Gastro-resistant capsule,79153.05,957231,,79153.05,0.0826896015695271,Apr 19
2019-05-01,Esomeprazole 40mg gastro-resistant capsules,Esomeprazole,Gastro-resistant capsule,86713.31,1048478,,86713.31,0.0827039861589847,May 19
2019-06-01,Esomeprazole 40mg gastro-resistant capsules,Esomeprazole,Gastro-resistant capsule,81560.55,987569,,81560.55,0.082587191375995,Jun 19
2019-07-01,Esomeprazole 40mg gastro-resistant capsules,Esomeprazole,Gastro-resistant capsule,74057.15,1006610,,74057.15,0.0735708467032912,Jul 19
2019-08-01,Esomeprazole 40mg gastro-resistant capsules,Esomeprazole,Gastro-resistant capsule,89822.7,1097776,,89822.7,0.0818224300768098,Aug 19
2019-09-01,Esomeprazole 40mg gastro-resistant capsules,Esomeprazole,Gastro-resistant capsule,85069.74,1039742,,85069.74,0.0818181241115584,Sep 19
2019-10-01,Esomeprazole 40mg gastro-resistant capsules,Esomeprazole,Gastro-resistant capsule,80178.1,1113774,,80178.1,0.0719877641244992,Oct 19
2019-11-01,Esomeprazole 40mg gastro-resistant capsules,Esomeprazole,Gastro-resistant capsule,78178.22,1086763,,78178.22,0.0719367700225348,Nov 19
2019-12-01,Esomeprazole 40mg gastro-resistant capsules,Esomeprazole,Gastro-resistant capsule,90985.13,1148085,,90985.13,0.0792494719467635,Dec 19
2020-01-01,Esomeprazole 40mg gastro-resistant capsules,Esomeprazole,Gastro-resistant capsule,100533.69,1190493,,100533.69,0.0844471072068462,Jan 20
2020-02-01,Esomeprazole 40mg gastro-resistant capsules,Esomeprazole,Gastro-resistant capsule,91209.6,1081051,,91209.6,0.0843712276294088,Feb 20
2020-03-01,Esomeprazole 40mg gastro-resistant capsules,Esomeprazole,Gastro-resistant capsule,144479.93,1298189,TRUE,109529.799624995,0.111293448026443,Mar 20
2020-04-01,Esomeprazole 40mg gastro-resistant capsules,Esomeprazole,Gastro-resistant capsule,133015.49,1188583,TRUE,100282.206849446,0.111910981395494,Apr 20
2020-05-01,Esomeprazole 40mg gastro-resistant capsules,Esomeprazole,Gastro-resistant capsule,121450.75,1159484,TRUE,97827.0884966574,0.10474551610889,May 20
2020-06-01,Esomeprazole 40mg gastro-resistant capsules,Esomeprazole,Gastro-resistant capsule,156445.42,1233693,TRUE,104088.192927808,0.126810657108373,Jun 20
2020-07-01,Esomeprazole 40mg gastro-resistant capsules,Esomeprazole,Gastro-resistant capsule,161170.02,1270659,TRUE,107207.059728357,0.126839710732777,Jul 20
2020-08-01,Esomeprazole 40mg gastro-resistant capsules,Esomeprazole,Gastro-resistant capsule,198911.9,1193561,TRUE,100702.206820585,0.166654155087172,Aug 20
2020-09-01,Esomeprazole 40mg gastro-resistant capsules,Esomeprazole,Gastro-resistant capsule,146329.87,1297741,,109492.001315017,0.1127573760866,Sep 20
2020-10-01,Esomeprazole 40mg gastro-resistant capsules,Esomeprazole,Gastro-resistant capsule,139066.48,1314080,,110870.542803254,0.105828016559114,Oct 20
2020-11-01,Esomeprazole 40mg gastro-resistant capsules,Esomeprazole,Gastro-resistant capsule,220833.51,1282742,TRUE,108226.517271803,0.172157386286564,Nov 20
2020-12-01,Esomeprazole 40mg gastro-resistant capsules,Esomeprazole,Gastro-resistant capsule,159764.79,1419850,TRUE,119794.487549616,0.112522301651583,Dec 20
2021-01-01,Esomeprazole 40mg gastro-resistant capsules,Esomeprazole,Gastro-resistant capsule,223231,1315953,TRUE,111028.570112603,0.169634477827096,Jan 21
2021-02-01,Esomeprazole 40mg gastro-resistant capsules,Esomeprazole,Gastro-resistant capsule,275063.26,1243779,TRUE,104939.161129678,0.221151233458677,Feb 21
