shortages_data.csv
month_full,product_pack,active_ingredients,dosage,value,quantity,shortage,base_no_shortage_estimate,price_per_piece,xaxis_months
2014-01-01,Mebeverine 135mg tablets,Mebeverine,Tablet,856182.22,12255714,TRUE,856182.22,0.0698598400713333,Jan 14
2014-02-01,Mebeverine 135mg tablets,Mebeverine,Tablet,1774796.37,10128042,TRUE,1774796.37,0.175235881723239,Feb 14
2014-03-01,Mebeverine 135mg tablets,Mebeverine,Tablet,2015230.55,11457423,TRUE,2015230.55,0.175888640054574,Mar 14
2014-04-01,Mebeverine 135mg tablets,Mebeverine,Tablet,2048051.42,11963981,TRUE,2048051.42,0.171184777040351,Apr 14
2014-05-01,Mebeverine 135mg tablets,Mebeverine,Tablet,2025719.06,12300824,TRUE,2025719.06,0.16468157417747,May 14
2014-06-01,Mebeverine 135mg tablets,Mebeverine,Tablet,1821993.44,11870786,TRUE,1821993.44,0.153485492873008,Jun 14
2014-07-01,Mebeverine 135mg tablets,Mebeverine,Tablet,1945357.12,12679046,,1945357.12,0.153430874846578,Jul 14
2014-08-01,Mebeverine 135mg tablets,Mebeverine,Tablet,1794746.18,11724500,,1794746.18,0.153076564459039,Aug 14
2014-09-01,Mebeverine 135mg tablets,Mebeverine,Tablet,1861842.91,12211489,,1861842.91,0.152466493643814,Sep 14
2014-10-01,Mebeverine 135mg tablets,Mebeverine,Tablet,1901156.3,12529513,,1901156.3,0.151734253358451,Oct 14
2014-11-01,Mebeverine 135mg tablets,Mebeverine,Tablet,1691875.25,11231827,,1691875.25,0.150632239082742,Nov 14
2014-12-01,Mebeverine 135mg tablets,Mebeverine,Tablet,1867401,12525137,,1867401,0.149092261425963,Dec 14
2015-01-01,Mebeverine 135mg tablets,Mebeverine,Tablet,1168498.58,11724441,,1168498.58,0.0996634790520077,Jan 15
2015-02-01,Mebeverine 135mg tablets,Mebeverine,Tablet,1400255.94,10947504,TRUE,1091066.33557577,0.127906410447532,Feb 15
2015-03-01,Mebeverine 135mg tablets,Mebeverine,Tablet,2016026.69,12090133,TRUE,1204944.71698149,0.166749752876995,Mar 15
2015-04-01,Mebeverine 135mg tablets,Mebeverine,Tablet,1990134.81,11606506,TRUE,1156744.767598,0.171467176254421,Apr 15
2015-05-01,Mebeverine 135mg tablets,Mebeverine,Tablet,1607888.6,11433324,TRUE,1139484.84696882,0.140631770778122,May 15
2015-06-01,Mebeverine 135mg tablets,Mebeverine,Tablet,1406572.58,12086958,TRUE,1204628.2854355,0.116371098501376,Jun 15
2015-07-01,Mebeverine 135mg tablets,Mebeverine,Tablet,1428844.61,12550535,,1250829.98206399,0.113847306907634,Jul 15
2015-08-01,Mebeverine 135mg tablets,Mebeverine,Tablet,1291331.94,11346912,,1130872.72641697,0.113804702107499,Aug 15
2015-09-01,Mebeverine 135mg tablets,Mebeverine,Tablet,1362813.48,11978920,,1193860.84248568,0.113767641824138,Sep 15
2015-10-01,Mebeverine 135mg tablets,Mebeverine,Tablet,1499275.25,12003206,,1196281.26973793,0.124906233384647,Oct 15
2015-11-01,Mebeverine 135mg tablets,Mebeverine,Tablet,1435516.55,11501211,,1146250.70157122,0.124814382589799,Nov 15
2015-12-01,Mebeverine 135mg tablets,Mebeverine,Tablet,1576071.33,12661467,,1261885.85112219,0.124477782076911,Dec 15
2016-01-01,Mebeverine 135mg tablets,Mebeverine,Tablet,882486.14,11238373,,882486.14,0.0785243682515254,Jan 16
2016-02-01,Mebeverine 135mg tablets,Mebeverine,Tablet,872471.08,11125491,,872471.08,0.0784209056481193,Feb 16
2016-03-01,Mebeverine 135mg tablets,Mebeverine,Tablet,905686.88,11561446,,905686.88,0.078336817038284,Mar 16
2016-04-01,Mebeverine 135mg tablets,Mebeverine,Tablet,1014163.97,11898996,,1014163.97,0.0852310539477448,Apr 16
2016-05-01,Mebeverine 135mg tablets,Mebeverine,Tablet,971437.93,11400302,,971437.93,0.0852115961489441,May 16
2016-06-01,Mebeverine 135mg tablets,Mebeverine,Tablet,928650.09,11910824,,928650.09,0.0779669055642162,Jun 16
2016-07-01,Mebeverine 135mg tablets,Mebeverine,Tablet,833864.97,11626631,,833864.97,0.0717202575707443,Jul 16
2016-08-01,Mebeverine 135mg tablets,Mebeverine,Tablet,847010.19,11833839,,847010.19,0.0715752673329424,Aug 16
2016-09-01,Mebeverine 135mg tablets,Mebeverine,Tablet,859867.1,12012005,,859867.1,0.0715839778621471,Sep 16
2016-10-01,Mebeverine 135mg tablets,Mebeverine,Tablet,829312.71,11404378,,829312.71,0.0727188023757192,Oct 16
2016-11-01,Mebeverine 135mg tablets,Mebeverine,Tablet,860610.67,11841329,,860610.67,0.0726785540710844,Nov 16
2016-12-01,Mebeverine 135mg tablets,Mebeverine,Tablet,872881.66,12027633,,872881.66,0.0725730208096639,Dec 16
2017-01-01,Mebeverine 135mg tablets,Mebeverine,Tablet,636353.64,11292333,,636353.64,0.0563527164847158,Jan 17
2017-02-01,Mebeverine 135mg tablets,Mebeverine,Tablet,600661.85,10690890,,600661.85,0.0561844570470747,Feb 17
2017-03-01,Mebeverine 135mg tablets,Mebeverine,Tablet,697241.28,12440791,,697241.28,0.0560447707866807,Mar 17
2017-04-01,Mebeverine 135mg tablets,Mebeverine,Tablet,616281.2,10867038,,616281.2,0.056711055947352,Apr 17
2017-05-01,Mebeverine 135mg tablets,Mebeverine,Tablet,669594.19,11833543,,669594.19,0.0565844219267214,May 17
2017-06-01,Mebeverine 135mg tablets,Mebeverine,Tablet,679066.5,12016841,,679066.5,0.0565095685296993,Jun 17
2017-07-01,Mebeverine 135mg tablets,Mebeverine,Tablet,663840.07,11802741,,663840.07,0.0562445681049851,Jul 17
2017-08-01,Mebeverine 135mg tablets,Mebeverine,Tablet,609488.61,11881782,,609488.61,0.0512960606414088,Aug 17
2017-09-01,Mebeverine 135mg tablets,Mebeverine,Tablet,592015.38,11588068,,592015.38,0.0510883591639262,Sep 17
2017-10-01,Mebeverine 135mg tablets,Mebeverine,Tablet,568303.29,11684316,,568303.29,0.0486381308071435,Oct 17
2017-11-01,Mebeverine 135mg tablets,Mebeverine,Tablet,833562.58,11682233,TRUE,833562.58,0.0713530178691009,Nov 17
2017-12-01,Mebeverine 135mg tablets,Mebeverine,Tablet,642361.83,11624618,TRUE,642361.83,0.0552587474272273,Dec 17
2018-01-01,Mebeverine 135mg tablets,Mebeverine,Tablet,594732.98,11735120,TRUE,594732.98,0.0506797527421961,Jan 18
2018-02-01,Mebeverine 135mg tablets,Mebeverine,Tablet,504102.97,10605997,,504102.97,0.0475299936441619,Feb 18
2018-03-01,Mebeverine 135mg tablets,Mebeverine,Tablet,576708.14,11705780,TRUE,576708.14,0.0492669552990061,Mar 18
2018-04-01,Mebeverine 135mg tablets,Mebeverine,Tablet,532914.98,11366651,,532914.98,0.046884080456064,Apr 18
2018-05-01,Mebeverine 135mg tablets,Mebeverine,Tablet,551552.72,11783403,,551552.72,0.0468075920003754,May 18
2018-06-01,Mebeverine 135mg tablets,Mebeverine,Tablet,541681.92,11598699,,541681.92,0.0467019551072064,Jun 18
2018-07-01,Mebeverine 135mg tablets,Mebeverine,Tablet,532424.95,11755792,,532424.95,0.0452904364078575,Jul 18
2018-08-01,Mebeverine 135mg tablets,Mebeverine,Tablet,617791.45,12059341,,617791.45,0.0512292877363697,Aug 18
2018-09-01,Mebeverine 135mg tablets,Mebeverine,Tablet,571689.14,11168127,,571689.14,0.0511893480437678,Sep 18
2018-10-01,Mebeverine 135mg tablets,Mebeverine,Tablet,608030.82,12064504,,608030.82,0.0503983271919011,Oct 18
2018-11-01,Mebeverine 135mg tablets,Mebeverine,Tablet,528914.63,11734888,,528914.63,0.0450719793831863,Nov 18
2018-12-01,Mebeverine 135mg tablets,Mebeverine,Tablet,525297.89,11632416,,525297.89,0.0451581073097798,Dec 18
2019-01-01,Mebeverine 135mg tablets,Mebeverine,Tablet,506084.1,11894337,,506084.1,0.0425483236266132,Jan 19
2019-02-01,Mebeverine 135mg tablets,Mebeverine,Tablet,457806.57,10783637,,457806.57,0.0424538186884443,Feb 19
2019-03-01,Mebeverine 135mg tablets,Mebeverine,Tablet,502135.81,11857521,,502135.81,0.0423474527264173,Mar 19
2019-04-01,Mebeverine 135mg tablets,Mebeverine,Tablet,524250.96,11477667,,524250.96,0.0456757422915302,Apr 19
2019-05-01,Mebeverine 135mg tablets,Mebeverine,Tablet,563014.04,12347121,,563014.04,0.0455988112532468,May 19
2019-06-01,Mebeverine 135mg tablets,Mebeverine,Tablet,523602.2,11497736,,523602.2,0.0455395914465248,Jun 19
2019-07-01,Mebeverine 135mg tablets,Mebeverine,Tablet,549755.02,11876311,,549755.02,0.0462900491575204,Jul 19
2019-08-01,Mebeverine 135mg tablets,Mebeverine,Tablet,646852.6,12576361,,646852.6,0.051434003842606,Aug 19
2019-09-01,Mebeverine 135mg tablets,Mebeverine,Tablet,608005.72,11839759,,608005.72,0.0513528797334473,Sep 19
2019-10-01,Mebeverine 135mg tablets,Mebeverine,Tablet,619135.2,12406137,,619135.2,0.0499055588375334,Oct 19
2019-11-01,Mebeverine 135mg tablets,Mebeverine,Tablet,588781.45,11821738,,588781.45,0.0498049821439115,Nov 19
2019-12-01,Mebeverine 135mg tablets,Mebeverine,Tablet,597003.1,11946540,,597003.1,0.0499728875473568,Dec 19
2020-01-01,Mebeverine 135mg tablets,Mebeverine,Tablet,610081.82,12173186,,610081.82,0.0501168568360001,Jan 20
2020-02-01,Mebeverine 135mg tablets,Mebeverine,Tablet,549233.27,10973569,,549233.27,0.0500505596675065,Feb 20
2020-03-01,Mebeverine 135mg tablets,Mebeverine,Tablet,637751.05,12714071,,637751.05,0.0501610420454629,Mar 20
2020-04-01,Mebeverine 135mg tablets,Mebeverine,Tablet,609215.1,11527425,,609215.1,0.0528491922523894,Apr 20
2020-05-01,Mebeverine 135mg tablets,Mebeverine,Tablet,586488.25,11100021,,586488.25,0.0528366793179941,May 20
2020-06-01,Mebeverine 135mg tablets,Mebeverine,Tablet,675742.93,11561919,,675742.93,0.0584455685946252,Jun 20
2020-07-01,Mebeverine 135mg tablets,Mebeverine,Tablet,669961.16,12229324,,669961.16,0.0547831719889014,Jul 20
2020-08-01,Mebeverine 135mg tablets,Mebeverine,Tablet,601065.37,10978574,,601065.37,0.0547489473587371,Aug 20
2020-09-01,Mebeverine 135mg tablets,Mebeverine,Tablet,650675.88,11885143,,650675.88,0.0547469963129598,Sep 20
2020-10-01,Mebeverine 135mg tablets,Mebeverine,Tablet,594891.54,12052099,,594891.54,0.0493599944706727,Oct 20
2020-11-01,Mebeverine 135mg tablets,Mebeverine,Tablet,572390.24,11608005,,572390.24,0.0493099580849595,Nov 20
2020-12-01,Mebeverine 135mg tablets,Mebeverine,Tablet,622910.54,12629664,,622910.54,0.0493212281815257,Dec 20
2021-01-01,Mebeverine 135mg tablets,Mebeverine,Tablet,589422.86,11637782,,589422.86,0.0506473535936659,Jan 21
2021-02-01,Mebeverine 135mg tablets,Mebeverine,Tablet,553716.09,10949098,,553716.09,0.0505718452789445,Feb 21
