shortages_data.csv
month_full,product_pack,active_ingredients,dosage,value,quantity,shortage,base_no_shortage_estimate,price_per_piece,xaxis_months
2014-01-01,Ranitidine 150mg tablets,Ranitidine,Tablet,475025.89,14691591,,475025.89,0.032333182294552,Jan 14
2014-02-01,Ranitidine 150mg tablets,Ranitidine,Tablet,427558.03,13232755,,427558.03,0.0323105830947524,Feb 14
2014-03-01,Ranitidine 150mg tablets,Ranitidine,Tablet,459436.79,14217339,,459436.79,0.0323152447866651,Mar 14
2014-04-01,Ranitidine 150mg tablets,Ranitidine,Tablet,301242.01,14162870,,301242.01,0.0212698422000626,Apr 14
2014-05-01,Ranitidine 150mg tablets,Ranitidine,Tablet,312899.16,14713893,,312899.16,0.0212655590196286,May 14
2014-06-01,Ranitidine 150mg tablets,Ranitidine,Tablet,300871.7,14157218,,300871.7,0.0212521768047931,Jun 14
2014-07-01,Ranitidine 150mg tablets,Ranitidine,Tablet,468725.26,15166419,,468725.26,0.0309054668738876,Jul 14
2014-08-01,Ranitidine 150mg tablets,Ranitidine,Tablet,439086.66,14203716,,439086.66,0.0309135060149048,Aug 14
2014-09-01,Ranitidine 150mg tablets,Ranitidine,Tablet,459306.59,14841646,,459306.59,0.0309471462936119,Sep 14
2014-10-01,Ranitidine 150mg tablets,Ranitidine,Tablet,455312.87,15630155,,455312.87,0.0291304129741516,Oct 14
2014-11-01,Ranitidine 150mg tablets,Ranitidine,Tablet,416651.84,14313851,,416651.84,0.0291082979695681,Nov 14
2014-12-01,Ranitidine 150mg tablets,Ranitidine,Tablet,470054.43,16117869,,470054.43,0.0291635594010598,Dec 14
2015-01-01,Ranitidine 150mg tablets,Ranitidine,Tablet,424911.48,15273954,,424911.48,0.0278193505100251,Jan 15
2015-02-01,Ranitidine 150mg tablets,Ranitidine,Tablet,392415.48,14103720,,392415.48,0.0278235444265768,Feb 15
2015-03-01,Ranitidine 150mg tablets,Ranitidine,Tablet,431778.35,15526368,,431778.35,0.0278093595359842,Mar 15
2015-04-01,Ranitidine 150mg tablets,Ranitidine,Tablet,395004.14,15157791,,395004.14,0.0260594792473389,Apr 15
2015-05-01,Ranitidine 150mg tablets,Ranitidine,Tablet,389115.82,14930616,,389115.82,0.0260616052278084,May 15
2015-06-01,Ranitidine 150mg tablets,Ranitidine,Tablet,408208.97,15664971,,408208.97,0.0260587121418865,Jun 15
2015-07-01,Ranitidine 150mg tablets,Ranitidine,Tablet,378689.75,16235979,,378689.75,0.0233241093746179,Jul 15
2015-08-01,Ranitidine 150mg tablets,Ranitidine,Tablet,345797.77,14822626,,345797.77,0.0233290491172077,Aug 15
2015-09-01,Ranitidine 150mg tablets,Ranitidine,Tablet,372229.54,15954817,,372229.54,0.0233302293595721,Sep 15
2015-10-01,Ranitidine 150mg tablets,Ranitidine,Tablet,416158.03,16246750,,416158.03,0.0256148478926555,Oct 15
2015-11-01,Ranitidine 150mg tablets,Ranitidine,Tablet,402098.4,15691929,,402098.4,0.0256245360274062,Nov 15
2015-12-01,Ranitidine 150mg tablets,Ranitidine,Tablet,447703.86,17467354,,447703.86,0.0256308917767396,Dec 15
2016-01-01,Ranitidine 150mg tablets,Ranitidine,Tablet,347028.98,15649293,,347028.98,0.0221753775074695,Jan 16
2016-02-01,Ranitidine 150mg tablets,Ranitidine,Tablet,343990.64,15510899,,343990.64,0.0221773502619029,Feb 16
2016-03-01,Ranitidine 150mg tablets,Ranitidine,Tablet,363618.84,16393120,,363618.84,0.0221811857657359,Mar 16
2016-04-01,Ranitidine 150mg tablets,Ranitidine,Tablet,356857.59,16718852,,356857.59,0.0213446228245815,Apr 16
2016-05-01,Ranitidine 150mg tablets,Ranitidine,Tablet,343782.69,16104692,,343782.69,0.021346741061549,May 16
2016-06-01,Ranitidine 150mg tablets,Ranitidine,Tablet,322745.97,16801129,,322745.97,0.0192097786999909,Jun 16
2016-07-01,Ranitidine 150mg tablets,Ranitidine,Tablet,350531.17,16522098,,350531.17,0.0212158994578049,Jul 16
2016-08-01,Ranitidine 150mg tablets,Ranitidine,Tablet,356356.47,16794690,,356356.47,0.021218401173228,Aug 16
2016-09-01,Ranitidine 150mg tablets,Ranitidine,Tablet,363455.33,17128201,,363455.33,0.0212197025245091,Sep 16
2016-10-01,Ranitidine 150mg tablets,Ranitidine,Tablet,365629.27,16733343,,365629.27,0.0218503421581689,Oct 16
2016-11-01,Ranitidine 150mg tablets,Ranitidine,Tablet,380111.17,17392969,,380111.17,0.021854300435998,Nov 16
2016-12-01,Ranitidine 150mg tablets,Ranitidine,Tablet,393092.38,17987953,,393092.38,0.0218530913439678,Dec 16
2017-01-01,Ranitidine 150mg tablets,Ranitidine,Tablet,350173.19,16920355,,350173.19,0.0206953808002255,Jan 17
2017-02-01,Ranitidine 150mg tablets,Ranitidine,Tablet,329144.56,15905618,,329144.56,0.0206936039831964,Feb 17
2017-03-01,Ranitidine 150mg tablets,Ranitidine,Tablet,381038.41,18413070,,381038.41,0.0206939098151476,Mar 17
2017-04-01,Ranitidine 150mg tablets,Ranitidine,Tablet,329572.13,16328563,,329572.13,0.0201837804098254,Apr 17
2017-05-01,Ranitidine 150mg tablets,Ranitidine,Tablet,362206.54,17948780,,362206.54,0.0201800088919693,May 17
2017-06-01,Ranitidine 150mg tablets,Ranitidine,Tablet,365697.7,18118445,,365697.7,0.0201837243759053,Jun 17
2017-07-01,Ranitidine 150mg tablets,Ranitidine,Tablet,348688.09,17868256,,348688.09,0.0195143885334976,Jul 17
2017-08-01,Ranitidine 150mg tablets,Ranitidine,Tablet,326185.65,18245480,,326185.65,0.017877614072088,Aug 17
2017-09-01,Ranitidine 150mg tablets,Ranitidine,Tablet,323160.95,18074809,,323160.95,0.0178790796627505,Sep 17
2017-10-01,Ranitidine 150mg tablets,Ranitidine,Tablet,313303.03,18545120,,313303.03,0.0168940955895675,Oct 17
2017-11-01,Ranitidine 150mg tablets,Ranitidine,Tablet,319981.07,18955099,,319981.07,0.0168810023097215,Nov 17
2017-12-01,Ranitidine 150mg tablets,Ranitidine,Tablet,321547.99,19040232,,321547.99,0.0168878189089293,Dec 17
2018-01-01,Ranitidine 150mg tablets,Ranitidine,Tablet,300603.75,19311503,,300603.75,0.0155660463092904,Jan 18
2018-02-01,Ranitidine 150mg tablets,Ranitidine,Tablet,269690.27,17334207,,269690.27,0.015558269841822,Feb 18
2018-03-01,Ranitidine 150mg tablets,Ranitidine,Tablet,299420.89,19238940,,299420.89,0.0155632737562464,Mar 18
2018-04-01,Ranitidine 150mg tablets,Ranitidine,Tablet,237523.38,18654696,,237523.38,0.0127326320407473,Apr 18
2018-05-01,Ranitidine 150mg tablets,Ranitidine,Tablet,248658.97,19522574,,248658.97,0.0127369971808021,May 18
2018-06-01,Ranitidine 150mg tablets,Ranitidine,Tablet,242922.83,19082134,,242922.83,0.0127303806796452,Jun 18
2018-07-01,Ranitidine 150mg tablets,Ranitidine,Tablet,268243.5,19358972,,268243.5,0.0138562884434153,Jul 18
2018-08-01,Ranitidine 150mg tablets,Ranitidine,Tablet,316148.41,19723026,,316148.41,0.0160294069480008,Aug 18
2018-09-01,Ranitidine 150mg tablets,Ranitidine,Tablet,299759.92,18697689,,299759.92,0.016031923517393,Sep 18
2018-10-01,Ranitidine 150mg tablets,Ranitidine,Tablet,375109.74,20623265,,375109.74,0.0181886689619709,Oct 18
2018-11-01,Ranitidine 150mg tablets,Ranitidine,Tablet,438321.47,20234505,TRUE,368038.713054344,0.0216620801942029,Nov 18
2018-12-01,Ranitidine 150mg tablets,Ranitidine,Tablet,390151.48,20318849,TRUE,369572.818149273,0.0192014557517505,Dec 18
2019-01-01,Ranitidine 150mg tablets,Ranitidine,Tablet,366584.02,20873241,,366584.02,0.0175623910057858,Jan 19
2019-02-01,Ranitidine 150mg tablets,Ranitidine,Tablet,330037.79,18783561,,330037.79,0.0175705655599596,Feb 19
2019-03-01,Ranitidine 150mg tablets,Ranitidine,Tablet,358879.67,20434066,,358879.67,0.0175628125112251,Mar 19
2019-04-01,Ranitidine 150mg tablets,Ranitidine,Tablet,359461.63,20094215,,359461.63,0.0178888117799078,Apr 19
2019-05-01,Ranitidine 150mg tablets,Ranitidine,Tablet,385390.49,21540208,,385390.49,0.0178916791332749,May 19
2019-06-01,Ranitidine 150mg tablets,Ranitidine,Tablet,360030.1,20129340,,360030.1,0.017885837290244,Jun 19
2019-07-01,Ranitidine 150mg tablets,Ranitidine,Tablet,445513.35,20719909,,376867.565723161,0.021501703989144,Jul 19
2019-08-01,Ranitidine 150mg tablets,Ranitidine,Tablet,537887.98,22114352,,402230.627836498,0.0243230269645703,Aug 19
2019-09-01,Ranitidine 150mg tablets,Ranitidine,Tablet,505516.98,20784219,,378037.279024105,0.0243221542267237,Sep 19
2019-10-01,Ranitidine 150mg tablets,Ranitidine,Tablet,788636.89,19039566,TRUE,346304.363153596,0.0414209488808726,Oct 19
2019-11-01,Ranitidine 150mg tablets,Ranitidine,Tablet,1078465.38,15913623,TRUE,289447.620732606,0.0677699465420288,Nov 19
2019-12-01,Ranitidine 150mg tablets,Ranitidine,Tablet,1007202.4,14564910,TRUE,264916.326450899,0.0691526689831932,Dec 19
2020-01-01,Ranitidine 150mg tablets,Ranitidine,Tablet,905147.46,13402166,TRUE,243767.560747381,0.0675374010439805,Jan 20
2020-02-01,Ranitidine 150mg tablets,Ranitidine,Tablet,1320564.53,11662128,TRUE,212118.585584131,0.113235297194474,Feb 20
2020-03-01,Ranitidine 150mg tablets,Ranitidine,Tablet,1364001.31,11189790,TRUE,203527.386063972,0.121896953383397,Mar 20
2020-04-01,Ranitidine 150mg tablets,Ranitidine,Tablet,958262.32,7860042,TRUE,142963.701965187,0.121915674241944,Apr 20
2020-05-01,Ranitidine 150mg tablets,Ranitidine,Tablet,608689.21,4994580,TRUE,90844.7622240804,0.121869949024743,May 20
2020-06-01,Ranitidine 150mg tablets,Ranitidine,Tablet,83322.49,2902302,,52789.010305666,0.0287091040146753,Jun 20
2020-07-01,Ranitidine 150mg tablets,Ranitidine,Tablet,29191.77,577275,,10499.8638750217,0.0505682213849552,Jul 20
2020-08-01,Ranitidine 150mg tablets,Ranitidine,Tablet,18083.73,145080,,2638.81209300273,0.124646608767577,Aug 20
2020-09-01,Ranitidine 150mg tablets,Ranitidine,Tablet,46298.12,513005,,9330.87812083586,0.0902488669701075,Sep 20
2020-10-01,Ranitidine 150mg tablets,Ranitidine,Tablet,40698.81,425339,,7736.35026761573,0.0956855825588531,Oct 20
2020-11-01,Ranitidine 150mg tablets,Ranitidine,Tablet,28983.67,300428,,5464.38543890698,0.0964745962426938,Nov 20
2020-12-01,Ranitidine 150mg tablets,Ranitidine,Tablet,22803.04,220296,,4006.89101764633,0.103510912590333,Dec 20
2021-01-01,Ranitidine 150mg tablets,Ranitidine,Tablet,19184.15,170166,,3095.09304258273,0.112737855975929,Jan 21
2021-02-01,Ranitidine 150mg tablets,Ranitidine,Tablet,11330.47,102854,,1870.77735741455,0.110160713244016,Feb 21
