shortages_data.csv
month_full,product_pack,active_ingredients,dosage,value,quantity,shortage,base_no_shortage_estimate,price_per_piece,xaxis_months
2014-01-01,Ranitidine 300mg tablets,Ranitidine,Tablet,137879.45,2560776,,137879.45,0.0538428390456643,Jan 14
2014-02-01,Ranitidine 300mg tablets,Ranitidine,Tablet,123647.41,2296886,,123647.41,0.0538326281757127,Feb 14
2014-03-01,Ranitidine 300mg tablets,Ranitidine,Tablet,133927.8,2487899,,133927.8,0.0538316868972575,Mar 14
2014-04-01,Ranitidine 300mg tablets,Ranitidine,Tablet,171454.51,2501462,,171454.51,0.0685417208016752,Apr 14
2014-05-01,Ranitidine 300mg tablets,Ranitidine,Tablet,177901.72,2596477,,177901.72,0.0685165784253047,May 14
2014-06-01,Ranitidine 300mg tablets,Ranitidine,Tablet,170793.37,2492259,,170793.37,0.068529542876563,Jun 14
2014-07-01,Ranitidine 300mg tablets,Ranitidine,Tablet,169126.39,2680318,,169126.39,0.0630993747756796,Jul 14
2014-08-01,Ranitidine 300mg tablets,Ranitidine,Tablet,158063.48,2504810,,158063.48,0.0631039799425905,Aug 14
2014-09-01,Ranitidine 300mg tablets,Ranitidine,Tablet,164126.73,2598135,,164126.73,0.0631709784133619,Sep 14
2014-10-01,Ranitidine 300mg tablets,Ranitidine,Tablet,181865.94,2740377,,181865.94,0.0663652993730425,Oct 14
2014-11-01,Ranitidine 300mg tablets,Ranitidine,Tablet,166354.29,2500542,,166354.29,0.066527292882903,Nov 14
2014-12-01,Ranitidine 300mg tablets,Ranitidine,Tablet,192535.17,2905936,,192535.17,0.0662558191233393,Dec 14
2015-01-01,Ranitidine 300mg tablets,Ranitidine,Tablet,142230.37,2702689,,142230.37,0.0526255037113038,Jan 15
2015-02-01,Ranitidine 300mg tablets,Ranitidine,Tablet,131203.43,2493310,,131203.43,0.0526221889777043,Feb 15
2015-03-01,Ranitidine 300mg tablets,Ranitidine,Tablet,145630.27,2768269,,145630.27,0.0526069793072855,Mar 15
2015-04-01,Ranitidine 300mg tablets,Ranitidine,Tablet,134156.17,2731846,,134156.17,0.0491082476830685,Apr 15
2015-05-01,Ranitidine 300mg tablets,Ranitidine,Tablet,132088.5,2688829,,132088.5,0.0491249164599162,May 15
2015-06-01,Ranitidine 300mg tablets,Ranitidine,Tablet,138078.33,2811694,,138078.33,0.0491085907641443,Jun 15
2015-07-01,Ranitidine 300mg tablets,Ranitidine,Tablet,133820.2,2933438,,133820.2,0.045618894962157,Jul 15
2015-08-01,Ranitidine 300mg tablets,Ranitidine,Tablet,122297.08,2681023,,122297.08,0.04561582649608,Aug 15
2015-09-01,Ranitidine 300mg tablets,Ranitidine,Tablet,130891.8,2868765,,130891.8,0.0456265326717246,Sep 15
2015-10-01,Ranitidine 300mg tablets,Ranitidine,Tablet,133239.96,2899230,,133239.96,0.0459570161732598,Oct 15
2015-11-01,Ranitidine 300mg tablets,Ranitidine,Tablet,129783.74,2823969,,129783.74,0.0459579195097397,Nov 15
2015-12-01,Ranitidine 300mg tablets,Ranitidine,Tablet,143526.8,3123063,,143526.8,0.0459570620253258,Dec 15
2016-01-01,Ranitidine 300mg tablets,Ranitidine,Tablet,127173.21,2805496,,127173.21,0.0453300272037458,Jan 16
2016-02-01,Ranitidine 300mg tablets,Ranitidine,Tablet,126914.18,2797681,,126914.18,0.0453640640230248,Feb 16
2016-03-01,Ranitidine 300mg tablets,Ranitidine,Tablet,133525.65,2944983,,133525.65,0.0453400410121213,Mar 16
2016-04-01,Ranitidine 300mg tablets,Ranitidine,Tablet,129986.3,3023451,,129986.3,0.0429926927871495,Apr 16
2016-05-01,Ranitidine 300mg tablets,Ranitidine,Tablet,124770.57,2901795,,124770.57,0.0429977203765256,May 16
2016-06-01,Ranitidine 300mg tablets,Ranitidine,Tablet,117519.02,3009956,,117519.02,0.0390434345219664,Jun 16
2016-07-01,Ranitidine 300mg tablets,Ranitidine,Tablet,126572.94,2986351,,126572.94,0.0423838122176529,Jul 16
2016-08-01,Ranitidine 300mg tablets,Ranitidine,Tablet,127956.15,3018965,,127956.15,0.0423841117734058,Aug 16
2016-09-01,Ranitidine 300mg tablets,Ranitidine,Tablet,130403.43,3077284,,130403.43,0.0423761440283055,Sep 16
2016-10-01,Ranitidine 300mg tablets,Ranitidine,Tablet,128533.29,2990022,,128533.29,0.0429874061127309,Oct 16
2016-11-01,Ranitidine 300mg tablets,Ranitidine,Tablet,133538.37,3106000,,133538.37,0.0429936799742434,Nov 16
2016-12-01,Ranitidine 300mg tablets,Ranitidine,Tablet,138768.12,3225182,,138768.12,0.0430264462594669,Dec 16
2017-01-01,Ranitidine 300mg tablets,Ranitidine,Tablet,129183.27,3048563,,129183.27,0.0423751354326612,Jan 17
2017-02-01,Ranitidine 300mg tablets,Ranitidine,Tablet,120618.31,2846567,,120618.31,0.0423732552228702,Feb 17
2017-03-01,Ranitidine 300mg tablets,Ranitidine,Tablet,140362.43,3312099,,140362.43,0.0423786939943522,Mar 17
2017-04-01,Ranitidine 300mg tablets,Ranitidine,Tablet,120989.26,2947112,,120989.26,0.0410534991544264,Apr 17
2017-05-01,Ranitidine 300mg tablets,Ranitidine,Tablet,131979.73,3214735,,131979.73,0.0410546219206249,May 17
2017-06-01,Ranitidine 300mg tablets,Ranitidine,Tablet,133558.34,3253280,,133558.34,0.0410534414498598,Jun 17
2017-07-01,Ranitidine 300mg tablets,Ranitidine,Tablet,127740.21,3216176,,127740.21,0.0397180409281084,Jul 17
2017-08-01,Ranitidine 300mg tablets,Ranitidine,Tablet,118581.74,3288025,,118581.74,0.0360647318679146,Aug 17
2017-09-01,Ranitidine 300mg tablets,Ranitidine,Tablet,116724.11,3235032,,116724.11,0.0360812845127962,Sep 17
2017-10-01,Ranitidine 300mg tablets,Ranitidine,Tablet,114102.51,3315830,,114102.51,0.0344114475108796,Oct 17
2017-11-01,Ranitidine 300mg tablets,Ranitidine,Tablet,116446.56,3386466,,116446.56,0.0343858642017962,Nov 17
2017-12-01,Ranitidine 300mg tablets,Ranitidine,Tablet,118020.89,3431836,,118020.89,0.0343900145578052,Dec 17
2018-01-01,Ranitidine 300mg tablets,Ranitidine,Tablet,109052.4,3432032,,109052.4,0.0317748785559109,Jan 18
2018-02-01,Ranitidine 300mg tablets,Ranitidine,Tablet,98596.3,3107514,,98596.3,0.0317283526317178,Feb 18
2018-03-01,Ranitidine 300mg tablets,Ranitidine,Tablet,109839.87,3460579,,109839.87,0.0317403157101745,Mar 18
2018-04-01,Ranitidine 300mg tablets,Ranitidine,Tablet,84551.24,3362196,,84551.24,0.0251476237554265,Apr 18
2018-05-01,Ranitidine 300mg tablets,Ranitidine,Tablet,87640.03,3486030,,87640.03,0.0251403545006784,May 18
2018-06-01,Ranitidine 300mg tablets,Ranitidine,Tablet,85720.12,3409322,,85720.12,0.02514286418238,Jun 18
2018-07-01,Ranitidine 300mg tablets,Ranitidine,Tablet,94459.33,3441786,,94459.33,0.0274448585705212,Jul 18
2018-08-01,Ranitidine 300mg tablets,Ranitidine,Tablet,112708.35,3549395,,112708.35,0.0317542426244473,Aug 18
2018-09-01,Ranitidine 300mg tablets,Ranitidine,Tablet,107673.23,3392773,,107673.23,0.0317360548436338,Sep 18
2018-10-01,Ranitidine 300mg tablets,Ranitidine,Tablet,131242.63,3673672,,131242.63,0.0357251899461901,Oct 18
2018-11-01,Ranitidine 300mg tablets,Ranitidine,Tablet,119263.99,3605280,,119263.99,0.0330803682376958,Nov 18
2018-12-01,Ranitidine 300mg tablets,Ranitidine,Tablet,119300.8,3608435,,119300.8,0.0330616458381542,Dec 18
2019-01-01,Ranitidine 300mg tablets,Ranitidine,Tablet,130320.19,3713915,,130320.19,0.0350897072227017,Jan 19
2019-02-01,Ranitidine 300mg tablets,Ranitidine,Tablet,117872.27,3359562,,117872.27,0.0350856063975006,Feb 19
2019-03-01,Ranitidine 300mg tablets,Ranitidine,Tablet,127688.57,3638983,,127688.57,0.0350890812075792,Mar 19
2019-04-01,Ranitidine 300mg tablets,Ranitidine,Tablet,128314.17,3558005,,128314.17,0.0360635159309782,Apr 19
2019-05-01,Ranitidine 300mg tablets,Ranitidine,Tablet,138393.12,3836466,,138393.12,0.0360730735004559,May 19
2019-06-01,Ranitidine 300mg tablets,Ranitidine,Tablet,129121.01,3579858,,129121.01,0.0360687518890414,Jun 19
2019-07-01,Ranitidine 300mg tablets,Ranitidine,Tablet,122231.48,3660714,,122231.48,0.0333900654353222,Jul 19
2019-08-01,Ranitidine 300mg tablets,Ranitidine,Tablet,176890.41,3928323,,176890.41,0.0450294973198487,Aug 19
2019-09-01,Ranitidine 300mg tablets,Ranitidine,Tablet,165571.63,3676937,,165571.63,0.0450297707031695,Sep 19
2019-10-01,Ranitidine 300mg tablets,Ranitidine,Tablet,292979.62,3536878,TRUE,159264.805345085,0.0828356590190558,Oct 19
2019-11-01,Ranitidine 300mg tablets,Ranitidine,Tablet,379114.67,2957880,TRUE,133192.658167491,0.128171078610356,Nov 19
2019-12-01,Ranitidine 300mg tablets,Ranitidine,Tablet,444800.89,2697070,TRUE,121448.443670397,0.1649200391536,Dec 19
2020-01-01,Ranitidine 300mg tablets,Ranitidine,Tablet,395403.6,2472382,TRUE,111330.794550644,0.159928198797759,Jan 20
2020-02-01,Ranitidine 300mg tablets,Ranitidine,Tablet,436610.18,2135503,TRUE,96161.2104259306,0.204453086696671,Feb 20
2020-03-01,Ranitidine 300mg tablets,Ranitidine,Tablet,546161.82,2411101,TRUE,108571.325172183,0.226519677110167,Mar 20
2020-04-01,Ranitidine 300mg tablets,Ranitidine,Tablet,536202.98,2366609,TRUE,106567.860614057,0.226570160089816,Apr 20
2020-05-01,Ranitidine 300mg tablets,Ranitidine,Tablet,366471.33,1836199,TRUE,82683.6199353892,0.199581488716637,May 20
2020-06-01,Ranitidine 300mg tablets,Ranitidine,Tablet,68877.13,1198547,,53970.2965869717,0.0574671915244041,Jun 20
2020-07-01,Ranitidine 300mg tablets,Ranitidine,Tablet,31700.29,122329,,5508.44682034802,0.259139615299725,Jul 20
2020-08-01,Ranitidine 300mg tablets,Ranitidine,Tablet,14356.46,79838,,3595.08683339965,0.179819885267667,Aug 20
2020-09-01,Ranitidine 300mg tablets,Ranitidine,Tablet,53331.77,305008,,13734.4403026323,0.174853675969155,Sep 20
2020-10-01,Ranitidine 300mg tablets,Ranitidine,Tablet,33198.45,184526,,8309.16346877306,0.17991204491508,Oct 20
2020-11-01,Ranitidine 300mg tablets,Ranitidine,Tablet,22492.33,119736,,5391.68462491471,0.18784935190753,Nov 20
2020-12-01,Ranitidine 300mg tablets,Ranitidine,Tablet,16451.98,83621,,3765.43445596974,0.196744597648916,Dec 20
2021-01-01,Ranitidine 300mg tablets,Ranitidine,Tablet,12272.36,57261,,2578.44970023419,0.214323186811268,Jan 21
2021-02-01,Ranitidine 300mg tablets,Ranitidine,Tablet,7249.96,36954,,1664.03014656493,0.196188775234075,Feb 21
