shortages_data.csv
month_full,product_pack,active_ingredients,dosage,value,quantity,shortage,base_no_shortage_estimate,price_per_piece,xaxis_months
2014-01-01,Pantoprazole 40mg gastro-resistant tablets,Pantoprazole,Gastro-resistant tablet,90102.52,1575703,,90102.52,0.0571824258759424,Jan 14
2014-02-01,Pantoprazole 40mg gastro-resistant tablets,Pantoprazole,Gastro-resistant tablet,81645.34,1427938,,81645.34,0.0571770903218487,Feb 14
2014-03-01,Pantoprazole 40mg gastro-resistant tablets,Pantoprazole,Gastro-resistant tablet,88524.26,1548844,,88524.26,0.0571550524132837,Mar 14
2014-04-01,Pantoprazole 40mg gastro-resistant tablets,Pantoprazole,Gastro-resistant tablet,76757.7,1545219,,76757.7,0.0496743180092919,Apr 14
2014-05-01,Pantoprazole 40mg gastro-resistant tablets,Pantoprazole,Gastro-resistant tablet,80832.78,1627466,,80832.78,0.0496678763181535,May 14
2014-06-01,Pantoprazole 40mg gastro-resistant tablets,Pantoprazole,Gastro-resistant tablet,77156.85,1553339,,77156.85,0.049671610640047,Jun 14
2014-07-01,Pantoprazole 40mg gastro-resistant tablets,Pantoprazole,Gastro-resistant tablet,86633.19,1684131,,86633.19,0.051440885536814,Jul 14
2014-08-01,Pantoprazole 40mg gastro-resistant tablets,Pantoprazole,Gastro-resistant tablet,81455.81,1583510,,81455.81,0.0514400351118717,Aug 14
2014-09-01,Pantoprazole 40mg gastro-resistant tablets,Pantoprazole,Gastro-resistant tablet,85283.14,1656830,,85283.14,0.0514736816692117,Sep 14
2014-10-01,Pantoprazole 40mg gastro-resistant tablets,Pantoprazole,Gastro-resistant tablet,96781.51,1725327,,96781.51,0.0560945896053328,Oct 14
2014-11-01,Pantoprazole 40mg gastro-resistant tablets,Pantoprazole,Gastro-resistant tablet,89087.46,1588164,,89087.46,0.0560946224697198,Nov 14
2014-12-01,Pantoprazole 40mg gastro-resistant tablets,Pantoprazole,Gastro-resistant tablet,102501.81,1827625,,102501.81,0.0560847055604952,Dec 14
2015-01-01,Pantoprazole 40mg gastro-resistant tablets,Pantoprazole,Gastro-resistant tablet,95182.54,1717847,,95182.54,0.055408042741874,Jan 15
2015-02-01,Pantoprazole 40mg gastro-resistant tablets,Pantoprazole,Gastro-resistant tablet,89397.31,1613382,,89397.31,0.0554098843299355,Feb 15
2015-03-01,Pantoprazole 40mg gastro-resistant tablets,Pantoprazole,Gastro-resistant tablet,98720.82,1781580,,98720.82,0.0554119489441956,Mar 15
2015-04-01,Pantoprazole 40mg gastro-resistant tablets,Pantoprazole,Gastro-resistant tablet,100527.78,1769283,,100527.78,0.0568183721880558,Apr 15
2015-05-01,Pantoprazole 40mg gastro-resistant tablets,Pantoprazole,Gastro-resistant tablet,98072.59,1725526,,98072.59,0.0568363443958538,May 15
2015-06-01,Pantoprazole 40mg gastro-resistant tablets,Pantoprazole,Gastro-resistant tablet,102828.91,1809215,,102828.91,0.0568362024413903,Jun 15
2015-07-01,Pantoprazole 40mg gastro-resistant tablets,Pantoprazole,Gastro-resistant tablet,102342.1,1883557,,102342.1,0.0543344852319309,Jul 15
2015-08-01,Pantoprazole 40mg gastro-resistant tablets,Pantoprazole,Gastro-resistant tablet,93838.84,1726930,,93838.84,0.0543385313822795,Aug 15
2015-09-01,Pantoprazole 40mg gastro-resistant tablets,Pantoprazole,Gastro-resistant tablet,101329.83,1864528,,101329.83,0.0543461026061287,Sep 15
2015-10-01,Pantoprazole 40mg gastro-resistant tablets,Pantoprazole,Gastro-resistant tablet,99092.85,1871562,,99092.85,0.0529466028910611,Oct 15
2015-11-01,Pantoprazole 40mg gastro-resistant tablets,Pantoprazole,Gastro-resistant tablet,96342.33,1820007,,96342.33,0.052935142557144,Nov 15
2015-12-01,Pantoprazole 40mg gastro-resistant tablets,Pantoprazole,Gastro-resistant tablet,107686.98,2034460,,107686.98,0.0529314805894439,Dec 15
2016-01-01,Pantoprazole 40mg gastro-resistant tablets,Pantoprazole,Gastro-resistant tablet,87983.37,1819757,,87983.37,0.0483489663729828,Jan 16
2016-02-01,Pantoprazole 40mg gastro-resistant tablets,Pantoprazole,Gastro-resistant tablet,87401.6,1808753,,87401.6,0.0483214678842274,Feb 16
2016-03-01,Pantoprazole 40mg gastro-resistant tablets,Pantoprazole,Gastro-resistant tablet,92702.6,1915714,,92702.6,0.0483906261581844,Mar 16
2016-04-01,Pantoprazole 40mg gastro-resistant tablets,Pantoprazole,Gastro-resistant tablet,88262.41,1939881,,88262.41,0.0454988785394568,Apr 16
2016-05-01,Pantoprazole 40mg gastro-resistant tablets,Pantoprazole,Gastro-resistant tablet,85125,1870464,,85125,0.0455100980291521,May 16
2016-06-01,Pantoprazole 40mg gastro-resistant tablets,Pantoprazole,Gastro-resistant tablet,81055.62,1966791,,81055.62,0.0412121165899173,Jun 16
2016-07-01,Pantoprazole 40mg gastro-resistant tablets,Pantoprazole,Gastro-resistant tablet,80094.01,1925859,,80094.01,0.0415887196310841,Jul 16
2016-08-01,Pantoprazole 40mg gastro-resistant tablets,Pantoprazole,Gastro-resistant tablet,81608.67,1962005,,81608.67,0.0415945270271992,Aug 16
2016-09-01,Pantoprazole 40mg gastro-resistant tablets,Pantoprazole,Gastro-resistant tablet,82892.08,1992780,,82892.08,0.0415962022902679,Sep 16
2016-10-01,Pantoprazole 40mg gastro-resistant tablets,Pantoprazole,Gastro-resistant tablet,80694.38,1939806,,80694.38,0.0415992011572291,Oct 16
2016-11-01,Pantoprazole 40mg gastro-resistant tablets,Pantoprazole,Gastro-resistant tablet,84514.68,2029173,,84514.68,0.0416498149738835,Nov 16
2016-12-01,Pantoprazole 40mg gastro-resistant tablets,Pantoprazole,Gastro-resistant tablet,87086.3,2090055,,87086.3,0.041666989624675,Dec 16
2017-01-01,Pantoprazole 40mg gastro-resistant tablets,Pantoprazole,Gastro-resistant tablet,79065.45,1960952,,79065.45,0.0403199313394719,Jan 17
2017-02-01,Pantoprazole 40mg gastro-resistant tablets,Pantoprazole,Gastro-resistant tablet,74523.2,1847708,,74523.2,0.0403327798548255,Feb 17
2017-03-01,Pantoprazole 40mg gastro-resistant tablets,Pantoprazole,Gastro-resistant tablet,85760.18,2127247,,85760.18,0.0403151021014485,Mar 17
2017-04-01,Pantoprazole 40mg gastro-resistant tablets,Pantoprazole,Gastro-resistant tablet,74876.46,1903999,,74876.46,0.0393258925030948,Apr 17
2017-05-01,Pantoprazole 40mg gastro-resistant tablets,Pantoprazole,Gastro-resistant tablet,80897.02,2059741,,80897.02,0.0392753360738073,May 17
2017-06-01,Pantoprazole 40mg gastro-resistant tablets,Pantoprazole,Gastro-resistant tablet,82341.52,2095828,,82341.52,0.0392883003757942,Jun 17
2017-07-01,Pantoprazole 40mg gastro-resistant tablets,Pantoprazole,Gastro-resistant tablet,79115.51,2031137,,79115.51,0.0389513410469112,Jul 17
2017-08-01,Pantoprazole 40mg gastro-resistant tablets,Pantoprazole,Gastro-resistant tablet,73100.92,2068812,,73100.92,0.0353347331705346,Aug 17
2017-09-01,Pantoprazole 40mg gastro-resistant tablets,Pantoprazole,Gastro-resistant tablet,72077.33,2036975,,72077.33,0.0353844941641405,Sep 17
2017-10-01,Pantoprazole 40mg gastro-resistant tablets,Pantoprazole,Gastro-resistant tablet,75975.16,2083623,,75975.16,0.036463006983509,Oct 17
2017-11-01,Pantoprazole 40mg gastro-resistant tablets,Pantoprazole,Gastro-resistant tablet,75631.08,2073047,,75631.08,0.0364830512766956,Nov 17
2017-12-01,Pantoprazole 40mg gastro-resistant tablets,Pantoprazole,Gastro-resistant tablet,76434.45,2100224,,76434.45,0.0363934751721721,Dec 17
2018-01-01,Pantoprazole 40mg gastro-resistant tablets,Pantoprazole,Gastro-resistant tablet,70840.97,2104178,,70840.97,0.0336668143094358,Jan 18
2018-02-01,Pantoprazole 40mg gastro-resistant tablets,Pantoprazole,Gastro-resistant tablet,64233.24,1908601,,64233.24,0.0336546192734888,Feb 18
2018-03-01,Pantoprazole 40mg gastro-resistant tablets,Pantoprazole,Gastro-resistant tablet,70534.08,2099332,,70534.08,0.0335983446162875,Mar 18
2018-04-01,Pantoprazole 40mg gastro-resistant tablets,Pantoprazole,Gastro-resistant tablet,56921.82,2032152,,56921.82,0.0280106114109574,Apr 18
2018-05-01,Pantoprazole 40mg gastro-resistant tablets,Pantoprazole,Gastro-resistant tablet,58992.41,2112763,,58992.41,0.0279219249863804,May 18
2018-06-01,Pantoprazole 40mg gastro-resistant tablets,Pantoprazole,Gastro-resistant tablet,57877.94,2066469,,57877.94,0.0280081336811731,Jun 18
2018-07-01,Pantoprazole 40mg gastro-resistant tablets,Pantoprazole,Gastro-resistant tablet,65952.63,2090083,,65952.63,0.0315550291543446,Jul 18
2018-08-01,Pantoprazole 40mg gastro-resistant tablets,Pantoprazole,Gastro-resistant tablet,77877.65,2134218,,77877.65,0.0364900164837894,Aug 18
2018-09-01,Pantoprazole 40mg gastro-resistant tablets,Pantoprazole,Gastro-resistant tablet,73287.28,2007130,,73287.28,0.0365134694812992,Sep 18
2018-10-01,Pantoprazole 40mg gastro-resistant tablets,Pantoprazole,Gastro-resistant tablet,80813.41,2188961,,80813.41,0.036918615726822,Oct 18
2018-11-01,Pantoprazole 40mg gastro-resistant tablets,Pantoprazole,Gastro-resistant tablet,72918.75,2137756,,72918.75,0.0341099498726702,Nov 18
2018-12-01,Pantoprazole 40mg gastro-resistant tablets,Pantoprazole,Gastro-resistant tablet,73396.86,2158861,,73396.86,0.0339979554033354,Dec 18
2019-01-01,Pantoprazole 40mg gastro-resistant tablets,Pantoprazole,Gastro-resistant tablet,79244.75,2191691,,79244.75,0.0361568989424148,Jan 19
2019-02-01,Pantoprazole 40mg gastro-resistant tablets,Pantoprazole,Gastro-resistant tablet,71382.18,1968242,,71382.18,0.036266973268531,Feb 19
2019-03-01,Pantoprazole 40mg gastro-resistant tablets,Pantoprazole,Gastro-resistant tablet,77673.46,2150219,,77673.46,0.0361235111400281,Mar 19
2019-04-01,Pantoprazole 40mg gastro-resistant tablets,Pantoprazole,Gastro-resistant tablet,260040.64,1993522,TRUE,72013.014174891,0.130442824307933,Apr 19
2019-05-01,Pantoprazole 40mg gastro-resistant tablets,Pantoprazole,Gastro-resistant tablet,536827.54,2161299,TRUE,78073.7085034315,0.248381894407021,May 19
2019-06-01,Pantoprazole 40mg gastro-resistant tablets,Pantoprazole,Gastro-resistant tablet,428511.1,2079117,TRUE,75105.0061109217,0.206102446375072,Jun 19
2019-07-01,Pantoprazole 40mg gastro-resistant tablets,Pantoprazole,Gastro-resistant tablet,292765.64,2123453,TRUE,76706.578100826,0.137872437016501,Jul 19
2019-08-01,Pantoprazole 40mg gastro-resistant tablets,Pantoprazole,Gastro-resistant tablet,225376.06,2243225,TRUE,81033.1632770895,0.100469663096658,Aug 19
2019-09-01,Pantoprazole 40mg gastro-resistant tablets,Pantoprazole,Gastro-resistant tablet,203221.3,2097664,TRUE,75774.9888720358,0.0968798148797901,Sep 19
2019-10-01,Pantoprazole 40mg gastro-resistant tablets,Pantoprazole,Gastro-resistant tablet,339594.84,2257105,,81534.5576117131,0.150455933596355,Oct 19
2019-11-01,Pantoprazole 40mg gastro-resistant tablets,Pantoprazole,Gastro-resistant tablet,326872.36,2171215,,78431.909239896,0.150548130885242,Nov 19
2019-12-01,Pantoprazole 40mg gastro-resistant tablets,Pantoprazole,Gastro-resistant tablet,341483.92,2269324,,81975.950794333,0.150478256961104,Dec 19
2020-01-01,Pantoprazole 40mg gastro-resistant tablets,Pantoprazole,Gastro-resistant tablet,297607.12,2313047,,83555.3790719085,0.128664536431815,Jan 20
2020-02-01,Pantoprazole 40mg gastro-resistant tablets,Pantoprazole,Gastro-resistant tablet,271146.45,2105970,,76075.0307555649,0.12875133548911,Feb 20
2020-03-01,Pantoprazole 40mg gastro-resistant tablets,Pantoprazole,Gastro-resistant tablet,314684.67,2445068,,88324.4411361261,0.128701807066307,Mar 20
2020-04-01,Pantoprazole 40mg gastro-resistant tablets,Pantoprazole,Gastro-resistant tablet,239629.14,2239434,,80896.2190463576,0.107004332344691,Apr 20
2020-05-01,Pantoprazole 40mg gastro-resistant tablets,Pantoprazole,Gastro-resistant tablet,236747.41,2214935,,80011.2291469381,0.1068868431805,May 20
2020-06-01,Pantoprazole 40mg gastro-resistant tablets,Pantoprazole,Gastro-resistant tablet,272030.56,2285034,,82543.4511543429,0.119048801899665,Jun 20
2020-07-01,Pantoprazole 40mg gastro-resistant tablets,Pantoprazole,Gastro-resistant tablet,280160.72,2396327,,86563.74507965,0.116912558261039,Jul 20
2020-08-01,Pantoprazole 40mg gastro-resistant tablets,Pantoprazole,Gastro-resistant tablet,251273.18,2150135,,77670.4256250642,0.116863908545277,Aug 20
2020-09-01,Pantoprazole 40mg gastro-resistant tablets,Pantoprazole,Gastro-resistant tablet,278905.66,2386304,,86201.6791274935,0.116877673590624,Sep 20
2020-10-01,Pantoprazole 40mg gastro-resistant tablets,Pantoprazole,Gastro-resistant tablet,213942.63,2420723,,87445.0142574222,0.0883796411237469,Oct 20
2020-11-01,Pantoprazole 40mg gastro-resistant tablets,Pantoprazole,Gastro-resistant tablet,207049.41,2343643,,84660.6140187488,0.0883451148489766,Nov 20
2020-12-01,Pantoprazole 40mg gastro-resistant tablets,Pantoprazole,Gastro-resistant tablet,223964.79,2535092,,91576.424102996,0.088345823346845,Dec 20
2021-01-01,Pantoprazole 40mg gastro-resistant tablets,Pantoprazole,Gastro-resistant tablet,229750.83,2380241,,85982.6622794516,0.0965241880969196,Jan 21
2021-02-01,Pantoprazole 40mg gastro-resistant tablets,Pantoprazole,Gastro-resistant tablet,215101.87,2227889,,80479.173110246,0.0965496351030056,Feb 21
