shortages_data.csv
month_full,product_pack,active_ingredients,dosage,value,quantity,shortage,base_no_shortage_estimate,price_per_piece,xaxis_months
2014-01-01,Pantoprazole 20mg gastro-resistant tablets,Pantoprazole,Gastro-resistant tablet,65437.7,1521667,,65437.7,0.0430039555303493,Jan 14
2014-02-01,Pantoprazole 20mg gastro-resistant tablets,Pantoprazole,Gastro-resistant tablet,58894.12,1370368,,58894.12,0.0429768646086307,Feb 14
2014-03-01,Pantoprazole 20mg gastro-resistant tablets,Pantoprazole,Gastro-resistant tablet,63834.81,1484437,,63834.81,0.0430027074237573,Mar 14
2014-04-01,Pantoprazole 20mg gastro-resistant tablets,Pantoprazole,Gastro-resistant tablet,57835.72,1494716,,57835.72,0.0386934507960041,Apr 14
2014-05-01,Pantoprazole 20mg gastro-resistant tablets,Pantoprazole,Gastro-resistant tablet,60797.87,1568791,,60797.87,0.0387546014733639,May 14
2014-06-01,Pantoprazole 20mg gastro-resistant tablets,Pantoprazole,Gastro-resistant tablet,57879.77,1495666,,57879.77,0.0386983256957101,Jun 14
2014-07-01,Pantoprazole 20mg gastro-resistant tablets,Pantoprazole,Gastro-resistant tablet,63704.13,1615198,,63704.13,0.0394404463106071,Jul 14
2014-08-01,Pantoprazole 20mg gastro-resistant tablets,Pantoprazole,Gastro-resistant tablet,60128.5,1523983,,60128.5,0.0394548364384642,Aug 14
2014-09-01,Pantoprazole 20mg gastro-resistant tablets,Pantoprazole,Gastro-resistant tablet,62504.22,1586455,,62504.22,0.0393986718816481,Sep 14
2014-10-01,Pantoprazole 20mg gastro-resistant tablets,Pantoprazole,Gastro-resistant tablet,71945.34,1660890,,71945.34,0.0433173419070498,Oct 14
2014-11-01,Pantoprazole 20mg gastro-resistant tablets,Pantoprazole,Gastro-resistant tablet,65881.64,1520184,,65881.64,0.0433379380390795,Nov 14
2014-12-01,Pantoprazole 20mg gastro-resistant tablets,Pantoprazole,Gastro-resistant tablet,75229.57,1735605,,75229.57,0.0433448682159823,Dec 14
2015-01-01,Pantoprazole 20mg gastro-resistant tablets,Pantoprazole,Gastro-resistant tablet,69976.09,1627082,,69976.09,0.0430071072017268,Jan 15
2015-02-01,Pantoprazole 20mg gastro-resistant tablets,Pantoprazole,Gastro-resistant tablet,65050.1,1513768,,65050.1,0.0429723048710238,Feb 15
2015-03-01,Pantoprazole 20mg gastro-resistant tablets,Pantoprazole,Gastro-resistant tablet,71796.77,1671014,,71796.77,0.0429659895129544,Mar 15
2015-04-01,Pantoprazole 20mg gastro-resistant tablets,Pantoprazole,Gastro-resistant tablet,72212.47,1653404,,72212.47,0.0436750304220868,Apr 15
2015-05-01,Pantoprazole 20mg gastro-resistant tablets,Pantoprazole,Gastro-resistant tablet,71176.64,1628609,,71176.64,0.0437039461282604,May 15
2015-06-01,Pantoprazole 20mg gastro-resistant tablets,Pantoprazole,Gastro-resistant tablet,73690.74,1686685,,73690.74,0.043689687167432,Jun 15
2015-07-01,Pantoprazole 20mg gastro-resistant tablets,Pantoprazole,Gastro-resistant tablet,75178.8,1778813,,75178.8,0.0422634644563538,Jul 15
2015-08-01,Pantoprazole 20mg gastro-resistant tablets,Pantoprazole,Gastro-resistant tablet,67951.85,1608395,,67951.85,0.0422482350417652,Aug 15
2015-09-01,Pantoprazole 20mg gastro-resistant tablets,Pantoprazole,Gastro-resistant tablet,72409.41,1715897,,72409.41,0.0421991588073177,Sep 15
2015-10-01,Pantoprazole 20mg gastro-resistant tablets,Pantoprazole,Gastro-resistant tablet,75714.97,1749509,,75714.97,0.0432778396681583,Oct 15
2015-11-01,Pantoprazole 20mg gastro-resistant tablets,Pantoprazole,Gastro-resistant tablet,73402.85,1693248,,73402.85,0.0433503243470537,Nov 15
2015-12-01,Pantoprazole 20mg gastro-resistant tablets,Pantoprazole,Gastro-resistant tablet,76338.44,1758331,,76338.44,0.0434152841529837,Dec 15
2016-01-01,Pantoprazole 20mg gastro-resistant tablets,Pantoprazole,Gastro-resistant tablet,66617.14,1690744,,66617.14,0.0394010802345003,Jan 16
2016-02-01,Pantoprazole 20mg gastro-resistant tablets,Pantoprazole,Gastro-resistant tablet,66447.91,1685309,,66447.91,0.0394277310570347,Feb 16
2016-03-01,Pantoprazole 20mg gastro-resistant tablets,Pantoprazole,Gastro-resistant tablet,70105.32,1778318,,70105.32,0.0394222630598127,Mar 16
2016-04-01,Pantoprazole 20mg gastro-resistant tablets,Pantoprazole,Gastro-resistant tablet,68887.12,1811997,,68887.12,0.0380172373353819,Apr 16
2016-05-01,Pantoprazole 20mg gastro-resistant tablets,Pantoprazole,Gastro-resistant tablet,66620.48,1753308,,66620.48,0.0379970204892694,May 16
2016-06-01,Pantoprazole 20mg gastro-resistant tablets,Pantoprazole,Gastro-resistant tablet,62322.89,1809293,,62322.89,0.0344459907820348,Jun 16
2016-07-01,Pantoprazole 20mg gastro-resistant tablets,Pantoprazole,Gastro-resistant tablet,62184.72,1786020,,62184.72,0.0348174824470051,Jul 16
2016-08-01,Pantoprazole 20mg gastro-resistant tablets,Pantoprazole,Gastro-resistant tablet,62666.8,1800611,,62666.8,0.03480307517837,Aug 16
2016-09-01,Pantoprazole 20mg gastro-resistant tablets,Pantoprazole,Gastro-resistant tablet,63425.49,1824452,,63425.49,0.034764131914679,Sep 16
2016-10-01,Pantoprazole 20mg gastro-resistant tablets,Pantoprazole,Gastro-resistant tablet,62828.69,1767095,,62828.69,0.0355547890747243,Oct 16
2016-11-01,Pantoprazole 20mg gastro-resistant tablets,Pantoprazole,Gastro-resistant tablet,65534.13,1842453,,65534.13,0.0355689561687598,Nov 16
2016-12-01,Pantoprazole 20mg gastro-resistant tablets,Pantoprazole,Gastro-resistant tablet,68360.35,1924740,,68360.35,0.0355166671862174,Dec 16
2017-01-01,Pantoprazole 20mg gastro-resistant tablets,Pantoprazole,Gastro-resistant tablet,61370.42,1799197,,61370.42,0.0341098945807491,Jan 17
2017-02-01,Pantoprazole 20mg gastro-resistant tablets,Pantoprazole,Gastro-resistant tablet,57888.75,1696410,,57888.75,0.0341242683077794,Feb 17
2017-03-01,Pantoprazole 20mg gastro-resistant tablets,Pantoprazole,Gastro-resistant tablet,66467.35,1945230,,66467.35,0.0341694041321592,Mar 17
2017-04-01,Pantoprazole 20mg gastro-resistant tablets,Pantoprazole,Gastro-resistant tablet,59370.61,1739657,,59370.61,0.0341277677151301,Apr 17
2017-05-01,Pantoprazole 20mg gastro-resistant tablets,Pantoprazole,Gastro-resistant tablet,64655.24,1895040,,64655.24,0.034118139986491,May 17
2017-06-01,Pantoprazole 20mg gastro-resistant tablets,Pantoprazole,Gastro-resistant tablet,65423.91,1915452,,65423.91,0.0341558598179438,Jun 17
2017-07-01,Pantoprazole 20mg gastro-resistant tablets,Pantoprazole,Gastro-resistant tablet,62363.38,1866745,,62363.38,0.0334075516473862,Jul 17
2017-08-01,Pantoprazole 20mg gastro-resistant tablets,Pantoprazole,Gastro-resistant tablet,57184.83,1891734,,57184.83,0.0302287900941676,Aug 17
2017-09-01,Pantoprazole 20mg gastro-resistant tablets,Pantoprazole,Gastro-resistant tablet,56413.73,1865975,,56413.73,0.03023284341966,Sep 17
2017-10-01,Pantoprazole 20mg gastro-resistant tablets,Pantoprazole,Gastro-resistant tablet,57854.79,1913266,,57854.79,0.03023875927341,Oct 17
2017-11-01,Pantoprazole 20mg gastro-resistant tablets,Pantoprazole,Gastro-resistant tablet,57906.17,1920126,,57906.17,0.0301574844567492,Nov 17
2017-12-01,Pantoprazole 20mg gastro-resistant tablets,Pantoprazole,Gastro-resistant tablet,58841.02,1948210,,58841.02,0.030202606495193,Dec 17
2018-01-01,Pantoprazole 20mg gastro-resistant tablets,Pantoprazole,Gastro-resistant tablet,54858.89,1952224,,54858.89,0.0281007148769813,Jan 18
2018-02-01,Pantoprazole 20mg gastro-resistant tablets,Pantoprazole,Gastro-resistant tablet,49243.88,1755102,,49243.88,0.0280575601873851,Feb 18
2018-03-01,Pantoprazole 20mg gastro-resistant tablets,Pantoprazole,Gastro-resistant tablet,54395.5,1933185,,54395.5,0.0281377622938312,Mar 18
2018-04-01,Pantoprazole 20mg gastro-resistant tablets,Pantoprazole,Gastro-resistant tablet,42412.6,1887877,,42412.6,0.0224657644539342,Apr 18
2018-05-01,Pantoprazole 20mg gastro-resistant tablets,Pantoprazole,Gastro-resistant tablet,44167.06,1965352,,44167.06,0.0224728496472896,May 18
2018-06-01,Pantoprazole 20mg gastro-resistant tablets,Pantoprazole,Gastro-resistant tablet,43102.8,1919102,,43102.8,0.0224598796728887,Jun 18
2018-07-01,Pantoprazole 20mg gastro-resistant tablets,Pantoprazole,Gastro-resistant tablet,49340.38,1950739,,49340.38,0.0252931735101415,Jul 18
2018-08-01,Pantoprazole 20mg gastro-resistant tablets,Pantoprazole,Gastro-resistant tablet,58416.39,2001185,,58416.39,0.0291908993921102,Aug 18
2018-09-01,Pantoprazole 20mg gastro-resistant tablets,Pantoprazole,Gastro-resistant tablet,55428.14,1898811,,55428.14,0.0291909726665792,Sep 18
2018-10-01,Pantoprazole 20mg gastro-resistant tablets,Pantoprazole,Gastro-resistant tablet,62829.38,2049731,,62829.38,0.0306525002549115,Oct 18
2018-11-01,Pantoprazole 20mg gastro-resistant tablets,Pantoprazole,Gastro-resistant tablet,58098.5,2010638,,58098.5,0.0288955545453732,Nov 18
2018-12-01,Pantoprazole 20mg gastro-resistant tablets,Pantoprazole,Gastro-resistant tablet,58599.45,2024584,,58599.45,0.0289439460155765,Dec 18
2019-01-01,Pantoprazole 20mg gastro-resistant tablets,Pantoprazole,Gastro-resistant tablet,60695.73,2052299,,60695.73,0.0295745064437492,Jan 19
2019-02-01,Pantoprazole 20mg gastro-resistant tablets,Pantoprazole,Gastro-resistant tablet,54813.91,1851980,,54813.91,0.0295974632555427,Feb 19
2019-03-01,Pantoprazole 20mg gastro-resistant tablets,Pantoprazole,Gastro-resistant tablet,59755.51,2020525,,59755.51,0.0295742492668985,Mar 19
2019-04-01,Pantoprazole 20mg gastro-resistant tablets,Pantoprazole,Gastro-resistant tablet,122214.39,1974596,TRUE,58397.1943054206,0.0618933645160833,Apr 19
2019-05-01,Pantoprazole 20mg gastro-resistant tablets,Pantoprazole,Gastro-resistant tablet,337053.3,2220271,TRUE,65662.8479940659,0.151807279381661,May 19
2019-06-01,Pantoprazole 20mg gastro-resistant tablets,Pantoprazole,Gastro-resistant tablet,264805.23,2026243,TRUE,59924.6155573081,0.130687795096639,Jun 19
2019-07-01,Pantoprazole 20mg gastro-resistant tablets,Pantoprazole,Gastro-resistant tablet,270028.49,2065620,TRUE,61089.1607706908,0.130725152738645,Jul 19
2019-08-01,Pantoprazole 20mg gastro-resistant tablets,Pantoprazole,Gastro-resistant tablet,172583.48,2183085,TRUE,64563.099960827,0.0790548604383247,Aug 19
2019-09-01,Pantoprazole 20mg gastro-resistant tablets,Pantoprazole,Gastro-resistant tablet,142571.6,2035656,TRUE,60202.9979656575,0.070037177204793,Sep 19
2019-10-01,Pantoprazole 20mg gastro-resistant tablets,Pantoprazole,Gastro-resistant tablet,209063.38,2197830,,64999.1722662674,0.0951226345986723,Oct 19
2019-11-01,Pantoprazole 20mg gastro-resistant tablets,Pantoprazole,Gastro-resistant tablet,204701.09,2152440,,63656.7970920429,0.0951018797271933,Nov 19
2019-12-01,Pantoprazole 20mg gastro-resistant tablets,Pantoprazole,Gastro-resistant tablet,214369.31,2253760,,66653.2600277651,0.0951162989848076,Dec 19
2020-01-01,Pantoprazole 20mg gastro-resistant tablets,Pantoprazole,Gastro-resistant tablet,231105.78,2309486,,68301.3146424122,0.100068058433781,Jan 20
2020-02-01,Pantoprazole 20mg gastro-resistant tablets,Pantoprazole,Gastro-resistant tablet,212540.15,2123060,,62787.9056485814,0.100110288922593,Feb 20
2020-03-01,Pantoprazole 20mg gastro-resistant tablets,Pantoprazole,Gastro-resistant tablet,250746.76,2506681,,74133.2087265983,0.100031380139715,Mar 20
2020-04-01,Pantoprazole 20mg gastro-resistant tablets,Pantoprazole,Gastro-resistant tablet,188503.58,2322921,,68698.644681313,0.0811493718469117,Apr 20
2020-05-01,Pantoprazole 20mg gastro-resistant tablets,Pantoprazole,Gastro-resistant tablet,183489.87,2261193,,66873.0854225659,0.0811473722057339,May 20
2020-06-01,Pantoprazole 20mg gastro-resistant tablets,Pantoprazole,Gastro-resistant tablet,214223.14,2369522,,70076.8342713998,0.0904077446843709,Jun 20
2020-07-01,Pantoprazole 20mg gastro-resistant tablets,Pantoprazole,Gastro-resistant tablet,233123.93,2538114,,75062.8161038047,0.0918492746976692,Jul 20
2020-08-01,Pantoprazole 20mg gastro-resistant tablets,Pantoprazole,Gastro-resistant tablet,212025.53,2308793,,68280.8196876703,0.0918339279441682,Aug 20
2020-09-01,Pantoprazole 20mg gastro-resistant tablets,Pantoprazole,Gastro-resistant tablet,228202.13,2485414,,73504.2531674392,0.0918165464586584,Sep 20
2020-10-01,Pantoprazole 20mg gastro-resistant tablets,Pantoprazole,Gastro-resistant tablet,212089.31,2625422,,77644.8846587991,0.0807829407996124,Oct 20
2020-11-01,Pantoprazole 20mg gastro-resistant tablets,Pantoprazole,Gastro-resistant tablet,201701.4,2496372,,73828.3277909058,0.0807978137873682,Nov 20
2020-12-01,Pantoprazole 20mg gastro-resistant tablets,Pantoprazole,Gastro-resistant tablet,220458.64,2729858,,80733.5009552369,0.0807582811999745,Dec 20
2021-01-01,Pantoprazole 20mg gastro-resistant tablets,Pantoprazole,Gastro-resistant tablet,196125.09,2529688,,74813.6234794818,0.0775293593518252,Jan 21
2021-02-01,Pantoprazole 20mg gastro-resistant tablets,Pantoprazole,Gastro-resistant tablet,184102.36,2374464,,70222.9902112768,0.077534281420986,Feb 21
