shortages_data.csv
month_full,product_pack,active_ingredients,dosage,value,quantity,shortage,base_no_shortage_estimate,price_per_piece,xaxis_months
2014-01-01,Esomeprazole 20mg gastro-resistant tablets,Esomeprazole,Gastro-resistant tablet,376688.74,1705428,,376688.74,0.220876366519138,Jan 14
2014-02-01,Esomeprazole 20mg gastro-resistant tablets,Esomeprazole,Gastro-resistant tablet,336172.19,1528128,,336172.19,0.21998954930477,Feb 14
2014-03-01,Esomeprazole 20mg gastro-resistant tablets,Esomeprazole,Gastro-resistant tablet,364182.77,1658228,,364182.77,0.219621650340002,Mar 14
2014-04-01,Esomeprazole 20mg gastro-resistant tablets,Esomeprazole,Gastro-resistant tablet,308112.8,1672037,,308112.8,0.184273912598824,Apr 14
2014-05-01,Esomeprazole 20mg gastro-resistant tablets,Esomeprazole,Gastro-resistant tablet,319516.15,1742999,,319516.15,0.183314017965587,May 14
2014-06-01,Esomeprazole 20mg gastro-resistant tablets,Esomeprazole,Gastro-resistant tablet,308942,1667786,,308942,0.185240792283902,Jun 14
2014-07-01,Esomeprazole 20mg gastro-resistant tablets,Esomeprazole,Gastro-resistant tablet,311278.84,1772939,,311278.84,0.175572222168952,Jul 14
2014-08-01,Esomeprazole 20mg gastro-resistant tablets,Esomeprazole,Gastro-resistant tablet,294130.09,1675671,,294130.09,0.175529737042653,Aug 14
2014-09-01,Esomeprazole 20mg gastro-resistant tablets,Esomeprazole,Gastro-resistant tablet,302542.35,1741432,,302542.35,0.173731934408004,Sep 14
2014-10-01,Esomeprazole 20mg gastro-resistant tablets,Esomeprazole,Gastro-resistant tablet,321238.31,1804450,,321238.31,0.178025608911303,Oct 14
2014-11-01,Esomeprazole 20mg gastro-resistant tablets,Esomeprazole,Gastro-resistant tablet,297505.4,1683333,,297505.4,0.17673591618533,Nov 14
2014-12-01,Esomeprazole 20mg gastro-resistant tablets,Esomeprazole,Gastro-resistant tablet,341195.09,1935093,,341195.09,0.176319737604343,Dec 14
2015-01-01,Esomeprazole 20mg gastro-resistant tablets,Esomeprazole,Gastro-resistant tablet,318536.33,1767740,,318536.33,0.180194106599387,Jan 15
2015-02-01,Esomeprazole 20mg gastro-resistant tablets,Esomeprazole,Gastro-resistant tablet,300755.99,1675476,,300755.99,0.17950480341109,Feb 15
2015-03-01,Esomeprazole 20mg gastro-resistant tablets,Esomeprazole,Gastro-resistant tablet,334588.79,1854332,,334588.79,0.180436291883007,Mar 15
2015-04-01,Esomeprazole 20mg gastro-resistant tablets,Esomeprazole,Gastro-resistant tablet,333443.98,1841675,,333443.98,0.181054735498934,Apr 15
2015-05-01,Esomeprazole 20mg gastro-resistant tablets,Esomeprazole,Gastro-resistant tablet,330594.15,1829817,,330594.15,0.180670608044411,May 15
2015-06-01,Esomeprazole 20mg gastro-resistant tablets,Esomeprazole,Gastro-resistant tablet,343434.83,1895452,,343434.83,0.181188882651737,Jun 15
2015-07-01,Esomeprazole 20mg gastro-resistant tablets,Esomeprazole,Gastro-resistant tablet,406430.19,1996883,,406430.19,0.20353230008969,Jul 15
2015-08-01,Esomeprazole 20mg gastro-resistant tablets,Esomeprazole,Gastro-resistant tablet,367512.82,1804747,,367512.82,0.203636753517252,Aug 15
2015-09-01,Esomeprazole 20mg gastro-resistant tablets,Esomeprazole,Gastro-resistant tablet,392423.14,1932866,,392423.14,0.203026562627725,Sep 15
2015-10-01,Esomeprazole 20mg gastro-resistant tablets,Esomeprazole,Gastro-resistant tablet,394939.35,1978195,,394939.35,0.199646318992819,Oct 15
2015-11-01,Esomeprazole 20mg gastro-resistant tablets,Esomeprazole,Gastro-resistant tablet,379557.07,1885586,,379557.07,0.201293958482933,Nov 15
2015-12-01,Esomeprazole 20mg gastro-resistant tablets,Esomeprazole,Gastro-resistant tablet,431103.66,2150394,,431103.66,0.200476591731562,Dec 15
2016-01-01,Esomeprazole 20mg gastro-resistant tablets,Esomeprazole,Gastro-resistant tablet,358534.38,1894671,,358534.38,0.189233054181966,Jan 16
2016-02-01,Esomeprazole 20mg gastro-resistant tablets,Esomeprazole,Gastro-resistant tablet,355186.45,1883311,,355186.45,0.188596811679006,Feb 16
2016-03-01,Esomeprazole 20mg gastro-resistant tablets,Esomeprazole,Gastro-resistant tablet,375081.81,1990916,,375081.81,0.188396602367955,Mar 16
2016-04-01,Esomeprazole 20mg gastro-resistant tablets,Esomeprazole,Gastro-resistant tablet,365645.6,2040344,,365645.6,0.179207819857828,Apr 16
2016-05-01,Esomeprazole 20mg gastro-resistant tablets,Esomeprazole,Gastro-resistant tablet,358044.48,1989533,,358044.48,0.179964082023269,May 16
2016-06-01,Esomeprazole 20mg gastro-resistant tablets,Esomeprazole,Gastro-resistant tablet,338970.08,2048240,,338970.08,0.165493340624146,Jun 16
2016-07-01,Esomeprazole 20mg gastro-resistant tablets,Esomeprazole,Gastro-resistant tablet,321550.05,2026471,,321550.05,0.158674883578398,Jul 16
2016-08-01,Esomeprazole 20mg gastro-resistant tablets,Esomeprazole,Gastro-resistant tablet,329075.57,2085371,,329075.57,0.157801930687633,Aug 16
2016-09-01,Esomeprazole 20mg gastro-resistant tablets,Esomeprazole,Gastro-resistant tablet,334261.78,2129941,,334261.78,0.156934760164718,Sep 16
2016-10-01,Esomeprazole 20mg gastro-resistant tablets,Esomeprazole,Gastro-resistant tablet,308021.84,2031816,,308021.84,0.151599278674841,Oct 16
2016-11-01,Esomeprazole 20mg gastro-resistant tablets,Esomeprazole,Gastro-resistant tablet,332908.92,2186026,,332908.92,0.152289551908349,Nov 16
2016-12-01,Esomeprazole 20mg gastro-resistant tablets,Esomeprazole,Gastro-resistant tablet,348349.12,2290972,,348349.12,0.15205298013245,Dec 16
2017-01-01,Esomeprazole 20mg gastro-resistant tablets,Esomeprazole,Gastro-resistant tablet,301002.06,2126609,,301002.06,0.141540856828876,Jan 17
2017-02-01,Esomeprazole 20mg gastro-resistant tablets,Esomeprazole,Gastro-resistant tablet,284720.36,2021684,,284720.36,0.140833265732924,Feb 17
2017-03-01,Esomeprazole 20mg gastro-resistant tablets,Esomeprazole,Gastro-resistant tablet,331171.61,2355746,,331171.61,0.140580355437301,Mar 17
2017-04-01,Esomeprazole 20mg gastro-resistant tablets,Esomeprazole,Gastro-resistant tablet,300628.65,2103223,,300628.65,0.142937125544937,Apr 17
2017-05-01,Esomeprazole 20mg gastro-resistant tablets,Esomeprazole,Gastro-resistant tablet,324497.55,2314453,,324497.55,0.14020485617984,May 17
2017-06-01,Esomeprazole 20mg gastro-resistant tablets,Esomeprazole,Gastro-resistant tablet,327075.2,2311318,,327075.2,0.141510255187733,Jun 17
2017-07-01,Esomeprazole 20mg gastro-resistant tablets,Esomeprazole,Gastro-resistant tablet,316501.46,2266681,,316501.46,0.139632114091043,Jul 17
2017-08-01,Esomeprazole 20mg gastro-resistant tablets,Esomeprazole,Gastro-resistant tablet,312295.16,2335168,,312295.16,0.133735628443007,Aug 17
2017-09-01,Esomeprazole 20mg gastro-resistant tablets,Esomeprazole,Gastro-resistant tablet,297202.36,2257993,,297202.36,0.131622356668068,Sep 17
2017-10-01,Esomeprazole 20mg gastro-resistant tablets,Esomeprazole,Gastro-resistant tablet,298835.81,2330948,,298835.81,0.128203550658359,Oct 17
2017-11-01,Esomeprazole 20mg gastro-resistant tablets,Esomeprazole,Gastro-resistant tablet,303317.08,2373102,,303317.08,0.127814598782522,Nov 17
2017-12-01,Esomeprazole 20mg gastro-resistant tablets,Esomeprazole,Gastro-resistant tablet,311023.7,2419071,,311023.7,0.128571546680523,Dec 17
2018-01-01,Esomeprazole 20mg gastro-resistant tablets,Esomeprazole,Gastro-resistant tablet,308906.69,2420979,,308906.69,0.127595774271483,Jan 18
2018-02-01,Esomeprazole 20mg gastro-resistant tablets,Esomeprazole,Gastro-resistant tablet,280850.58,2191306,,280850.58,0.128165842652738,Feb 18
2018-03-01,Esomeprazole 20mg gastro-resistant tablets,Esomeprazole,Gastro-resistant tablet,309440.8,2434557,,309440.8,0.127103534647166,Mar 18
2018-04-01,Esomeprazole 20mg gastro-resistant tablets,Esomeprazole,Gastro-resistant tablet,301513.82,2356947,,301513.82,0.127925583392414,Apr 18
2018-05-01,Esomeprazole 20mg gastro-resistant tablets,Esomeprazole,Gastro-resistant tablet,316798.9,2489795,,316798.9,0.127238949391416,May 18
2018-06-01,Esomeprazole 20mg gastro-resistant tablets,Esomeprazole,Gastro-resistant tablet,311807.97,2422970,,311807.97,0.128688332913738,Jun 18
2018-07-01,Esomeprazole 20mg gastro-resistant tablets,Esomeprazole,Gastro-resistant tablet,298683.68,2453852,,298683.68,0.12172033195156,Jul 18
2018-08-01,Esomeprazole 20mg gastro-resistant tablets,Esomeprazole,Gastro-resistant tablet,339382.02,2550227,,339382.02,0.133079141582298,Aug 18
2018-09-01,Esomeprazole 20mg gastro-resistant tablets,Esomeprazole,Gastro-resistant tablet,313863.04,2371479,,313863.04,0.132349069926405,Sep 18
2018-10-01,Esomeprazole 20mg gastro-resistant tablets,Esomeprazole,Gastro-resistant tablet,338883.92,2579127,,338883.92,0.131394816928364,Oct 18
2018-11-01,Esomeprazole 20mg gastro-resistant tablets,Esomeprazole,Gastro-resistant tablet,311276,2526327,,311276,0.123212869909556,Nov 18
2018-12-01,Esomeprazole 20mg gastro-resistant tablets,Esomeprazole,Gastro-resistant tablet,315186.77,2567449,,315186.77,0.122762621574956,Dec 18
2019-01-01,Esomeprazole 20mg gastro-resistant tablets,Esomeprazole,Gastro-resistant tablet,304041.99,2593881,,304041.99,0.117215088124706,Jan 19
2019-02-01,Esomeprazole 20mg gastro-resistant tablets,Esomeprazole,Gastro-resistant tablet,274809.05,2353712,,274809.05,0.116755597116385,Feb 19
2019-03-01,Esomeprazole 20mg gastro-resistant tablets,Esomeprazole,Gastro-resistant tablet,295906.85,2568861,,295906.85,0.115189903229486,Mar 19
2019-04-01,Esomeprazole 20mg gastro-resistant tablets,Esomeprazole,Gastro-resistant tablet,298140.44,2531449,,298140.44,0.117774618410246,Apr 19
2019-05-01,Esomeprazole 20mg gastro-resistant tablets,Esomeprazole,Gastro-resistant tablet,317519.53,2710093,,317519.53,0.11716185754511,May 19
2019-06-01,Esomeprazole 20mg gastro-resistant tablets,Esomeprazole,Gastro-resistant tablet,292699.56,2510589,,292699.56,0.11658601228636,Jun 19
2019-07-01,Esomeprazole 20mg gastro-resistant tablets,Esomeprazole,Gastro-resistant tablet,294679.82,2582320,,294679.82,0.114114370023855,Jul 19
2019-08-01,Esomeprazole 20mg gastro-resistant tablets,Esomeprazole,Gastro-resistant tablet,326400.78,2716474,,326400.78,0.12015604787677,Aug 19
2019-09-01,Esomeprazole 20mg gastro-resistant tablets,Esomeprazole,Gastro-resistant tablet,315002.36,2573273,,315002.36,0.122413113571704,Sep 19
2019-10-01,Esomeprazole 20mg gastro-resistant tablets,Esomeprazole,Gastro-resistant tablet,352391.19,2737767,,352391.19,0.128714821239353,Oct 19
2019-11-01,Esomeprazole 20mg gastro-resistant tablets,Esomeprazole,Gastro-resistant tablet,342772.02,2663357,,342772.02,0.12869923934343,Nov 19
2019-12-01,Esomeprazole 20mg gastro-resistant tablets,Esomeprazole,Gastro-resistant tablet,355463.35,2771891,,355463.35,0.128238574316234,Dec 19
2020-01-01,Esomeprazole 20mg gastro-resistant tablets,Esomeprazole,Gastro-resistant tablet,356960.36,2826124,,356960.36,0.12630739486307,Jan 20
2020-02-01,Esomeprazole 20mg gastro-resistant tablets,Esomeprazole,Gastro-resistant tablet,326593.83,2584365,,326593.83,0.126372950415286,Feb 20
2020-03-01,Esomeprazole 20mg gastro-resistant tablets,Esomeprazole,Gastro-resistant tablet,388272.16,3092240,,388272.16,0.125563397407704,Mar 20
2020-04-01,Esomeprazole 20mg gastro-resistant tablets,Esomeprazole,Gastro-resistant tablet,337671.98,2752075,,337671.98,0.122697230271704,Apr 20
2020-05-01,Esomeprazole 20mg gastro-resistant tablets,Esomeprazole,Gastro-resistant tablet,332366.61,2719356,,332366.61,0.122222544602472,May 20
2020-06-01,Esomeprazole 20mg gastro-resistant tablets,Esomeprazole,Gastro-resistant tablet,371969.13,2831726,,371969.13,0.13135774082662,Jun 20
2020-07-01,Esomeprazole 20mg gastro-resistant tablets,Esomeprazole,Gastro-resistant tablet,384390.82,2994961,,384390.82,0.128345851582041,Jul 20
2020-08-01,Esomeprazole 20mg gastro-resistant tablets,Esomeprazole,Gastro-resistant tablet,348323.92,2698326,,348323.92,0.129088894373771,Aug 20
2020-09-01,Esomeprazole 20mg gastro-resistant tablets,Esomeprazole,Gastro-resistant tablet,379902.29,2957419,,379902.29,0.128457377869014,Sep 20
2020-10-01,Esomeprazole 20mg gastro-resistant tablets,Esomeprazole,Gastro-resistant tablet,401298.26,3010405,,401298.26,0.133303744844963,Oct 20
2020-11-01,Esomeprazole 20mg gastro-resistant tablets,Esomeprazole,Gastro-resistant tablet,480995.6,2781681,TRUE,370808.494264081,0.172915442137326,Nov 20
2020-12-01,Esomeprazole 20mg gastro-resistant tablets,Esomeprazole,Gastro-resistant tablet,656906.01,2855231,TRUE,380612.984697428,0.230071055546819,Dec 20
2021-01-01,Esomeprazole 20mg gastro-resistant tablets,Esomeprazole,Gastro-resistant tablet,723358.21,2764489,TRUE,368516.736282706,0.261660730066208,Jan 21
2021-02-01,Esomeprazole 20mg gastro-resistant tablets,Esomeprazole,Gastro-resistant tablet,580950.62,2683037,TRUE,357658.879657594,0.216527248785611,Feb 21
