shortages_data.csv
month_full,product_pack,active_ingredients,dosage,value,quantity,shortage,base_no_shortage_estimate,price_per_piece,xaxis_months
2014-01-01,Loperamide 2mg capsules,Loperamide,Capsule,490995.85,9281538,,490995.85,0.0529002682529555,Jan 14
2014-02-01,Loperamide 2mg capsules,Loperamide,Capsule,435618.58,8243395,,435618.58,0.0528445597960549,Feb 14
2014-03-01,Loperamide 2mg capsules,Loperamide,Capsule,460385.88,8724178,,460385.88,0.0527712616592646,Mar 14
2014-04-01,Loperamide 2mg capsules,Loperamide,Capsule,529486.71,8880967,,529486.71,0.059620389311209,Apr 14
2014-05-01,Loperamide 2mg capsules,Loperamide,Capsule,558054.77,9343454,,558054.77,0.0597268172990416,May 14
2014-06-01,Loperamide 2mg capsules,Loperamide,Capsule,512709.73,8592935,,512709.73,0.0596664271287983,Jun 14
2014-07-01,Loperamide 2mg capsules,Loperamide,Capsule,658109.5,8943585,TRUE,658109.5,0.0735845301408775,Jul 14
2014-08-01,Loperamide 2mg capsules,Loperamide,Capsule,610783.24,9361564,,610783.24,0.0652437178232184,Aug 14
2014-09-01,Loperamide 2mg capsules,Loperamide,Capsule,618932.89,9547979,,618932.89,0.0648234448358129,Sep 14
2014-10-01,Loperamide 2mg capsules,Loperamide,Capsule,914671.54,9933986,,914671.54,0.0920749777581728,Oct 14
2014-11-01,Loperamide 2mg capsules,Loperamide,Capsule,814747.04,8843783,,814747.04,0.0921265300154922,Nov 14
2014-12-01,Loperamide 2mg capsules,Loperamide,Capsule,930948.06,10117682,,930948.06,0.0920119904934747,Dec 14
2015-01-01,Loperamide 2mg capsules,Loperamide,Capsule,846065.16,9299276,,846065.16,0.0909818312737465,Jan 15
2015-02-01,Loperamide 2mg capsules,Loperamide,Capsule,775374.83,8517741,,775374.83,0.0910305713686293,Feb 15
2015-03-01,Loperamide 2mg capsules,Loperamide,Capsule,850442.65,9350852,,850442.65,0.090948145687687,Mar 15
2015-04-01,Loperamide 2mg capsules,Loperamide,Capsule,995184.45,9259658,,995184.45,0.107475292284013,Apr 15
2015-05-01,Loperamide 2mg capsules,Loperamide,Capsule,977138.12,9096131,,977138.12,0.107423488074215,May 15
2015-06-01,Loperamide 2mg capsules,Loperamide,Capsule,1021329.02,9503076,,1021329.02,0.107473519100552,Jun 15
2015-07-01,Loperamide 2mg capsules,Loperamide,Capsule,990304.11,9864559,,990304.11,0.100390104615929,Jul 15
2015-08-01,Loperamide 2mg capsules,Loperamide,Capsule,888988.51,8852118,,888988.51,0.100426644787157,Aug 15
2015-09-01,Loperamide 2mg capsules,Loperamide,Capsule,942031.96,9378158,,942031.96,0.100449572293408,Sep 15
2015-10-01,Loperamide 2mg capsules,Loperamide,Capsule,790331.48,9353484,,790331.48,0.0844959461094925,Oct 15
2015-11-01,Loperamide 2mg capsules,Loperamide,Capsule,748420.47,8847711,,748420.47,0.0845891632310323,Nov 15
2015-12-01,Loperamide 2mg capsules,Loperamide,Capsule,828274,9796890,,828274,0.084544585067302,Dec 15
2016-01-01,Loperamide 2mg capsules,Loperamide,Capsule,538004.81,8634099,,538004.81,0.0623116332115256,Jan 16
2016-02-01,Loperamide 2mg capsules,Loperamide,Capsule,530803.06,8486678,,530803.06,0.0625454459330259,Feb 16
2016-03-01,Loperamide 2mg capsules,Loperamide,Capsule,557117.31,8938442,,557117.31,0.0623282346073287,Mar 16
2016-04-01,Loperamide 2mg capsules,Loperamide,Capsule,488734.48,9287197,,488734.48,0.0526245410752028,Apr 16
2016-05-01,Loperamide 2mg capsules,Loperamide,Capsule,467673.14,8889714,,467673.14,0.0526083448803865,May 16
2016-06-01,Loperamide 2mg capsules,Loperamide,Capsule,448018.82,9398835,,448018.82,0.0476674843211951,Jun 16
2016-07-01,Loperamide 2mg capsules,Loperamide,Capsule,371922.91,9205025,,371922.91,0.0404043345889881,Jul 16
2016-08-01,Loperamide 2mg capsules,Loperamide,Capsule,382430.9,9492747,,382430.9,0.0402866420015197,Aug 16
2016-09-01,Loperamide 2mg capsules,Loperamide,Capsule,384893.07,9538731,,384893.07,0.0403505529194607,Sep 16
2016-10-01,Loperamide 2mg capsules,Loperamide,Capsule,321166.99,9175475,,321166.99,0.0350027644345388,Oct 16
2016-11-01,Loperamide 2mg capsules,Loperamide,Capsule,329564.63,9444480,,329564.63,0.0348949471013756,Nov 16
2016-12-01,Loperamide 2mg capsules,Loperamide,Capsule,347671.31,9934625,,347671.31,0.03499591680612,Dec 16
2017-01-01,Loperamide 2mg capsules,Loperamide,Capsule,307158.07,9202833,,307158.07,0.0333764689634159,Jan 17
2017-02-01,Loperamide 2mg capsules,Loperamide,Capsule,287002.21,8616955,,287002.21,0.0333066854822846,Feb 17
2017-03-01,Loperamide 2mg capsules,Loperamide,Capsule,330347.18,9936042,,330347.18,0.0332473614745187,Mar 17
2017-04-01,Loperamide 2mg capsules,Loperamide,Capsule,291093.74,8910235,,291093.74,0.0326695917672205,Apr 17
2017-05-01,Loperamide 2mg capsules,Loperamide,Capsule,314845.63,9699623,,314845.63,0.0324595739442657,May 17
2017-06-01,Loperamide 2mg capsules,Loperamide,Capsule,322942.13,9905388,,322942.13,0.0326026734137017,Jun 17
2017-07-01,Loperamide 2mg capsules,Loperamide,Capsule,350797.88,9773601,,350797.88,0.0358923880768204,Jul 17
2017-08-01,Loperamide 2mg capsules,Loperamide,Capsule,324949.99,9866035,,324949.99,0.0329362291944028,Aug 17
2017-09-01,Loperamide 2mg capsules,Loperamide,Capsule,317980.04,9666055,,317980.04,0.0328965684552799,Sep 17
2017-10-01,Loperamide 2mg capsules,Loperamide,Capsule,307373.91,9757933,,307373.91,0.0314998996201347,Oct 17
2017-11-01,Loperamide 2mg capsules,Loperamide,Capsule,306722.51,9740630,,306722.51,0.031488980692214,Nov 17
2017-12-01,Loperamide 2mg capsules,Loperamide,Capsule,309495.34,9825824,,309495.34,0.0314981562869435,Dec 17
2018-01-01,Loperamide 2mg capsules,Loperamide,Capsule,292155.63,9799147,,292155.63,0.0298143940487881,Jan 18
2018-02-01,Loperamide 2mg capsules,Loperamide,Capsule,260511.79,8752005,,260511.79,0.0297659553439469,Feb 18
2018-03-01,Loperamide 2mg capsules,Loperamide,Capsule,285781.3,9586860,,285781.3,0.0298096874263315,Mar 18
2018-04-01,Loperamide 2mg capsules,Loperamide,Capsule,223448,9371499,,223448,0.0238433573967196,Apr 18
2018-05-01,Loperamide 2mg capsules,Loperamide,Capsule,233392.96,9796257,,233392.96,0.0238247077429675,May 18
2018-06-01,Loperamide 2mg capsules,Loperamide,Capsule,231452.32,9700383,,231452.32,0.0238601218116852,Jun 18
2018-07-01,Loperamide 2mg capsules,Loperamide,Capsule,250131.88,9816754,,250131.88,0.0254801006524152,Jul 18
2018-08-01,Loperamide 2mg capsules,Loperamide,Capsule,295953.61,10045524,,295953.61,0.0294612416435419,Aug 18
2018-09-01,Loperamide 2mg capsules,Loperamide,Capsule,275206.19,9358632,,275206.19,0.0294066686242177,Sep 18
2018-10-01,Loperamide 2mg capsules,Loperamide,Capsule,300951.22,10084679,,300951.22,0.0298424193769579,Oct 18
2018-11-01,Loperamide 2mg capsules,Loperamide,Capsule,271239.59,9776065,,271239.59,0.0277452727656782,Nov 18
2018-12-01,Loperamide 2mg capsules,Loperamide,Capsule,272230.69,9806892,,272230.69,0.0277591198108432,Dec 18
2019-01-01,Loperamide 2mg capsules,Loperamide,Capsule,271514.07,10002631,,271514.07,0.0271442653437881,Jan 19
2019-02-01,Loperamide 2mg capsules,Loperamide,Capsule,242278.15,8962641,,242278.15,0.02703200429427,Feb 19
2019-03-01,Loperamide 2mg capsules,Loperamide,Capsule,261749.47,9679952,,261749.47,0.0270403685886046,Mar 19
2019-04-01,Loperamide 2mg capsules,Loperamide,Capsule,269451.38,9505388,,269451.38,0.0283472258049856,Apr 19
2019-05-01,Loperamide 2mg capsules,Loperamide,Capsule,288797.53,10183012,,288797.53,0.0283607178308343,May 19
2019-06-01,Loperamide 2mg capsules,Loperamide,Capsule,268414.36,9516729,,268414.36,0.0282044765591203,Jun 19
2019-07-01,Loperamide 2mg capsules,Loperamide,Capsule,287652.21,9785786,,287652.21,0.029394900930799,Jul 19
2019-08-01,Loperamide 2mg capsules,Loperamide,Capsule,346568.82,10396758,,346568.82,0.033334316332072,Aug 19
2019-09-01,Loperamide 2mg capsules,Loperamide,Capsule,323528.54,9734741,,323528.54,0.0332344270895343,Sep 19
2019-10-01,Loperamide 2mg capsules,Loperamide,Capsule,343720.13,10239026,,343720.13,0.0335696119923907,Oct 19
2019-11-01,Loperamide 2mg capsules,Loperamide,Capsule,326000.45,9710598,,326000.45,0.0335716142301432,Nov 19
2019-12-01,Loperamide 2mg capsules,Loperamide,Capsule,335087.44,9955414,,335087.44,0.0336588151934214,Dec 19
2020-01-01,Loperamide 2mg capsules,Loperamide,Capsule,344109.59,10155522,,344109.59,0.0338839884350603,Jan 20
2020-02-01,Loperamide 2mg capsules,Loperamide,Capsule,308268.64,9124529,,308268.64,0.0337846084986962,Feb 20
2020-03-01,Loperamide 2mg capsules,Loperamide,Capsule,366208.52,10785840,,366208.52,0.0339527120743493,Mar 20
2020-04-01,Loperamide 2mg capsules,Loperamide,Capsule,327229.68,9785482,,327229.68,0.0334403231235825,Apr 20
2020-05-01,Loperamide 2mg capsules,Loperamide,Capsule,305492.36,9092877,,305492.36,0.0335968868818967,May 20
2020-06-01,Loperamide 2mg capsules,Loperamide,Capsule,348677.07,9403707,,348677.07,0.0370786829066452,Jun 20
2020-07-01,Loperamide 2mg capsules,Loperamide,Capsule,378016.12,9845540,,378016.12,0.0383946558543259,Jul 20
2020-08-01,Loperamide 2mg capsules,Loperamide,Capsule,345650.29,8975738,,345650.29,0.0385094005640539,Aug 20
2020-09-01,Loperamide 2mg capsules,Loperamide,Capsule,371676.61,9670010,,371676.61,0.0384360109244975,Sep 20
2020-10-01,Loperamide 2mg capsules,Loperamide,Capsule,369537.78,9764049,,369537.78,0.0378467764756199,Oct 20
2020-11-01,Loperamide 2mg capsules,Loperamide,Capsule,352151.24,9303114,,352151.24,0.0378530500647418,Nov 20
2020-12-01,Loperamide 2mg capsules,Loperamide,Capsule,374237.98,9910669,,374237.98,0.037761121877847,Dec 20
2021-01-01,Loperamide 2mg capsules,Loperamide,Capsule,739719.57,9192802,TRUE,347130.516720916,0.0804672579698769,Jan 21
2021-02-01,Loperamide 2mg capsules,Loperamide,Capsule,433916.24,8531650,TRUE,322164.675469133,0.0508595922242474,Feb 21
