shortages_data.csv
month_full,product_pack,active_ingredients,dosage,value,quantity,shortage,base_no_shortage_estimate,price_per_piece,xaxis_months
2014-01-01,Sulfasalazine 500mg tablets,Sulfasalazine,Tablet,131537.81,2393736,,131537.81,0.0549508425323428,Jan 14
2014-02-01,Sulfasalazine 500mg tablets,Sulfasalazine,Tablet,119671.48,2178433,,119671.48,0.0549346617499827,Feb 14
2014-03-01,Sulfasalazine 500mg tablets,Sulfasalazine,Tablet,130218.62,2371690,,130218.62,0.0549054134393618,Mar 14
2014-04-01,Sulfasalazine 500mg tablets,Sulfasalazine,Tablet,123749,2355652,,123749,0.0525328019588632,Apr 14
2014-05-01,Sulfasalazine 500mg tablets,Sulfasalazine,Tablet,131550.08,2507704,,131550.08,0.0524583762676935,May 14
2014-06-01,Sulfasalazine 500mg tablets,Sulfasalazine,Tablet,123696.33,2358995,,123696.33,0.0524360289021384,Jun 14
2014-07-01,Sulfasalazine 500mg tablets,Sulfasalazine,Tablet,134047.96,2555985,,134047.96,0.0524447365692678,Jul 14
2014-08-01,Sulfasalazine 500mg tablets,Sulfasalazine,Tablet,127304.98,2431709,,127304.98,0.0523520618626653,Aug 14
2014-09-01,Sulfasalazine 500mg tablets,Sulfasalazine,Tablet,129679.75,2477293,,129679.75,0.0523473606069205,Sep 14
2014-10-01,Sulfasalazine 500mg tablets,Sulfasalazine,Tablet,141211.8,2577555,,141211.8,0.0547851743221774,Oct 14
2014-11-01,Sulfasalazine 500mg tablets,Sulfasalazine,Tablet,128611.55,2346539,,128611.55,0.0548090400372634,Nov 14
2014-12-01,Sulfasalazine 500mg tablets,Sulfasalazine,Tablet,145750.99,2661505,,145750.99,0.0547626211485607,Dec 14
2015-01-01,Sulfasalazine 500mg tablets,Sulfasalazine,Tablet,134331.73,2500481,,134331.73,0.0537223558187405,Jan 15
2015-02-01,Sulfasalazine 500mg tablets,Sulfasalazine,Tablet,124455.81,2321121,,124455.81,0.0536188376219939,Feb 15
2015-03-01,Sulfasalazine 500mg tablets,Sulfasalazine,Tablet,135876.98,2535297,,135876.98,0.0535941075148198,Mar 15
2015-04-01,Sulfasalazine 500mg tablets,Sulfasalazine,Tablet,128247.61,2529553,,128247.61,0.0506997125579104,Apr 15
2015-05-01,Sulfasalazine 500mg tablets,Sulfasalazine,Tablet,127035.95,2506486,,127035.95,0.0506828883145567,May 15
2015-06-01,Sulfasalazine 500mg tablets,Sulfasalazine,Tablet,131766.87,2603407,,131766.87,0.0506132425702166,Jun 15
2015-07-01,Sulfasalazine 500mg tablets,Sulfasalazine,Tablet,146059.14,2726042,,146059.14,0.0535791965054097,Jul 15
2015-08-01,Sulfasalazine 500mg tablets,Sulfasalazine,Tablet,131725.85,2459158,,131725.85,0.0535654276789047,Aug 15
2015-09-01,Sulfasalazine 500mg tablets,Sulfasalazine,Tablet,139374.35,2599773,,139374.35,0.0536101998135991,Sep 15
2015-10-01,Sulfasalazine 500mg tablets,Sulfasalazine,Tablet,141446.81,2661228,,141446.81,0.0531509551229733,Oct 15
2015-11-01,Sulfasalazine 500mg tablets,Sulfasalazine,Tablet,136267.49,2565085,,136267.49,0.0531239666521772,Nov 15
2015-12-01,Sulfasalazine 500mg tablets,Sulfasalazine,Tablet,151695.06,2856565,,151695.06,0.0531040112862827,Dec 15
2016-01-01,Sulfasalazine 500mg tablets,Sulfasalazine,Tablet,132908.94,2558013,,132908.94,0.0519578829349186,Jan 16
2016-02-01,Sulfasalazine 500mg tablets,Sulfasalazine,Tablet,130804.78,2515919,,130804.78,0.0519908550315014,Feb 16
2016-03-01,Sulfasalazine 500mg tablets,Sulfasalazine,Tablet,138608.73,2670399,,138608.73,0.0519056253391347,Mar 16
2016-04-01,Sulfasalazine 500mg tablets,Sulfasalazine,Tablet,167246.48,2742006,,167246.48,0.0609942064313499,Apr 16
2016-05-01,Sulfasalazine 500mg tablets,Sulfasalazine,Tablet,160534.84,2635172,,160534.84,0.0609200613849874,May 16
2016-06-01,Sulfasalazine 500mg tablets,Sulfasalazine,Tablet,151906.96,2716102,,151906.96,0.0559282972436234,Jun 16
2016-07-01,Sulfasalazine 500mg tablets,Sulfasalazine,Tablet,153144.15,2737685,,153144.15,0.0559392881211681,Jul 16
2016-08-01,Sulfasalazine 500mg tablets,Sulfasalazine,Tablet,152780.17,2726706,,152780.17,0.0560310389165535,Aug 16
2016-09-01,Sulfasalazine 500mg tablets,Sulfasalazine,Tablet,156024.65,2781991,,156024.65,0.0560838083228882,Sep 16
2016-10-01,Sulfasalazine 500mg tablets,Sulfasalazine,Tablet,164827.55,2681938,,164827.55,0.0614583745038103,Oct 16
2016-11-01,Sulfasalazine 500mg tablets,Sulfasalazine,Tablet,170948.19,2781464,,170948.19,0.0614597888018684,Nov 16
2016-12-01,Sulfasalazine 500mg tablets,Sulfasalazine,Tablet,177212.05,2882859,,177212.05,0.061470939092061,Dec 16
2017-01-01,Sulfasalazine 500mg tablets,Sulfasalazine,Tablet,174959.77,2677077,,174959.77,0.0653547768704449,Jan 17
2017-02-01,Sulfasalazine 500mg tablets,Sulfasalazine,Tablet,163514.48,2502542,,163514.48,0.065339354943893,Feb 17
2017-03-01,Sulfasalazine 500mg tablets,Sulfasalazine,Tablet,190488.23,2914004,,190488.23,0.0653699274263179,Mar 17
2017-04-01,Sulfasalazine 500mg tablets,Sulfasalazine,Tablet,175314.85,2599793,,175314.85,0.0674341572579048,Apr 17
2017-05-01,Sulfasalazine 500mg tablets,Sulfasalazine,Tablet,190699.47,2829134,,190699.47,0.0674055983208996,May 17
2017-06-01,Sulfasalazine 500mg tablets,Sulfasalazine,Tablet,191528.57,2840622,,191528.57,0.0674248703276958,Jun 17
2017-07-01,Sulfasalazine 500mg tablets,Sulfasalazine,Tablet,186826.13,2809907,,186826.13,0.0664883677644847,Jul 17
2017-08-01,Sulfasalazine 500mg tablets,Sulfasalazine,Tablet,169298.62,2795486,,169298.62,0.0605614265283389,Aug 17
2017-09-01,Sulfasalazine 500mg tablets,Sulfasalazine,Tablet,167747.56,2770463,,167747.56,0.0605485653481025,Sep 17
2017-10-01,Sulfasalazine 500mg tablets,Sulfasalazine,Tablet,163819.23,2823677,,163819.23,0.0580162780657986,Oct 17
2017-11-01,Sulfasalazine 500mg tablets,Sulfasalazine,Tablet,164750.41,2840065,,164750.41,0.0580093800670055,Nov 17
2017-12-01,Sulfasalazine 500mg tablets,Sulfasalazine,Tablet,166754.47,2874255,,166754.47,0.0580165886464493,Dec 17
2018-01-01,Sulfasalazine 500mg tablets,Sulfasalazine,Tablet,174080.04,2861808,,174080.04,0.0608286929102162,Jan 18
2018-02-01,Sulfasalazine 500mg tablets,Sulfasalazine,Tablet,157645.78,2582184,,157645.78,0.0610513348390355,Feb 18
2018-03-01,Sulfasalazine 500mg tablets,Sulfasalazine,Tablet,175677.32,2886645,,175677.32,0.0608586507866399,Mar 18
2018-04-01,Sulfasalazine 500mg tablets,Sulfasalazine,Tablet,189905.24,2753907,,189905.24,0.0689584797162722,Apr 18
2018-05-01,Sulfasalazine 500mg tablets,Sulfasalazine,Tablet,199733.08,2893822,,199733.08,0.0690205133556936,May 18
2018-06-01,Sulfasalazine 500mg tablets,Sulfasalazine,Tablet,197206.91,2860079,,197206.91,0.0689515604289252,Jun 18
2018-07-01,Sulfasalazine 500mg tablets,Sulfasalazine,Tablet,184280.04,2885166,,184280.04,0.0638715553975057,Jul 18
2018-08-01,Sulfasalazine 500mg tablets,Sulfasalazine,Tablet,213260.11,2948421,,213260.11,0.0723302777995408,Aug 18
2018-09-01,Sulfasalazine 500mg tablets,Sulfasalazine,Tablet,198187.44,2737928,,198187.44,0.0723859210322551,Sep 18
2018-10-01,Sulfasalazine 500mg tablets,Sulfasalazine,Tablet,205755.24,2959827,,205755.24,0.0695159683319329,Oct 18
2018-11-01,Sulfasalazine 500mg tablets,Sulfasalazine,Tablet,178935.91,2883921,,178935.91,0.0620460511921096,Nov 18
2018-12-01,Sulfasalazine 500mg tablets,Sulfasalazine,Tablet,178783.16,2881688,,178783.16,0.062041123119505,Dec 18
2019-01-01,Sulfasalazine 500mg tablets,Sulfasalazine,Tablet,163175.79,2948267,,163175.79,0.05534634074865,Jan 19
2019-02-01,Sulfasalazine 500mg tablets,Sulfasalazine,Tablet,145136.8,2625276,,145136.8,0.0552843967643783,Feb 19
2019-03-01,Sulfasalazine 500mg tablets,Sulfasalazine,Tablet,160554.29,2904236,,160554.29,0.0552827972657869,Mar 19
2019-04-01,Sulfasalazine 500mg tablets,Sulfasalazine,Tablet,163565.41,2832081,,163565.41,0.0577544957224034,Apr 19
2019-05-01,Sulfasalazine 500mg tablets,Sulfasalazine,Tablet,175506.21,3037225,,175506.21,0.0577850537908782,May 19
2019-06-01,Sulfasalazine 500mg tablets,Sulfasalazine,Tablet,163225.89,2824131,,163225.89,0.0577968550325746,Jun 19
2019-07-01,Sulfasalazine 500mg tablets,Sulfasalazine,Tablet,158365.62,2890618,,158365.62,0.0547860768873646,Jul 19
2019-08-01,Sulfasalazine 500mg tablets,Sulfasalazine,Tablet,187314.12,3094076,,187314.12,0.0605395988980232,Aug 19
2019-09-01,Sulfasalazine 500mg tablets,Sulfasalazine,Tablet,173480.61,2865695,,173480.61,0.0605370110915502,Sep 19
2019-10-01,Sulfasalazine 500mg tablets,Sulfasalazine,Tablet,182114.74,3048627,,182114.74,0.05973664210151,Oct 19
2019-11-01,Sulfasalazine 500mg tablets,Sulfasalazine,Tablet,176103.12,2948798,,176103.12,0.0597203063756826,Nov 19
2019-12-01,Sulfasalazine 500mg tablets,Sulfasalazine,Tablet,180612.33,3025123,,180612.33,0.0597041277329881,Dec 19
2020-01-01,Sulfasalazine 500mg tablets,Sulfasalazine,Tablet,183316.94,3098559,,183316.94,0.0591619975608016,Jan 20
2020-02-01,Sulfasalazine 500mg tablets,Sulfasalazine,Tablet,165509.43,2798822,,165509.43,0.0591353898175733,Feb 20
2020-03-01,Sulfasalazine 500mg tablets,Sulfasalazine,Tablet,197168.44,3334812,,197168.44,0.0591243044585422,Mar 20
2020-04-01,Sulfasalazine 500mg tablets,Sulfasalazine,Tablet,174061.82,3099001,,174061.82,0.0561670744862619,Apr 20
2020-05-01,Sulfasalazine 500mg tablets,Sulfasalazine,Tablet,168454.26,2998254,,168454.26,0.0561841191573496,May 20
2020-06-01,Sulfasalazine 500mg tablets,Sulfasalazine,Tablet,189392.62,3054509,,189392.62,0.0620042763010356,Jun 20
2020-07-01,Sulfasalazine 500mg tablets,Sulfasalazine,Tablet,197068.63,3203884,,197068.63,0.0615092899742937,Jul 20
2020-08-01,Sulfasalazine 500mg tablets,Sulfasalazine,Tablet,179568.09,2919338,,179568.09,0.0615098662779027,Aug 20
2020-09-01,Sulfasalazine 500mg tablets,Sulfasalazine,Tablet,192846.3,3135234,,192846.3,0.061509380161098,Sep 20
2020-10-01,Sulfasalazine 500mg tablets,Sulfasalazine,Tablet,199195.65,3237556,TRUE,199140.062796844,0.0615265496565928,Oct 20
2020-11-01,Sulfasalazine 500mg tablets,Sulfasalazine,Tablet,190033.48,3089634,TRUE,190033.48,0.0615067933612849,Nov 20
2020-12-01,Sulfasalazine 500mg tablets,Sulfasalazine,Tablet,200351.23,3121270,TRUE,191987.38301543,0.0641890096018608,Dec 20
2021-01-01,Sulfasalazine 500mg tablets,Sulfasalazine,Tablet,236628.1,3153819,TRUE,193989.451830294,0.0750290679331946,Jan 21
2021-02-01,Sulfasalazine 500mg tablets,Sulfasalazine,Tablet,215028.3,2917409,TRUE,179448.019266409,0.0737052295375794,Feb 21
