shortages_data.csv
month_full,product_pack,active_ingredients,dosage,value,quantity,shortage,base_no_shortage_estimate,price_per_piece,xaxis_months
2014-01-01,Bisacodyl 5mg gastro-resistant tablets,Bisacodyl,Gastro-resistant tablet,93345.24,2262357,,93345.24,0.0412601724661492,Jan 14
2014-02-01,Bisacodyl 5mg gastro-resistant tablets,Bisacodyl,Gastro-resistant tablet,87123.71,2111075,,87123.71,0.0412698317208058,Feb 14
2014-03-01,Bisacodyl 5mg gastro-resistant tablets,Bisacodyl,Gastro-resistant tablet,98784.31,2394284,,98784.31,0.0412583929057706,Mar 14
2014-04-01,Bisacodyl 5mg gastro-resistant tablets,Bisacodyl,Gastro-resistant tablet,94564.97,2492082,,94564.97,0.0379461711131496,Apr 14
2014-05-01,Bisacodyl 5mg gastro-resistant tablets,Bisacodyl,Gastro-resistant tablet,104162.25,2745116,,104162.25,0.0379445713769473,May 14
2014-06-01,Bisacodyl 5mg gastro-resistant tablets,Bisacodyl,Gastro-resistant tablet,107189.66,2824538,,107189.66,0.0379494487240037,Jun 14
2014-07-01,Bisacodyl 5mg gastro-resistant tablets,Bisacodyl,Gastro-resistant tablet,121477.65,3243357,,121477.65,0.0374542950406015,Jul 14
2014-08-01,Bisacodyl 5mg gastro-resistant tablets,Bisacodyl,Gastro-resistant tablet,121646.67,3250887,,121646.67,0.0374195319615846,Aug 14
2014-09-01,Bisacodyl 5mg gastro-resistant tablets,Bisacodyl,Gastro-resistant tablet,136444.57,3645083,,136444.57,0.0374325001652912,Sep 14
2014-10-01,Bisacodyl 5mg gastro-resistant tablets,Bisacodyl,Gastro-resistant tablet,154239.94,4030597,,154239.94,0.0382672690918988,Oct 14
2014-11-01,Bisacodyl 5mg gastro-resistant tablets,Bisacodyl,Gastro-resistant tablet,148789.02,3887554,,148789.02,0.0382731712536983,Nov 14
2014-12-01,Bisacodyl 5mg gastro-resistant tablets,Bisacodyl,Gastro-resistant tablet,171808.31,4492224,,171808.31,0.0382457130365716,Dec 14
2015-01-01,Bisacodyl 5mg gastro-resistant tablets,Bisacodyl,Gastro-resistant tablet,164258.38,4428252,,164258.38,0.0370932774376887,Jan 15
2015-02-01,Bisacodyl 5mg gastro-resistant tablets,Bisacodyl,Gastro-resistant tablet,153472.92,4137593,,153472.92,0.0370923191333705,Feb 15
2015-03-01,Bisacodyl 5mg gastro-resistant tablets,Bisacodyl,Gastro-resistant tablet,171461.1,4621472,,171461.1,0.0371009712922636,Mar 15
2015-04-01,Bisacodyl 5mg gastro-resistant tablets,Bisacodyl,Gastro-resistant tablet,175259.03,4559191,,175259.03,0.0384408176801542,Apr 15
2015-05-01,Bisacodyl 5mg gastro-resistant tablets,Bisacodyl,Gastro-resistant tablet,173089.33,4502601,,173089.33,0.038442076035607,May 15
2015-06-01,Bisacodyl 5mg gastro-resistant tablets,Bisacodyl,Gastro-resistant tablet,182503.86,4749009,,182503.86,0.0384298829503166,Jun 15
2015-07-01,Bisacodyl 5mg gastro-resistant tablets,Bisacodyl,Gastro-resistant tablet,188216.72,4919442,,188216.72,0.0382597701121387,Jul 15
2015-08-01,Bisacodyl 5mg gastro-resistant tablets,Bisacodyl,Gastro-resistant tablet,171927.52,4493688,,171927.52,0.0382597812754246,Aug 15
2015-09-01,Bisacodyl 5mg gastro-resistant tablets,Bisacodyl,Gastro-resistant tablet,183917.58,4805642,,183917.58,0.0382711779196203,Sep 15
2015-10-01,Bisacodyl 5mg gastro-resistant tablets,Bisacodyl,Gastro-resistant tablet,187541.09,4839568,,187541.09,0.0387516179130038,Oct 15
2015-11-01,Bisacodyl 5mg gastro-resistant tablets,Bisacodyl,Gastro-resistant tablet,180001.76,4643580,,180001.76,0.0387635746557613,Nov 15
2015-12-01,Bisacodyl 5mg gastro-resistant tablets,Bisacodyl,Gastro-resistant tablet,198089.57,5111245,,198089.57,0.0387556397707408,Dec 15
2016-01-01,Bisacodyl 5mg gastro-resistant tablets,Bisacodyl,Gastro-resistant tablet,162244.1,4663899,,162244.1,0.034787224165875,Jan 16
2016-02-01,Bisacodyl 5mg gastro-resistant tablets,Bisacodyl,Gastro-resistant tablet,159584.76,4587747,,159584.76,0.0347849957724347,Feb 16
2016-03-01,Bisacodyl 5mg gastro-resistant tablets,Bisacodyl,Gastro-resistant tablet,166776.62,4794195,,166776.62,0.03478719993659,Mar 16
2016-04-01,Bisacodyl 5mg gastro-resistant tablets,Bisacodyl,Gastro-resistant tablet,167586.32,4884647,,167586.32,0.0343087883320944,Apr 16
2016-05-01,Bisacodyl 5mg gastro-resistant tablets,Bisacodyl,Gastro-resistant tablet,161985.99,4722037,,161985.99,0.0343042610636045,May 16
2016-06-01,Bisacodyl 5mg gastro-resistant tablets,Bisacodyl,Gastro-resistant tablet,153278.55,4943148,,153278.55,0.0310082866222092,Jun 16
2016-07-01,Bisacodyl 5mg gastro-resistant tablets,Bisacodyl,Gastro-resistant tablet,154161.34,4847371,,154161.34,0.0318030825369051,Jul 16
2016-08-01,Bisacodyl 5mg gastro-resistant tablets,Bisacodyl,Gastro-resistant tablet,156023.27,4903226,,156023.27,0.0318205340728737,Aug 16
2016-09-01,Bisacodyl 5mg gastro-resistant tablets,Bisacodyl,Gastro-resistant tablet,158094.23,4968831,,158094.23,0.0318171879864701,Sep 16
2016-10-01,Bisacodyl 5mg gastro-resistant tablets,Bisacodyl,Gastro-resistant tablet,157371.73,4842858,,157371.73,0.0324956317116876,Oct 16
2016-11-01,Bisacodyl 5mg gastro-resistant tablets,Bisacodyl,Gastro-resistant tablet,162953.7,5010641,,162953.7,0.0325215276847813,Nov 16
2016-12-01,Bisacodyl 5mg gastro-resistant tablets,Bisacodyl,Gastro-resistant tablet,164074.2,5047259,,164074.2,0.0325075848098938,Dec 16
2017-01-01,Bisacodyl 5mg gastro-resistant tablets,Bisacodyl,Gastro-resistant tablet,158521.47,4828580,,158521.47,0.0328298319588782,Jan 17
2017-02-01,Bisacodyl 5mg gastro-resistant tablets,Bisacodyl,Gastro-resistant tablet,146382.58,4456575,,146382.58,0.0328464302743699,Feb 17
2017-03-01,Bisacodyl 5mg gastro-resistant tablets,Bisacodyl,Gastro-resistant tablet,169513.11,5158853,,169513.11,0.0328586819589548,Mar 17
2017-04-01,Bisacodyl 5mg gastro-resistant tablets,Bisacodyl,Gastro-resistant tablet,147979.11,4505991,,147979.11,0.0328405249810752,Apr 17
2017-05-01,Bisacodyl 5mg gastro-resistant tablets,Bisacodyl,Gastro-resistant tablet,162806.71,4953136,,162806.71,0.0328694205045046,May 17
2017-06-01,Bisacodyl 5mg gastro-resistant tablets,Bisacodyl,Gastro-resistant tablet,163358.84,4971192,,163358.84,0.0328611005167372,Jun 17
2017-07-01,Bisacodyl 5mg gastro-resistant tablets,Bisacodyl,Gastro-resistant tablet,158509.95,4822926,,158509.95,0.032865930350165,Jul 17
2017-08-01,Bisacodyl 5mg gastro-resistant tablets,Bisacodyl,Gastro-resistant tablet,143379.44,4846808,,143379.44,0.0295822405178831,Aug 17
2017-09-01,Bisacodyl 5mg gastro-resistant tablets,Bisacodyl,Gastro-resistant tablet,139833.58,4727455,,139833.58,0.0295790398850967,Sep 17
2017-10-01,Bisacodyl 5mg gastro-resistant tablets,Bisacodyl,Gastro-resistant tablet,141395.74,4803389,,141395.74,0.0294366623232056,Oct 17
2017-11-01,Bisacodyl 5mg gastro-resistant tablets,Bisacodyl,Gastro-resistant tablet,141283.11,4798132,,141283.11,0.0294454404339022,Nov 17
2017-12-01,Bisacodyl 5mg gastro-resistant tablets,Bisacodyl,Gastro-resistant tablet,138312.61,4692635,,138312.61,0.0294744019085226,Dec 17
2018-01-01,Bisacodyl 5mg gastro-resistant tablets,Bisacodyl,Gastro-resistant tablet,139345.81,4766385,,139345.81,0.0292351142427647,Jan 18
2018-02-01,Bisacodyl 5mg gastro-resistant tablets,Bisacodyl,Gastro-resistant tablet,233706.9,4244649,TRUE,124092.798435437,0.0550591815719038,Feb 18
2018-03-01,Bisacodyl 5mg gastro-resistant tablets,Bisacodyl,Gastro-resistant tablet,278841.52,4647948,TRUE,135883.29077443,0.0599923923417388,Mar 18
2018-04-01,Bisacodyl 5mg gastro-resistant tablets,Bisacodyl,Gastro-resistant tablet,383872.78,4508582,,131808.909842873,0.0851426856603695,Apr 18
2018-05-01,Bisacodyl 5mg gastro-resistant tablets,Bisacodyl,Gastro-resistant tablet,398035.76,4681200,,136855.41679323,0.0850285738699479,May 18
2018-06-01,Bisacodyl 5mg gastro-resistant tablets,Bisacodyl,Gastro-resistant tablet,385391.75,4526256,,132325.611251999,0.0851458136702829,Jun 18
2018-07-01,Bisacodyl 5mg gastro-resistant tablets,Bisacodyl,Gastro-resistant tablet,403983.82,4537970,,132668.071380239,0.0890230257141409,Jul 18
2018-08-01,Bisacodyl 5mg gastro-resistant tablets,Bisacodyl,Gastro-resistant tablet,465452.67,4540580,,132744.375028413,0.102509518607755,Aug 18
2018-09-01,Bisacodyl 5mg gastro-resistant tablets,Bisacodyl,Gastro-resistant tablet,436621.86,4262324,,124609.529079678,0.102437510616274,Sep 18
2018-10-01,Bisacodyl 5mg gastro-resistant tablets,Bisacodyl,Gastro-resistant tablet,484300.25,4551620,,133067.130689653,0.106401731691134,Oct 18
2018-11-01,Bisacodyl 5mg gastro-resistant tablets,Bisacodyl,Gastro-resistant tablet,410542.99,4384871,,128192.204624786,0.0936271534555977,Nov 18
2018-12-01,Bisacodyl 5mg gastro-resistant tablets,Bisacodyl,Gastro-resistant tablet,399801.67,4265118,,124691.211988872,0.0937375402040459,Dec 18
2019-01-01,Bisacodyl 5mg gastro-resistant tablets,Bisacodyl,Gastro-resistant tablet,401590.43,4410737,,128948.400089789,0.0910483735484569,Jan 19
2019-02-01,Bisacodyl 5mg gastro-resistant tablets,Bisacodyl,Gastro-resistant tablet,351401.47,3858947,,112816.756401774,0.0910614916452597,Feb 19
2019-03-01,Bisacodyl 5mg gastro-resistant tablets,Bisacodyl,Gastro-resistant tablet,373787.12,4105834,,120034.526051828,0.0910380497604141,Mar 19
2019-04-01,Bisacodyl 5mg gastro-resistant tablets,Bisacodyl,Gastro-resistant tablet,353805.1,3962497,,115844.052481612,0.0892884209123691,Apr 19
2019-05-01,Bisacodyl 5mg gastro-resistant tablets,Bisacodyl,Gastro-resistant tablet,377266.92,4223225,,123466.4653479,0.0893314753535509,May 19
2019-06-01,Bisacodyl 5mg gastro-resistant tablets,Bisacodyl,Gastro-resistant tablet,347694.06,3892096,,113785.871203807,0.0893333720442661,Jun 19
2019-07-01,Bisacodyl 5mg gastro-resistant tablets,Bisacodyl,Gastro-resistant tablet,329334.26,3952406,,115549.040943789,0.0833250076029639,Jul 19
2019-08-01,Bisacodyl 5mg gastro-resistant tablets,Bisacodyl,Gastro-resistant tablet,381351.23,4086196,,119460.406878328,0.0933267102214382,Aug 19
2019-09-01,Bisacodyl 5mg gastro-resistant tablets,Bisacodyl,Gastro-resistant tablet,359473.5,3850898,,112581.442967234,0.0933479671494805,Sep 19
2019-10-01,Bisacodyl 5mg gastro-resistant tablets,Bisacodyl,Gastro-resistant tablet,299571.25,4048402,,118355.494970637,0.0739974068780719,Oct 19
2019-11-01,Bisacodyl 5mg gastro-resistant tablets,Bisacodyl,Gastro-resistant tablet,283008.35,3825978,,111852.903920304,0.0739701979467733,Nov 19
2019-12-01,Bisacodyl 5mg gastro-resistant tablets,Bisacodyl,Gastro-resistant tablet,284775.57,3850321,,112564.574306316,0.0739615138581952,Dec 19
2020-01-01,Bisacodyl 5mg gastro-resistant tablets,Bisacodyl,Gastro-resistant tablet,221960.54,3968034,,116005.927309175,0.0559371567884751,Jan 20
2020-02-01,Bisacodyl 5mg gastro-resistant tablets,Bisacodyl,Gastro-resistant tablet,197184.96,3525162,,103058.513794253,0.055936425049402,Feb 20
2020-03-01,Bisacodyl 5mg gastro-resistant tablets,Bisacodyl,Gastro-resistant tablet,220288.83,3940934,,115213.655713196,0.0558976197013195,Mar 20
2020-04-01,Bisacodyl 5mg gastro-resistant tablets,Bisacodyl,Gastro-resistant tablet,184472.76,3863894,,112961.382511933,0.0477427072274757,Apr 20
2020-05-01,Bisacodyl 5mg gastro-resistant tablets,Bisacodyl,Gastro-resistant tablet,174472.89,3654859,,106850.220406197,0.047737242394303,May 20
2020-06-01,Bisacodyl 5mg gastro-resistant tablets,Bisacodyl,Gastro-resistant tablet,204774.37,3853848,,112667.68655425,0.0531350406139526,Jun 20
2020-07-01,Bisacodyl 5mg gastro-resistant tablets,Bisacodyl,Gastro-resistant tablet,168912.61,3881968,,113489.777966757,0.0435121077762619,Jul 20
2020-08-01,Bisacodyl 5mg gastro-resistant tablets,Bisacodyl,Gastro-resistant tablet,152499.88,3505196,,102474.805503282,0.0435068053255795,Aug 20
2020-09-01,Bisacodyl 5mg gastro-resistant tablets,Bisacodyl,Gastro-resistant tablet,162189.23,3729311,,109026.833131799,0.0434904007737622,Sep 20
2020-10-01,Bisacodyl 5mg gastro-resistant tablets,Bisacodyl,Gastro-resistant tablet,140410.19,3803876,,111206.749425311,0.0369123993526603,Oct 20
2020-11-01,Bisacodyl 5mg gastro-resistant tablets,Bisacodyl,Gastro-resistant tablet,138464.61,3751974,,109689.388525883,0.0369044694872619,Nov 20
2020-12-01,Bisacodyl 5mg gastro-resistant tablets,Bisacodyl,Gastro-resistant tablet,160932.58,4363740,,127574.437425722,0.0368795070283747,Dec 20
2021-01-01,Bisacodyl 5mg gastro-resistant tablets,Bisacodyl,Gastro-resistant tablet,153137.79,4078471,,119234.565620803,0.0375478432971572,Jan 21
2021-02-01,Bisacodyl 5mg gastro-resistant tablets,Bisacodyl,Gastro-resistant tablet,139901.95,3726971,,108958.422964471,0.0375377082354545,Feb 21
