shortages_data.csv
month_full,product_pack,active_ingredients,dosage,value,quantity,shortage,base_no_shortage_estimate,price_per_piece,xaxis_months
2014-01-01,Docusate 50mg/5ml oral solution sugar free,Docusate,Oral solution,42453.91,2319852,,42453.91,0.0183002665687294,Jan 14
2014-02-01,Docusate 50mg/5ml oral solution sugar free,Docusate,Oral solution,39131.34,2138283,,39131.34,0.0183003559397891,Feb 14
2014-03-01,Docusate 50mg/5ml oral solution sugar free,Docusate,Oral solution,34411.92,1880400,,34411.92,0.0183003190810466,Mar 14
2014-04-01,Docusate 50mg/5ml oral solution sugar free,Docusate,Oral solution,22695.61,1240180,,22695.61,0.0183002548017223,Apr 14
2014-05-01,Docusate 50mg/5ml oral solution sugar free,Docusate,Oral solution,18572.98,1014904,,18572.98,0.0183002333225606,May 14
2014-06-01,Docusate 50mg/5ml oral solution sugar free,Docusate,Oral solution,13461.61,735611,,13461.61,0.0182999030737713,Jun 14
2014-07-01,Docusate 50mg/5ml oral solution sugar free,Docusate,Oral solution,10971.99,599559,,10971.99,0.0183001005739218,Jul 14
2014-08-01,Docusate 50mg/5ml oral solution sugar free,Docusate,Oral solution,8087.5,441940,,8087.5,0.0182999954744988,Aug 14
2014-09-01,Docusate 50mg/5ml oral solution sugar free,Docusate,Oral solution,7911.47,432320,,7911.47,0.0183000323834197,Sep 14
2014-10-01,Docusate 50mg/5ml oral solution sugar free,Docusate,Oral solution,6780.57,370520,,6780.57,0.0183001457411206,Oct 14
2014-11-01,Docusate 50mg/5ml oral solution sugar free,Docusate,Oral solution,5287.96,288960,,5287.96,0.0182999723145072,Nov 14
2014-12-01,Docusate 50mg/5ml oral solution sugar free,Docusate,Oral solution,5636.54,308010,,5636.54,0.018299860394143,Dec 14
2015-01-01,Docusate 50mg/5ml oral solution sugar free,Docusate,Oral solution,4833.24,264110,,4833.24,0.0183001022301314,Jan 15
2015-02-01,Docusate 50mg/5ml oral solution sugar free,Docusate,Oral solution,8741.3,477663,,8741.3,0.0183001404756073,Feb 15
2015-03-01,Docusate 50mg/5ml oral solution sugar free,Docusate,Oral solution,10546.9,576330,,10546.9,0.0183001058421391,Mar 15
2015-04-01,Docusate 50mg/5ml oral solution sugar free,Docusate,Oral solution,12230.28,668318,,12230.28,0.018300090675397,Apr 15
2015-05-01,Docusate 50mg/5ml oral solution sugar free,Docusate,Oral solution,14063.12,768480,,14063.12,0.0182999167187175,May 15
2015-06-01,Docusate 50mg/5ml oral solution sugar free,Docusate,Oral solution,16973.98,927540,,16973.98,0.0182999978437588,Jun 15
2015-07-01,Docusate 50mg/5ml oral solution sugar free,Docusate,Oral solution,15978.14,873111,,15978.14,0.018300239030318,Jul 15
2015-08-01,Docusate 50mg/5ml oral solution sugar free,Docusate,Oral solution,10081.42,550890,,10081.42,0.0183002414275082,Aug 15
2015-09-01,Docusate 50mg/5ml oral solution sugar free,Docusate,Oral solution,9730.58,531720,,9730.58,0.0183001955916648,Sep 15
2015-10-01,Docusate 50mg/5ml oral solution sugar free,Docusate,Oral solution,16234.04,887095,,16234.04,0.0183002271459088,Oct 15
2015-11-01,Docusate 50mg/5ml oral solution sugar free,Docusate,Oral solution,15641.16,854694,,15641.16,0.0183003039684378,Nov 15
2015-12-01,Docusate 50mg/5ml oral solution sugar free,Docusate,Oral solution,18067.67,987290,,18067.67,0.0183002663857631,Dec 15
2016-01-01,Docusate 50mg/5ml oral solution sugar free,Docusate,Oral solution,18741.11,1024089,,18741.11,0.0183002746831574,Jan 16
2016-02-01,Docusate 50mg/5ml oral solution sugar free,Docusate,Oral solution,19735.58,1078430,,19735.58,0.0183002883821852,Feb 16
2016-03-01,Docusate 50mg/5ml oral solution sugar free,Docusate,Oral solution,22386.26,1223274,,22386.26,0.0183002826840103,Mar 16
2016-04-01,Docusate 50mg/5ml oral solution sugar free,Docusate,Oral solution,24603.66,1344440,,24603.66,0.0183003034720776,Apr 16
2016-05-01,Docusate 50mg/5ml oral solution sugar free,Docusate,Oral solution,24337.32,1329884,,24337.32,0.0183003329613711,May 16
2016-06-01,Docusate 50mg/5ml oral solution sugar free,Docusate,Oral solution,26942.97,1472270,,26942.97,0.0183002913867701,Jun 16
2016-07-01,Docusate 50mg/5ml oral solution sugar free,Docusate,Oral solution,27885.68,1523780,,27885.68,0.0183003320689338,Jul 16
2016-08-01,Docusate 50mg/5ml oral solution sugar free,Docusate,Oral solution,29723.94,1624230,,29723.94,0.0183003269241425,Aug 16
2016-09-01,Docusate 50mg/5ml oral solution sugar free,Docusate,Oral solution,29204.6,1595850,,29204.6,0.0183003415107936,Sep 16
2016-10-01,Docusate 50mg/5ml oral solution sugar free,Docusate,Oral solution,28563.12,1560800,,28563.12,0.0183003075345976,Oct 16
2016-11-01,Docusate 50mg/5ml oral solution sugar free,Docusate,Oral solution,31279.28,1709081,,31279.28,0.0183018124945512,Nov 16
2016-12-01,Docusate 50mg/5ml oral solution sugar free,Docusate,Oral solution,31563.59,1724480,,31563.59,0.0183032508350343,Dec 16
2017-01-01,Docusate 50mg/5ml oral solution sugar free,Docusate,Oral solution,44908.91,1688779,,44908.91,0.0265925322377884,Jan 17
2017-02-01,Docusate 50mg/5ml oral solution sugar free,Docusate,Oral solution,43098.74,1620749,,43098.74,0.0265918658595501,Feb 17
2017-03-01,Docusate 50mg/5ml oral solution sugar free,Docusate,Oral solution,50886.56,1914450,,50886.56,0.026580250202408,Mar 17
2017-04-01,Docusate 50mg/5ml oral solution sugar free,Docusate,Oral solution,47171.41,1749397,,47171.41,0.0269643825843991,Apr 17
2017-05-01,Docusate 50mg/5ml oral solution sugar free,Docusate,Oral solution,55765.04,2068415,,55765.04,0.0269602763468646,May 17
2017-06-01,Docusate 50mg/5ml oral solution sugar free,Docusate,Oral solution,58142.69,2154831,,58142.69,0.0269824826169663,Jun 17
2017-07-01,Docusate 50mg/5ml oral solution sugar free,Docusate,Oral solution,56489.07,2095350,,56489.07,0.0269592526308254,Jul 17
2017-08-01,Docusate 50mg/5ml oral solution sugar free,Docusate,Oral solution,59160.85,2192454,,59160.85,0.0269838500602521,Aug 17
2017-09-01,Docusate 50mg/5ml oral solution sugar free,Docusate,Oral solution,57338.62,2141313,,57338.62,0.0267773184023074,Sep 17
2017-10-01,Docusate 50mg/5ml oral solution sugar free,Docusate,Oral solution,62154.93,2321290,,62154.93,0.0267760297076195,Oct 17
2017-11-01,Docusate 50mg/5ml oral solution sugar free,Docusate,Oral solution,65578.26,2445397,,65578.26,0.0268170198949291,Nov 17
2017-12-01,Docusate 50mg/5ml oral solution sugar free,Docusate,Oral solution,61871.4,2307210,,61871.4,0.0268165446578335,Dec 17
2018-01-01,Docusate 50mg/5ml oral solution sugar free,Docusate,Oral solution,64583.72,2417320,,64583.72,0.0267170751079708,Jan 18
2018-02-01,Docusate 50mg/5ml oral solution sugar free,Docusate,Oral solution,58982,2208031,,58982,0.0267124872793906,Feb 18
2018-03-01,Docusate 50mg/5ml oral solution sugar free,Docusate,Oral solution,65254.62,2445370,,65254.62,0.0266849679189652,Mar 18
2018-04-01,Docusate 50mg/5ml oral solution sugar free,Docusate,Oral solution,64259.25,2408976,,64259.25,0.026674923286907,Apr 18
2018-05-01,Docusate 50mg/5ml oral solution sugar free,Docusate,Oral solution,67603.58,2537081,,67603.58,0.0266462048314579,May 18
2018-06-01,Docusate 50mg/5ml oral solution sugar free,Docusate,Oral solution,70033.58,2628510,,70033.58,0.0266438324373885,Jun 18
2018-07-01,Docusate 50mg/5ml oral solution sugar free,Docusate,Oral solution,76290.08,2662503,,76290.08,0.0286535188880538,Jul 18
2018-08-01,Docusate 50mg/5ml oral solution sugar free,Docusate,Oral solution,84150.27,2750985,,84150.27,0.0305891417074248,Aug 18
2018-09-01,Docusate 50mg/5ml oral solution sugar free,Docusate,Oral solution,80530.85,2630080,,80530.85,0.0306191636756296,Sep 18
2018-10-01,Docusate 50mg/5ml oral solution sugar free,Docusate,Oral solution,84996.4,2775141,,84996.4,0.030627777111145,Oct 18
2018-11-01,Docusate 50mg/5ml oral solution sugar free,Docusate,Oral solution,85761.59,2799676,,85761.59,0.0306326839248542,Nov 18
2018-12-01,Docusate 50mg/5ml oral solution sugar free,Docusate,Oral solution,88065.56,2874847,,88065.56,0.0306331293456661,Dec 18
2019-01-01,Docusate 50mg/5ml oral solution sugar free,Docusate,Oral solution,90353.37,2949530,,90353.37,0.0306331415513658,Jan 19
2019-02-01,Docusate 50mg/5ml oral solution sugar free,Docusate,Oral solution,84194.04,2748465,,84194.04,0.0306331133923845,Feb 19
2019-03-01,Docusate 50mg/5ml oral solution sugar free,Docusate,Oral solution,90625.55,2958420,,90625.55,0.0306330913122545,Mar 19
2019-04-01,Docusate 50mg/5ml oral solution sugar free,Docusate,Oral solution,88630.05,2893355,,88630.05,0.0306322763712023,Apr 19
2019-05-01,Docusate 50mg/5ml oral solution sugar free,Docusate,Oral solution,94620.15,3088820,,94620.15,0.0306331058462455,May 19
2019-06-01,Docusate 50mg/5ml oral solution sugar free,Docusate,Oral solution,93337.36,3046945,,93337.36,0.0306330964293743,Jun 19
2019-07-01,Docusate 50mg/5ml oral solution sugar free,Docusate,Oral solution,97095.29,3169625,,97095.29,0.0306330528059313,Jul 19
2019-08-01,Docusate 50mg/5ml oral solution sugar free,Docusate,Oral solution,105854.5,3455560,,105854.5,0.0306330956487516,Aug 19
2019-09-01,Docusate 50mg/5ml oral solution sugar free,Docusate,Oral solution,101001.01,3297120,,101001.01,0.0306331010093657,Sep 19
2019-10-01,Docusate 50mg/5ml oral solution sugar free,Docusate,Oral solution,108590.39,3544926,,108590.39,0.0306326253354795,Oct 19
2019-11-01,Docusate 50mg/5ml oral solution sugar free,Docusate,Oral solution,109464.62,3573410,,109464.62,0.0306330983570315,Nov 19
2019-12-01,Docusate 50mg/5ml oral solution sugar free,Docusate,Oral solution,108517.33,3542488,,108517.33,0.0306330833019053,Dec 19
2020-01-01,Docusate 50mg/5ml oral solution sugar free,Docusate,Oral solution,111141.18,3628148,,111141.18,0.0306330337130679,Jan 20
2020-02-01,Docusate 50mg/5ml oral solution sugar free,Docusate,Oral solution,99932.89,3262251,,99932.89,0.0306331088564307,Feb 20
2020-03-01,Docusate 50mg/5ml oral solution sugar free,Docusate,Oral solution,107261.66,3501503,,107261.66,0.0306330338714546,Mar 20
2020-04-01,Docusate 50mg/5ml oral solution sugar free,Docusate,Oral solution,114354.86,3733053,,114354.86,0.0306330662864953,Apr 20
2020-05-01,Docusate 50mg/5ml oral solution sugar free,Docusate,Oral solution,113602.96,3708506,,113602.96,0.0306330797361525,May 20
2020-06-01,Docusate 50mg/5ml oral solution sugar free,Docusate,Oral solution,141437.02,4617130,,141437.02,0.0306331032481217,Jun 20
2020-07-01,Docusate 50mg/5ml oral solution sugar free,Docusate,Oral solution,123570.6,4033900,,123570.6,0.0306330350281365,Jul 20
2020-08-01,Docusate 50mg/5ml oral solution sugar free,Docusate,Oral solution,113819.6,3715581,,113819.6,0.0306330557724351,Aug 20
2020-09-01,Docusate 50mg/5ml oral solution sugar free,Docusate,Oral solution,124818.39,4074630,,124818.39,0.0306330611613815,Sep 20
2020-10-01,Docusate 50mg/5ml oral solution sugar free,Docusate,Oral solution,129985.6,4243310,,129985.6,0.0306330671103455,Oct 20
2020-11-01,Docusate 50mg/5ml oral solution sugar free,Docusate,Oral solution,189245.27,6177795,,189245.27,0.0306331417601264,Nov 20
2020-12-01,Docusate 50mg/5ml oral solution sugar free,Docusate,Oral solution,411612.06,9222329,TRUE,282508.911615525,0.0446321162474251,Dec 20
2021-01-01,Docusate 50mg/5ml oral solution sugar free,Docusate,Oral solution,385418.75,8901078,,272667.984191942,0.0433002328482011,Jan 21
2021-02-01,Docusate 50mg/5ml oral solution sugar free,Docusate,Oral solution,302752.87,6991945,,214185.242364007,0.0433002362003706,Feb 21
