shortages_data.csv
month_full,product_pack,active_ingredients,dosage,value,quantity,shortage,base_no_shortage_estimate,price_per_piece,xaxis_months
2014-01-01,Docusate 100mg capsules,Docusate,Capsule,568798.36,8161913,,568798.36,0.0696893436624478,Jan 14
2014-02-01,Docusate 100mg capsules,Docusate,Capsule,518781.3,7444413,,518781.3,0.0696873346494882,Feb 14
2014-03-01,Docusate 100mg capsules,Docusate,Capsule,559199.91,8024196,,559199.91,0.0696892137230945,Mar 14
2014-04-01,Docusate 100mg capsules,Docusate,Capsule,563510.46,8085728,,563510.46,0.0696919881549318,Apr 14
2014-05-01,Docusate 100mg capsules,Docusate,Capsule,584878.15,8392321,,584878.15,0.0696920613498936,May 14
2014-06-01,Docusate 100mg capsules,Docusate,Capsule,569130.41,8166331,,569130.41,0.0696923024550438,Jun 14
2014-07-01,Docusate 100mg capsules,Docusate,Capsule,619464.57,8888268,,619464.57,0.0696946322950658,Jul 14
2014-08-01,Docusate 100mg capsules,Docusate,Capsule,576816.2,8276963,,576816.2,0.0696893534500517,Aug 14
2014-09-01,Docusate 100mg capsules,Docusate,Capsule,601585.55,8632412,,601585.55,0.0696891610363361,Sep 14
2014-10-01,Docusate 100mg capsules,Docusate,Capsule,629936.92,9039065,,629936.92,0.0696904956430781,Oct 14
2014-11-01,Docusate 100mg capsules,Docusate,Capsule,566918.47,8134726,,566918.47,0.0696911573911647,Nov 14
2014-12-01,Docusate 100mg capsules,Docusate,Capsule,639546.94,9176622,,639546.94,0.0696930678848927,Dec 14
2015-01-01,Docusate 100mg capsules,Docusate,Capsule,601608.64,8632901,,601608.64,0.0696878882313141,Jan 15
2015-02-01,Docusate 100mg capsules,Docusate,Capsule,552233.97,7924128,,552233.97,0.0696901879929249,Feb 15
2015-03-01,Docusate 100mg capsules,Docusate,Capsule,612093.42,8783314,,612093.42,0.0696882088013704,Mar 15
2015-04-01,Docusate 100mg capsules,Docusate,Capsule,595850.74,8550128,,595850.74,0.0696891017304068,Apr 15
2015-05-01,Docusate 100mg capsules,Docusate,Capsule,587547.16,8431197,,587547.16,0.069687276907419,May 15
2015-06-01,Docusate 100mg capsules,Docusate,Capsule,619089.67,8883470,,619089.67,0.0696900726855609,Jun 15
2015-07-01,Docusate 100mg capsules,Docusate,Capsule,648521.37,9305774,,648521.37,0.0696902127646771,Jul 15
2015-08-01,Docusate 100mg capsules,Docusate,Capsule,590942.3,8479609,,590942.3,0.0696898052728611,Aug 15
2015-09-01,Docusate 100mg capsules,Docusate,Capsule,630551.77,9048261,,630551.77,0.0696876195326373,Sep 15
2015-10-01,Docusate 100mg capsules,Docusate,Capsule,638150.5,9157541,,638150.5,0.0696857922885631,Oct 15
2015-11-01,Docusate 100mg capsules,Docusate,Capsule,614527.97,8818389,,614527.97,0.0696871015783042,Nov 15
2015-12-01,Docusate 100mg capsules,Docusate,Capsule,686621.66,9852895,,686621.66,0.069687301041978,Dec 15
2016-01-01,Docusate 100mg capsules,Docusate,Capsule,615905.68,8838079,,615905.68,0.0696877319154988,Jan 16
2016-02-01,Docusate 100mg capsules,Docusate,Capsule,613993.58,8810864,,613993.58,0.0696859672331794,Feb 16
2016-03-01,Docusate 100mg capsules,Docusate,Capsule,648452.49,9304829,,648452.49,0.0696898879065913,Mar 16
2016-04-01,Docusate 100mg capsules,Docusate,Capsule,662288.05,9503953,,662288.05,0.0696855350610425,Apr 16
2016-05-01,Docusate 100mg capsules,Docusate,Capsule,635850.07,9123995,,635850.07,0.0696898748848503,May 16
2016-06-01,Docusate 100mg capsules,Docusate,Capsule,669336.15,9605155,,669336.15,0.0696850961801241,Jun 16
2016-07-01,Docusate 100mg capsules,Docusate,Capsule,661900.33,9497971,,661900.33,0.0696886029658334,Jul 16
2016-08-01,Docusate 100mg capsules,Docusate,Capsule,676651.31,9710257,,676651.31,0.0696841813764558,Aug 16
2016-09-01,Docusate 100mg capsules,Docusate,Capsule,686588.07,9852540,,686588.07,0.0696864026941276,Sep 16
2016-10-01,Docusate 100mg capsules,Docusate,Capsule,671700.56,9638624,,671700.56,0.0696884285557773,Oct 16
2016-11-01,Docusate 100mg capsules,Docusate,Capsule,700657.46,10054486,,700657.46,0.0696860545631075,Nov 16
2016-12-01,Docusate 100mg capsules,Docusate,Capsule,716647.17,10284023,,716647.17,0.0696854888403108,Dec 16
2017-01-01,Docusate 100mg capsules,Docusate,Capsule,678660.41,9738659,,678660.41,0.0696872546826006,Jan 17
2017-02-01,Docusate 100mg capsules,Docusate,Capsule,634147.96,9099766,,634147.96,0.069688380997929,Feb 17
2017-03-01,Docusate 100mg capsules,Docusate,Capsule,735210,10550483,,735210,0.0696849613425281,Mar 17
2017-04-01,Docusate 100mg capsules,Docusate,Capsule,653061.91,9371427,,653061.91,0.0696864959840161,Apr 17
2017-05-01,Docusate 100mg capsules,Docusate,Capsule,719101.26,10318709,,719101.26,0.0696890725380471,May 17
2017-06-01,Docusate 100mg capsules,Docusate,Capsule,727229.3,10435496,,727229.3,0.0696880435774208,Jun 17
2017-07-01,Docusate 100mg capsules,Docusate,Capsule,718126.83,10304841,,718126.83,0.0696882979562712,Jul 17
2017-08-01,Docusate 100mg capsules,Docusate,Capsule,731106.88,10491097,,731106.88,0.069688315721416,Aug 17
2017-09-01,Docusate 100mg capsules,Docusate,Capsule,713346.15,10235888,,713346.15,0.0696906951307009,Sep 17
2017-10-01,Docusate 100mg capsules,Docusate,Capsule,733481.73,10525073,,733481.73,0.0696889921808618,Oct 17
2017-11-01,Docusate 100mg capsules,Docusate,Capsule,745563.57,10697647,,745563.57,0.0696941645204782,Nov 17
2017-12-01,Docusate 100mg capsules,Docusate,Capsule,740290.36,10622463,,740290.36,0.0696910274010839,Dec 17
2018-01-01,Docusate 100mg capsules,Docusate,Capsule,751074.33,10777376,,751074.33,0.0696899068938487,Jan 18
2018-02-01,Docusate 100mg capsules,Docusate,Capsule,678741.19,9739318,,678741.19,0.0696908335881424,Feb 18
2018-03-01,Docusate 100mg capsules,Docusate,Capsule,752217.82,10794022,,752217.82,0.0696883719525493,Mar 18
2018-04-01,Docusate 100mg capsules,Docusate,Capsule,735379.7,10552641,,735379.7,0.0696867921499462,Apr 18
2018-05-01,Docusate 100mg capsules,Docusate,Capsule,767057.65,11007162,,767057.65,0.069687140972396,May 18
2018-06-01,Docusate 100mg capsules,Docusate,Capsule,758189.44,10879770,,758189.44,0.0696880025956431,Jun 18
2018-07-01,Docusate 100mg capsules,Docusate,Capsule,771010.25,11063923,,771010.25,0.0696868777919008,Jul 18
2018-08-01,Docusate 100mg capsules,Docusate,Capsule,794901.54,11407072,,794901.54,0.0696849761270903,Aug 18
2018-09-01,Docusate 100mg capsules,Docusate,Capsule,741341.63,10638159,,741341.63,0.0696870229143972,Sep 18
2018-10-01,Docusate 100mg capsules,Docusate,Capsule,809862.12,11621292,,809862.12,0.0696877868656945,Oct 18
2018-11-01,Docusate 100mg capsules,Docusate,Capsule,792972.75,11379357,,792972.75,0.0696851983815957,Nov 18
2018-12-01,Docusate 100mg capsules,Docusate,Capsule,789900.08,11334952,,789900.08,0.0696871129229308,Dec 18
2019-01-01,Docusate 100mg capsules,Docusate,Capsule,818151.75,11740474,,818151.75,0.0696864325920742,Jan 19
2019-02-01,Docusate 100mg capsules,Docusate,Capsule,741329.34,10637735,,741329.34,0.0696886451862168,Feb 19
2019-03-01,Docusate 100mg capsules,Docusate,Capsule,794542.56,11401830,,794542.56,0.0696855294281708,Mar 19
2019-04-01,Docusate 100mg capsules,Docusate,Capsule,789832.74,11333763,,789832.74,0.0696884821043108,Apr 19
2019-05-01,Docusate 100mg capsules,Docusate,Capsule,842489.94,12089786,,842489.94,0.0696860920449709,May 19
2019-06-01,Docusate 100mg capsules,Docusate,Capsule,790348.42,11341538,,790348.42,0.069686176601445,Jun 19
2019-07-01,Docusate 100mg capsules,Docusate,Capsule,812666.9,11662572,,812666.9,0.0696816191145487,Jul 19
2019-08-01,Docusate 100mg capsules,Docusate,Capsule,869283.98,12475020,,869283.98,0.0696819708505477,Aug 19
2019-09-01,Docusate 100mg capsules,Docusate,Capsule,812988.65,11666489,,812988.65,0.0696858026437946,Sep 19
2019-10-01,Docusate 100mg capsules,Docusate,Capsule,873064.49,12529459,,873064.49,0.0696809407333549,Oct 19
2019-11-01,Docusate 100mg capsules,Docusate,Capsule,834196.3,11971451,,834196.3,0.0696821379463525,Nov 19
2019-12-01,Docusate 100mg capsules,Docusate,Capsule,849477.34,12190863,,849477.34,0.0696814770209459,Dec 19
2020-01-01,Docusate 100mg capsules,Docusate,Capsule,881534.16,12651024,,881534.16,0.0696808542929015,Jan 20
2020-02-01,Docusate 100mg capsules,Docusate,Capsule,795363.65,11414589,,795363.65,0.0696795697155631,Feb 20
2020-03-01,Docusate 100mg capsules,Docusate,Capsule,890103,12773632,,890103,0.0696828435326773,Mar 20
2020-04-01,Docusate 100mg capsules,Docusate,Capsule,893822.78,12828099,,893822.78,0.0696769474572967,Apr 20
2020-05-01,Docusate 100mg capsules,Docusate,Capsule,805046.79,11553323,,805046.79,0.0696809731710955,May 20
2020-06-01,Docusate 100mg capsules,Docusate,Capsule,852355.48,12231404,,852355.48,0.0696858251105106,Jun 20
2020-07-01,Docusate 100mg capsules,Docusate,Capsule,891496.4,12793834,,891496.4,0.0696817232426183,Jul 20
2020-08-01,Docusate 100mg capsules,Docusate,Capsule,815024.57,11695886,,815024.57,0.0696847224742102,Aug 20
2020-09-01,Docusate 100mg capsules,Docusate,Capsule,868938.85,12469970,,868938.85,0.0696825132698796,Sep 20
2020-10-01,Docusate 100mg capsules,Docusate,Capsule,891271.78,12790852,,891271.78,0.0696804075287557,Oct 20
2020-11-01,Docusate 100mg capsules,Docusate,Capsule,993495.06,9327948,TRUE,649975.218047042,0.106507354028989,Nov 20
2020-12-01,Docusate 100mg capsules,Docusate,Capsule,1005134.76,9438079,TRUE,657649.191008591,0.106497811683924,Dec 20
2021-01-01,Docusate 100mg capsules,Docusate,Capsule,584489.99,8383109,,584138.45147798,0.0697223416753856,Jan 21
2021-02-01,Docusate 100mg capsules,Docusate,Capsule,647496.42,9287000,,647121.944719554,0.0697207300527619,Feb 21
