shortages_data.csv
month_full,product_pack,active_ingredients,dosage,value,quantity,shortage,base_no_shortage_estimate,price_per_piece,xaxis_months
2014-01-01,Senna 7.5mg tablets,Senna,Tablet,3293147.39,15634897,,3293147.39,0.210628019487432,Jan 14
2014-02-01,Senna 7.5mg tablets,Senna,Tablet,2927069.88,13895978,,2927069.88,0.210641516559684,Feb 14
2014-03-01,Senna 7.5mg tablets,Senna,Tablet,3082836.47,14635070,,3082836.47,0.210647196767764,Mar 14
2014-04-01,Senna 7.5mg tablets,Senna,Tablet,2806800.72,14395037,,2806800.72,0.194983918415771,Apr 14
2014-05-01,Senna 7.5mg tablets,Senna,Tablet,2874742.05,14743608,,2874742.05,0.194982262821963,May 14
2014-06-01,Senna 7.5mg tablets,Senna,Tablet,2734264.95,14024083,,2734264.95,0.194969250395908,Jun 14
2014-07-01,Senna 7.5mg tablets,Senna,Tablet,3155071.79,14690330,,3155071.79,0.214772016013255,Jul 14
2014-08-01,Senna 7.5mg tablets,Senna,Tablet,2889652.73,13454401,,2889652.73,0.214773792605111,Aug 14
2014-09-01,Senna 7.5mg tablets,Senna,Tablet,2934239.31,13662961,,2934239.31,0.214758668344292,Sep 14
2014-10-01,Senna 7.5mg tablets,Senna,Tablet,1654821.45,13944444,,1654821.45,0.118672458364062,Oct 14
2014-11-01,Senna 7.5mg tablets,Senna,Tablet,1453027.21,12247006,,1453027.21,0.11864346355346,Nov 14
2014-12-01,Senna 7.5mg tablets,Senna,Tablet,1599387.95,13480950,,1599387.95,0.118640596545496,Dec 14
2015-01-01,Senna 7.5mg tablets,Senna,Tablet,995038.83,12436908,,995038.83,0.0800069301791088,Jan 15
2015-02-01,Senna 7.5mg tablets,Senna,Tablet,905880.26,11323647,,905880.26,0.0799989844261306,Feb 15
2015-03-01,Senna 7.5mg tablets,Senna,Tablet,988669.9,12359672,,988669.9,0.0799915968643828,Mar 15
2015-04-01,Senna 7.5mg tablets,Senna,Tablet,700079.42,11927649,,700079.42,0.0586938314499362,Apr 15
2015-05-01,Senna 7.5mg tablets,Senna,Tablet,683191.72,11637505,,683191.72,0.0587060302014908,May 15
2015-06-01,Senna 7.5mg tablets,Senna,Tablet,716980.26,12212488,,716980.26,0.0587087790792507,Jun 15
2015-07-01,Senna 7.5mg tablets,Senna,Tablet,734873.53,12697134,,734873.53,0.0578771185686471,Jul 15
2015-08-01,Senna 7.5mg tablets,Senna,Tablet,668568.62,11552061,,668568.62,0.0578744018058769,Aug 15
2015-09-01,Senna 7.5mg tablets,Senna,Tablet,711996.21,12303032,,711996.21,0.0578716051457885,Sep 15
2015-10-01,Senna 7.5mg tablets,Senna,Tablet,659228.44,12394491,,659228.44,0.0531872135773869,Oct 15
2015-11-01,Senna 7.5mg tablets,Senna,Tablet,632759.06,11896698,,632759.06,0.0531877887460874,Nov 15
2015-12-01,Senna 7.5mg tablets,Senna,Tablet,698443.56,13132486,,698443.56,0.0531844130654318,Dec 15
2016-01-01,Senna 7.5mg tablets,Senna,Tablet,686367.16,11862005,,686367.16,0.0578626598117266,Jan 16
2016-02-01,Senna 7.5mg tablets,Senna,Tablet,677488.7,11706351,,677488.7,0.0578736021156379,Feb 16
2016-03-01,Senna 7.5mg tablets,Senna,Tablet,709169.27,12252507,,709169.27,0.0578795237578726,Mar 16
2016-04-01,Senna 7.5mg tablets,Senna,Tablet,691133.27,12418599,,691133.27,0.0556530789020565,Apr 16
2016-05-01,Senna 7.5mg tablets,Senna,Tablet,662365.57,11902833,,662365.57,0.0556477243694841,May 16
2016-06-01,Senna 7.5mg tablets,Senna,Tablet,625975.33,12485196,,625975.33,0.0501374051316455,Jun 16
2016-07-01,Senna 7.5mg tablets,Senna,Tablet,610232.87,12247297,,610232.87,0.0498259224055724,Jul 16
2016-08-01,Senna 7.5mg tablets,Senna,Tablet,617711.84,12397354,,617711.84,0.0498261032152506,Aug 16
2016-09-01,Senna 7.5mg tablets,Senna,Tablet,624782.67,12538077,,624782.67,0.0498308209464657,Sep 16
2016-10-01,Senna 7.5mg tablets,Senna,Tablet,605540.77,12191404,,605540.77,0.0496694859755283,Oct 16
2016-11-01,Senna 7.5mg tablets,Senna,Tablet,627468.22,12633020,,627468.22,0.049668901022875,Nov 16
2016-12-01,Senna 7.5mg tablets,Senna,Tablet,634708.79,12779372,,634708.79,0.0496666651538119,Dec 16
2017-01-01,Senna 7.5mg tablets,Senna,Tablet,405362.69,12084393,,405362.69,0.0335443153826593,Jan 17
2017-02-01,Senna 7.5mg tablets,Senna,Tablet,377433.8,11254165,,377433.8,0.0335372548740844,Feb 17
2017-03-01,Senna 7.5mg tablets,Senna,Tablet,432086.59,12883563,,432086.59,0.0335378179157427,Mar 17
2017-04-01,Senna 7.5mg tablets,Senna,Tablet,378432.56,11414169,,378432.56,0.0331546308802682,Apr 17
2017-05-01,Senna 7.5mg tablets,Senna,Tablet,417073.29,12581868,,417073.29,0.033148757402319,May 17
2017-06-01,Senna 7.5mg tablets,Senna,Tablet,419759.25,12663789,,419759.25,0.0331464185008136,Jun 17
2017-07-01,Senna 7.5mg tablets,Senna,Tablet,407206.97,12284891,,407206.97,0.0331469746048215,Jul 17
2017-08-01,Senna 7.5mg tablets,Senna,Tablet,374203.93,12473692,,374203.93,0.0299994524475993,Aug 17
2017-09-01,Senna 7.5mg tablets,Senna,Tablet,365280.03,12176672,,365280.03,0.0299983468389392,Sep 17
2017-10-01,Senna 7.5mg tablets,Senna,Tablet,349868.88,12421623,,349868.88,0.0281661164567625,Oct 17
2017-11-01,Senna 7.5mg tablets,Senna,Tablet,354952.28,12602050,,354952.28,0.0281662332715709,Nov 17
2017-12-01,Senna 7.5mg tablets,Senna,Tablet,350115.7,12430907,,350115.7,0.0281649359938096,Dec 17
2018-01-01,Senna 7.5mg tablets,Senna,Tablet,348545.37,12657820,,348545.37,0.0275359714389998,Jan 18
2018-02-01,Senna 7.5mg tablets,Senna,Tablet,312114.1,11335549,,312114.1,0.0275340964958998,Feb 18
2018-03-01,Senna 7.5mg tablets,Senna,Tablet,343913.33,12490265,,343913.33,0.0275345102766034,Mar 18
2018-04-01,Senna 7.5mg tablets,Senna,Tablet,324841.59,12095307,,324841.59,0.0268568288510577,Apr 18
2018-05-01,Senna 7.5mg tablets,Senna,Tablet,339106.36,12627082,,339106.36,0.0268554809416776,May 18
2018-06-01,Senna 7.5mg tablets,Senna,Tablet,332712.36,12389451,,332712.36,0.0268544877412244,Jun 18
2018-07-01,Senna 7.5mg tablets,Senna,Tablet,342451.67,12607582,,342451.67,0.0271623591264368,Jul 18
2018-08-01,Senna 7.5mg tablets,Senna,Tablet,406494.02,12919338,,406494.02,0.0314639976135,Aug 18
2018-09-01,Senna 7.5mg tablets,Senna,Tablet,378965.68,12043295,,378965.68,0.0314669432244249,Sep 18
2018-10-01,Senna 7.5mg tablets,Senna,Tablet,415140.26,13126581,,415140.26,0.0316259245267294,Oct 18
2018-11-01,Senna 7.5mg tablets,Senna,Tablet,364688.69,12779058,,364688.69,0.0285379947410834,Nov 18
2018-12-01,Senna 7.5mg tablets,Senna,Tablet,360741.64,12642243,,360741.64,0.0285346231677401,Dec 18
2019-01-01,Senna 7.5mg tablets,Senna,Tablet,372764.72,13140900,,372764.72,0.02836675722363,Jan 19
2019-02-01,Senna 7.5mg tablets,Senna,Tablet,335640.79,11832275,,335640.79,0.0283665474306505,Feb 19
2019-03-01,Senna 7.5mg tablets,Senna,Tablet,360375.93,12693307,,360375.93,0.0283910197712858,Mar 19
2019-04-01,Senna 7.5mg tablets,Senna,Tablet,377454.11,12521540,,377454.11,0.0301443839974955,Apr 19
2019-05-01,Senna 7.5mg tablets,Senna,Tablet,402283.97,13343356,,402283.97,0.0301486350210547,May 19
2019-06-01,Senna 7.5mg tablets,Senna,Tablet,376701.42,12494728,,376701.42,0.0301488291701908,Jun 19
2019-07-01,Senna 7.5mg tablets,Senna,Tablet,380374.42,12812659,,380374.42,0.0296873911964722,Jul 19
2019-08-01,Senna 7.5mg tablets,Senna,Tablet,455934.74,13602779,,455934.74,0.0335177642744913,Aug 19
2019-09-01,Senna 7.5mg tablets,Senna,Tablet,427575.31,12756732,,427575.31,0.0335176211274173,Sep 19
2019-10-01,Senna 7.5mg tablets,Senna,Tablet,463523.32,13568849,,463523.32,0.0341608429720163,Oct 19
2019-11-01,Senna 7.5mg tablets,Senna,Tablet,445324.77,13036819,,445324.77,0.034159005352456,Nov 19
2019-12-01,Senna 7.5mg tablets,Senna,Tablet,450895.48,13199731,,450895.48,0.0341594446129243,Dec 19
2020-01-01,Senna 7.5mg tablets,Senna,Tablet,475092.54,13517372,,475092.54,0.0351468125609031,Jan 20
2020-02-01,Senna 7.5mg tablets,Senna,Tablet,428593.73,12194230,,428593.73,0.0351472565303426,Feb 20
2020-03-01,Senna 7.5mg tablets,Senna,Tablet,475014.05,13515088,,475014.05,0.0351469446591839,Mar 20
2020-04-01,Senna 7.5mg tablets,Senna,Tablet,479071.43,13750952,,479071.43,0.0348391464096449,Apr 20
2020-05-01,Senna 7.5mg tablets,Senna,Tablet,447494.88,12843849,,447494.88,0.0348411819541011,May 20
2020-06-01,Senna 7.5mg tablets,Senna,Tablet,515686.8,13294950,,515686.8,0.0387881714485575,Jun 20
2020-07-01,Senna 7.5mg tablets,Senna,Tablet,566211.93,13704488,TRUE,531572.030158699,0.0413158032609463,Jul 20
2020-08-01,Senna 7.5mg tablets,Senna,Tablet,578669,12583528,TRUE,488092.041491724,0.0459862289812523,Aug 20
2020-09-01,Senna 7.5mg tablets,Senna,Tablet,618308.8,13442628,TRUE,521414.95958318,0.045996125162431,Sep 20
2020-10-01,Senna 7.5mg tablets,Senna,Tablet,635563.51,13817800,TRUE,535967.195441878,0.0459959986394361,Oct 20
2020-11-01,Senna 7.5mg tablets,Senna,Tablet,610130.39,13260649,TRUE,514356.326931143,0.0460105979729952,Nov 20
2020-12-01,Senna 7.5mg tablets,Senna,Tablet,610920.73,14667260,TRUE,568916.19556057,0.0416520011235909,Dec 20
2021-01-01,Senna 7.5mg tablets,Senna,Tablet,711741.87,13869417,,537969.324487539,0.0513173603475907,Jan 21
2021-02-01,Senna 7.5mg tablets,Senna,Tablet,658628.21,12833993,,497807.120853587,0.051319040769307,Feb 21
