shortages_data.csv
month_full,product_pack,active_ingredients,dosage,value,quantity,shortage,base_no_shortage_estimate,price_per_piece,xaxis_months
2014-01-01,Orlistat 120mg capsules,Orlistat,Capsule,1426050.7,3934550,,1426050.7,0.362443151059206,Jan 14
2014-02-01,Orlistat 120mg capsules,Orlistat,Capsule,1320269.07,3642701,,1320269.07,0.362442338802993,Feb 14
2014-03-01,Orlistat 120mg capsules,Orlistat,Capsule,1469836.51,4055723,,1469836.51,0.362410477737262,Mar 14
2014-04-01,Orlistat 120mg capsules,Orlistat,Capsule,1205317.8,3844213,,1205317.8,0.313540846982204,Apr 14
2014-05-01,Orlistat 120mg capsules,Orlistat,Capsule,1260168.11,4019557,,1260168.11,0.313509202631036,May 14
2014-06-01,Orlistat 120mg capsules,Orlistat,Capsule,1272450.91,4059448,,1272450.91,0.313454171601656,Jun 14
2014-07-01,Orlistat 120mg capsules,Orlistat,Capsule,1351239.84,4292916,,1351239.84,0.314760372669766,Jul 14
2014-08-01,Orlistat 120mg capsules,Orlistat,Capsule,1158697.8,3681326,,1158697.8,0.314750119929612,Aug 14
2014-09-01,Orlistat 120mg capsules,Orlistat,Capsule,1236412.37,3928144,,1236412.37,0.314757394331776,Sep 14
2014-10-01,Orlistat 120mg capsules,Orlistat,Capsule,1281655.72,3890161,,1281655.72,0.329460842366164,Oct 14
2014-11-01,Orlistat 120mg capsules,Orlistat,Capsule,1131752.21,3435125,,1131752.21,0.329464636658055,Nov 14
2014-12-01,Orlistat 120mg capsules,Orlistat,Capsule,1136321.22,3448818,,1136321.22,0.329481352741722,Dec 14
2015-01-01,Orlistat 120mg capsules,Orlistat,Capsule,1132355.95,3489247,,1132355.95,0.324527312053288,Jan 15
2015-02-01,Orlistat 120mg capsules,Orlistat,Capsule,1092193.01,3365910,,1092193.01,0.324486694534316,Feb 15
2015-03-01,Orlistat 120mg capsules,Orlistat,Capsule,1263569.25,3893966,,1263569.25,0.324494166102118,Mar 15
2015-04-01,Orlistat 120mg capsules,Orlistat,Capsule,1171978.91,3707427,,1171978.91,0.316116516926699,Apr 15
2015-05-01,Orlistat 120mg capsules,Orlistat,Capsule,1158847.28,3665773,,1158847.28,0.316126306784408,May 15
2015-06-01,Orlistat 120mg capsules,Orlistat,Capsule,1264093.35,3998951,,1264093.35,0.316106236360486,Jun 15
2015-07-01,Orlistat 120mg capsules,Orlistat,Capsule,1320727.03,4050465,,1320727.03,0.326068002068898,Jul 15
2015-08-01,Orlistat 120mg capsules,Orlistat,Capsule,1132366.13,3472594,,1132366.13,0.326086530702985,Aug 15
2015-09-01,Orlistat 120mg capsules,Orlistat,Capsule,1203926.43,3691785,,1203926.43,0.326109573011429,Sep 15
2015-10-01,Orlistat 120mg capsules,Orlistat,Capsule,1095412.28,3580409,,1095412.28,0.305946130735343,Oct 15
2015-11-01,Orlistat 120mg capsules,Orlistat,Capsule,1016764.35,3323356,,1016764.35,0.305945059752852,Nov 15
2015-12-01,Orlistat 120mg capsules,Orlistat,Capsule,1006256.99,3288386,,1006256.99,0.30600330678941,Dec 15
2016-01-01,Orlistat 120mg capsules,Orlistat,Capsule,866120.58,3237526,,866120.58,0.267525443811108,Jan 16
2016-02-01,Orlistat 120mg capsules,Orlistat,Capsule,881010.25,3294147,,881010.25,0.267447157033369,Feb 16
2016-03-01,Orlistat 120mg capsules,Orlistat,Capsule,913199.95,3413977,,913199.95,0.267488606396587,Mar 16
2016-04-01,Orlistat 120mg capsules,Orlistat,Capsule,959677.99,3607831,,959677.99,0.265998598603981,Apr 16
2016-05-01,Orlistat 120mg capsules,Orlistat,Capsule,932409.53,3503725,,932409.53,0.266119495679598,May 16
2016-06-01,Orlistat 120mg capsules,Orlistat,Capsule,879948.35,3667401,,879948.35,0.23993786062664,Jun 16
2016-07-01,Orlistat 120mg capsules,Orlistat,Capsule,797325.87,3568546,,797325.87,0.223431579696605,Jul 16
2016-08-01,Orlistat 120mg capsules,Orlistat,Capsule,757633.95,3392835,,757633.95,0.22330409524778,Aug 16
2016-09-01,Orlistat 120mg capsules,Orlistat,Capsule,769111.56,3442549,,769111.56,0.223413395132502,Sep 16
2016-10-01,Orlistat 120mg capsules,Orlistat,Capsule,703920.44,3192523,,703920.44,0.220490326929516,Oct 16
2016-11-01,Orlistat 120mg capsules,Orlistat,Capsule,700807.51,3178005,,700807.51,0.220518064005563,Nov 16
2016-12-01,Orlistat 120mg capsules,Orlistat,Capsule,632775.89,2867404,,632775.89,0.220679014885939,Dec 16
2017-01-01,Orlistat 120mg capsules,Orlistat,Capsule,612445.18,2915751,,612445.18,0.21004714737301,Jan 17
2017-02-01,Orlistat 120mg capsules,Orlistat,Capsule,594474.33,2829463,,594474.33,0.210101468017076,Feb 17
2017-03-01,Orlistat 120mg capsules,Orlistat,Capsule,703826.01,3350777,,703826.01,0.210048597683463,Mar 17
2017-04-01,Orlistat 120mg capsules,Orlistat,Capsule,579547.51,2872321,,579547.51,0.201769756931764,Apr 17
2017-05-01,Orlistat 120mg capsules,Orlistat,Capsule,654436.03,3245696,,654436.03,0.201631955056789,May 17
2017-06-01,Orlistat 120mg capsules,Orlistat,Capsule,667800.18,3310032,,667800.18,0.201750369784945,Jun 17
2017-07-01,Orlistat 120mg capsules,Orlistat,Capsule,603216.55,3231356,,603216.55,0.186675980609998,Jul 17
2017-08-01,Orlistat 120mg capsules,Orlistat,Capsule,511937.82,3055741,,511937.82,0.167533118808171,Aug 17
2017-09-01,Orlistat 120mg capsules,Orlistat,Capsule,497446.3,2969519,,497446.3,0.167517466633485,Sep 17
2017-10-01,Orlistat 120mg capsules,Orlistat,Capsule,485345.74,2967859,,485345.74,0.163533961687533,Oct 17
2017-11-01,Orlistat 120mg capsules,Orlistat,Capsule,471614.49,2887602,,471614.49,0.1633239241419,Nov 17
2017-12-01,Orlistat 120mg capsules,Orlistat,Capsule,415066.7,2539455,,415066.7,0.16344715696872,Dec 17
2018-01-01,Orlistat 120mg capsules,Orlistat,Capsule,444232.1,2751301,,444232.1,0.161462558985731,Jan 18
2018-02-01,Orlistat 120mg capsules,Orlistat,Capsule,407332.5,2522534,,407332.5,0.161477506348775,Feb 18
2018-03-01,Orlistat 120mg capsules,Orlistat,Capsule,456429.07,2826891,,456429.07,0.161459734386646,Mar 18
2018-04-01,Orlistat 120mg capsules,Orlistat,Capsule,526156.79,2764985,,526156.79,0.190292818948385,Apr 18
2018-05-01,Orlistat 120mg capsules,Orlistat,Capsule,623040.05,2984894,TRUE,568003.893522121,0.208731047065658,May 18
2018-06-01,Orlistat 120mg capsules,Orlistat,Capsule,728489.57,3048093,TRUE,580030.209386839,0.238998472159478,Jun 18
2018-07-01,Orlistat 120mg capsules,Orlistat,Capsule,906351.26,3037536,TRUE,578021.288097201,0.298383709691013,Jul 18
2018-08-01,Orlistat 120mg capsules,Orlistat,Capsule,838589.38,2929965,TRUE,557551.299270105,0.286211398429674,Aug 18
2018-09-01,Orlistat 120mg capsules,Orlistat,Capsule,786908.76,2751596,TRUE,523608.9594471,0.285982666059988,Sep 18
2018-10-01,Orlistat 120mg capsules,Orlistat,Capsule,830915.77,2897487,TRUE,551370.969096299,0.286771181371996,Oct 18
2018-11-01,Orlistat 120mg capsules,Orlistat,Capsule,791362.59,2739954,TRUE,521393.570448903,0.288823312362178,Nov 18
2018-12-01,Orlistat 120mg capsules,Orlistat,Capsule,720009.64,2412284,TRUE,459040.322464086,0.298476315392383,Dec 18
2019-01-01,Orlistat 120mg capsules,Orlistat,Capsule,828181.89,2630056,TRUE,500480.770232114,0.314891352123301,Jan 19
2019-02-01,Orlistat 120mg capsules,Orlistat,Capsule,710562.1,2481398,TRUE,472192.220352885,0.286355554409248,Feb 19
2019-03-01,Orlistat 120mg capsules,Orlistat,Capsule,801528.78,2799296,TRUE,532685.926910938,0.286332270685201,Mar 19
2019-04-01,Orlistat 120mg capsules,Orlistat,Capsule,844749.16,2667925,,507686.96899287,0.316631524499377,Apr 19
2019-05-01,Orlistat 120mg capsules,Orlistat,Capsule,926387.5,2926292,,556852.353746107,0.316573841571518,May 19
2019-06-01,Orlistat 120mg capsules,Orlistat,Capsule,867467.16,2740507,,521498.802377782,0.316535283434781,Jun 19
2019-07-01,Orlistat 120mg capsules,Orlistat,Capsule,909839.4,2969345,,565045.030480292,0.306410807770737,Jul 19
2019-08-01,Orlistat 120mg capsules,Orlistat,Capsule,977320.17,2852035,,542721.779889457,0.342674676152291,Aug 19
2019-09-01,Orlistat 120mg capsules,Orlistat,Capsule,919648.63,2684096,,510764.194168084,0.342628814319607,Sep 19
2019-10-01,Orlistat 120mg capsules,Orlistat,Capsule,936312.66,2732365,TRUE,519949.438245904,0.342674811015366,Oct 19
2019-11-01,Orlistat 120mg capsules,Orlistat,Capsule,871102.84,2566614,TRUE,488408.21321239,0.339397681147224,Nov 19
2019-12-01,Orlistat 120mg capsules,Orlistat,Capsule,760131.08,2316487,,440810.841287287,0.328139583774914,Dec 19
2020-01-01,Orlistat 120mg capsules,Orlistat,Capsule,810172.55,2530511,,481538.071569896,0.320161639289456,Jan 20
2020-02-01,Orlistat 120mg capsules,Orlistat,Capsule,757225.65,2364805,,450005.409713235,0.32020638065295,Feb 20
2020-03-01,Orlistat 120mg capsules,Orlistat,Capsule,803607.39,2510147,,477662.948604832,0.320143557329511,Mar 20
2020-04-01,Orlistat 120mg capsules,Orlistat,Capsule,672211.64,2066654,,393269.415450955,0.325265690338102,Apr 20
2020-05-01,Orlistat 120mg capsules,Orlistat,Capsule,654141.19,2011172,,382711.589270061,0.325253727677195,May 20
2020-06-01,Orlistat 120mg capsules,Orlistat,Capsule,795717.82,2189910,,416724.147143258,0.363356402774543,Jun 20
2020-07-01,Orlistat 120mg capsules,Orlistat,Capsule,786607.21,2265675,,431141.682570882,0.347184485859622,Jul 20
2020-08-01,Orlistat 120mg capsules,Orlistat,Capsule,711665.88,2050045,,390108.842021042,0.347146467516567,Aug 20
2020-09-01,Orlistat 120mg capsules,Orlistat,Capsule,772295.45,2224772,,423358.135397436,0.347134650202358,Sep 20
2020-10-01,Orlistat 120mg capsules,Orlistat,Capsule,668734.99,2219589,,422371.847716827,0.301287756426978,Oct 20
2020-11-01,Orlistat 120mg capsules,Orlistat,Capsule,644772.37,2139841,,407196.375991331,0.301317887637446,Nov 20
2020-12-01,Orlistat 120mg capsules,Orlistat,Capsule,634835.64,2106661,,400882.460258624,0.30134684223043,Dec 20
2021-01-01,Orlistat 120mg capsules,Orlistat,Capsule,635868.17,2157774,,410608.897113532,0.294687103468667,Jan 21
2021-02-01,Orlistat 120mg capsules,Orlistat,Capsule,642926.74,2181790,,415178.969453397,0.294678562098094,Feb 21
