shortages_data.csv
month_full,product_pack,active_ingredients,dosage,value,quantity,shortage,base_no_shortage_estimate,price_per_piece,xaxis_months
2014-01-01,Digoxin 62.5microgram tablets,Digoxin,Tablet,117263.47,2335263,,117263.47,0.0502142456759688,Jan 14
2014-02-01,Digoxin 62.5microgram tablets,Digoxin,Tablet,105283.38,2096978,,105283.38,0.0502071933992631,Feb 14
2014-03-01,Digoxin 62.5microgram tablets,Digoxin,Tablet,112368.74,2239050,,112368.74,0.0501859002702039,Mar 14
2014-04-01,Digoxin 62.5microgram tablets,Digoxin,Tablet,102806.82,2253012,,102806.82,0.0456308355215152,Apr 14
2014-05-01,Digoxin 62.5microgram tablets,Digoxin,Tablet,105392.67,2310500,,105392.67,0.045614659164683,May 14
2014-06-01,Digoxin 62.5microgram tablets,Digoxin,Tablet,100244.75,2197616,,100244.75,0.0456152257719274,Jun 14
2014-07-01,Digoxin 62.5microgram tablets,Digoxin,Tablet,112086.93,2366270,,112086.93,0.0473686138944415,Jul 14
2014-08-01,Digoxin 62.5microgram tablets,Digoxin,Tablet,104654.45,2208776,,104654.45,0.0473811966446575,Aug 14
2014-09-01,Digoxin 62.5microgram tablets,Digoxin,Tablet,107235.27,2264737,,107235.27,0.0473499881001635,Sep 14
2014-10-01,Digoxin 62.5microgram tablets,Digoxin,Tablet,125031.95,2370824,,125031.95,0.0527377612171971,Oct 14
2014-11-01,Digoxin 62.5microgram tablets,Digoxin,Tablet,111103.49,2106360,,111103.49,0.0527466767314229,Nov 14
2014-12-01,Digoxin 62.5microgram tablets,Digoxin,Tablet,126373.87,2395562,,126373.87,0.0527533288639576,Dec 14
2015-01-01,Digoxin 62.5microgram tablets,Digoxin,Tablet,326848.22,2195220,TRUE,115805.162588737,0.148890871985496,Jan 15
2015-02-01,Digoxin 62.5microgram tablets,Digoxin,Tablet,305761.73,2045583,TRUE,107911.312717521,0.149474125469365,Feb 15
2015-03-01,Digoxin 62.5microgram tablets,Digoxin,Tablet,396662.59,2233761,TRUE,117838.328636483,0.177576110425422,Mar 15
2015-04-01,Digoxin 62.5microgram tablets,Digoxin,Tablet,368529.23,2179970,TRUE,115000.674323562,0.169052431914201,Apr 15
2015-05-01,Digoxin 62.5microgram tablets,Digoxin,Tablet,378882.64,2132376,TRUE,112489.93238961,0.177680971836111,May 15
2015-06-01,Digoxin 62.5microgram tablets,Digoxin,Tablet,330606.82,2209641,TRUE,116565.918344284,0.1496201509657,Jun 15
2015-07-01,Digoxin 62.5microgram tablets,Digoxin,Tablet,338132.17,2286611,TRUE,120626.342066943,0.147874811238116,Jul 15
2015-08-01,Digoxin 62.5microgram tablets,Digoxin,Tablet,328902.25,2074623,TRUE,109443.26938773,0.158535912307923,Aug 15
2015-09-01,Digoxin 62.5microgram tablets,Digoxin,Tablet,345770.21,2181418,TRUE,115077.061143757,0.158507085757979,Sep 15
2015-10-01,Digoxin 62.5microgram tablets,Digoxin,Tablet,465566.32,2196643,,115880.23057571,0.211944462527593,Oct 15
2015-11-01,Digoxin 62.5microgram tablets,Digoxin,Tablet,444571.8,2098116,,110682.603342731,0.211890953598371,Nov 15
2015-12-01,Digoxin 62.5microgram tablets,Digoxin,Tablet,492969.85,2326110,,122710.04580374,0.211928864069197,Dec 15
2016-01-01,Digoxin 62.5microgram tablets,Digoxin,Tablet,377254.17,2036865,,107451.409196485,0.185213143728229,Jan 16
2016-02-01,Digoxin 62.5microgram tablets,Digoxin,Tablet,374258.25,2020141,,106569.162524564,0.185263429631892,Feb 16
2016-03-01,Digoxin 62.5microgram tablets,Digoxin,Tablet,393530.96,2123461,,112019.636462788,0.185325259093527,Mar 16
2016-04-01,Digoxin 62.5microgram tablets,Digoxin,Tablet,242721.17,2137233,,112746.155307903,0.113567949774311,Apr 16
2016-05-01,Digoxin 62.5microgram tablets,Digoxin,Tablet,232926.04,2046991,,107985.589404561,0.113789479289357,May 16
2016-06-01,Digoxin 62.5microgram tablets,Digoxin,Tablet,219008.19,2130933,,112413.80933606,0.102775727814999,Jun 16
2016-07-01,Digoxin 62.5microgram tablets,Digoxin,Tablet,163645.5,2080686,,109763.112820632,0.0786497818507934,Jul 16
2016-08-01,Digoxin 62.5microgram tablets,Digoxin,Tablet,165060.61,2100670,,110817.33534465,0.0785752212389381,Aug 16
2016-09-01,Digoxin 62.5microgram tablets,Digoxin,Tablet,167163.1,2129292,,112327.241123394,0.0785064237314563,Sep 16
2016-10-01,Digoxin 62.5microgram tablets,Digoxin,Tablet,148255.91,2033088,,107252.159873366,0.0729215410252778,Oct 16
2016-11-01,Digoxin 62.5microgram tablets,Digoxin,Tablet,153890.84,2111091,,111367.077784741,0.0728963554863339,Nov 16
2016-12-01,Digoxin 62.5microgram tablets,Digoxin,Tablet,158023.04,2164856,,114203.360511112,0.0729947118884582,Dec 16
2017-01-01,Digoxin 62.5microgram tablets,Digoxin,Tablet,129769.46,1979912,,104446.948857696,0.0655430443373241,Jan 17
2017-02-01,Digoxin 62.5microgram tablets,Digoxin,Tablet,122883.36,1873485,,98832.5703266916,0.0655907893578011,Feb 17
2017-03-01,Digoxin 62.5microgram tablets,Digoxin,Tablet,140323.71,2140667,,112927.310239222,0.0655513958966995,Mar 17
2017-04-01,Digoxin 62.5microgram tablets,Digoxin,Tablet,122409.05,1907645,,100634.624040684,0.0641676255278105,Apr 17
2017-05-01,Digoxin 62.5microgram tablets,Digoxin,Tablet,133355.59,2079337,,109691.948579995,0.0641337070421966,May 17
2017-06-01,Digoxin 62.5microgram tablets,Digoxin,Tablet,133858.21,2085408,,110012.214039528,0.06418801980236,Jun 17
2017-07-01,Digoxin 62.5microgram tablets,Digoxin,Tablet,119220.16,2008254,,105942.083704358,0.059365080313546,Jul 17
2017-08-01,Digoxin 62.5microgram tablets,Digoxin,Tablet,110040.33,2048627,,108071.893850583,0.0537141851591334,Aug 17
2017-09-01,Digoxin 62.5microgram tablets,Digoxin,Tablet,107081.72,1995618,,105275.492640833,0.0536584256105126,Sep 17
2017-10-01,Digoxin 62.5microgram tablets,Digoxin,Tablet,108380.88,2019616,,106541.467026911,0.0536641024828482,Oct 17
2017-11-01,Digoxin 62.5microgram tablets,Digoxin,Tablet,109030.64,2031018,,107142.960482617,0.053682754165645,Nov 17
2017-12-01,Digoxin 62.5microgram tablets,Digoxin,Tablet,109605.23,2042057,,107725.304479947,0.05367393270609,Dec 17
2018-01-01,Digoxin 62.5microgram tablets,Digoxin,Tablet,96050.15,2016680,,96050.15,0.0476278586587857,Jan 18
2018-02-01,Digoxin 62.5microgram tablets,Digoxin,Tablet,88390.56,1811630,TRUE,88390.56,0.0487906250172497,Feb 18
2018-03-01,Digoxin 62.5microgram tablets,Digoxin,Tablet,116990.08,2000575,TRUE,105536.990892012,0.058478227509591,Mar 18
2018-04-01,Digoxin 62.5microgram tablets,Digoxin,Tablet,106759.17,1910930,TRUE,100807.918726003,0.0558676508297007,Apr 18
2018-05-01,Digoxin 62.5microgram tablets,Digoxin,Tablet,108844.47,2009105,TRUE,105986.976787222,0.054175600578367,May 18
2018-06-01,Digoxin 62.5microgram tablets,Digoxin,Tablet,105718.49,1952201,TRUE,102985.101361547,0.0541534862445004,Jun 18
2018-07-01,Digoxin 62.5microgram tablets,Digoxin,Tablet,98898.4,1969425,,98898.4,0.0502168907168336,Jul 18
2018-08-01,Digoxin 62.5microgram tablets,Digoxin,Tablet,116373.92,2017562,,106433.111689424,0.0576804678121416,Aug 18
2018-09-01,Digoxin 62.5microgram tablets,Digoxin,Tablet,107804.45,1869194,,98606.2057925364,0.0576742970499584,Sep 18
2018-10-01,Digoxin 62.5microgram tablets,Digoxin,Tablet,127252.89,2028844,,107028.274745667,0.0627218701881466,Oct 18
2018-11-01,Digoxin 62.5microgram tablets,Digoxin,Tablet,111166.55,1966031,,103714.679899735,0.0565436404614169,Nov 18
2018-12-01,Digoxin 62.5microgram tablets,Digoxin,Tablet,111822.81,1975672,,104223.274743313,0.0565998860134678,Dec 18
2019-01-01,Digoxin 62.5microgram tablets,Digoxin,Tablet,99227.59,1972593,,99227.59,0.0503031238577852,Jan 19
2019-02-01,Digoxin 62.5microgram tablets,Digoxin,Tablet,89935.65,1787613,,89935.65,0.0503104698835822,Feb 19
2019-03-01,Digoxin 62.5microgram tablets,Digoxin,Tablet,95310.67,1899414,,95310.67,0.0501789867822392,Mar 19
2019-04-01,Digoxin 62.5microgram tablets,Digoxin,Tablet,94928.24,1891966,,94928.24,0.0501743900260364,Apr 19
2019-05-01,Digoxin 62.5microgram tablets,Digoxin,Tablet,100613.4,2009546,,100613.4,0.0500677267402687,May 19
2019-06-01,Digoxin 62.5microgram tablets,Digoxin,Tablet,92842.21,1856336,,92842.21,0.0500136882547125,Jun 19
2019-07-01,Digoxin 62.5microgram tablets,Digoxin,Tablet,89639.53,1905291,,89639.53,0.047047684579416,Jul 19
2019-08-01,Digoxin 62.5microgram tablets,Digoxin,Tablet,108247.59,2025474,,106850.496027396,0.0534430903581088,Aug 19
2019-09-01,Digoxin 62.5microgram tablets,Digoxin,Tablet,100491.45,1881611,,99261.2438770401,0.0534071335679904,Sep 19
2019-10-01,Digoxin 62.5microgram tablets,Digoxin,Tablet,112689.95,1986884,,104814.745066536,0.0567169245914709,Oct 19
2019-11-01,Digoxin 62.5microgram tablets,Digoxin,Tablet,108243.51,1910134,,100765.927076227,0.0566680191023248,Nov 19
2019-12-01,Digoxin 62.5microgram tablets,Digoxin,Tablet,111792.29,1972805,,104072.03094946,0.0566666700459498,Dec 19
2020-01-01,Digoxin 62.5microgram tablets,Digoxin,Tablet,107801.79,1967475,,103790.855706615,0.0547919490717798,Jan 20
2020-02-01,Digoxin 62.5microgram tablets,Digoxin,Tablet,97897.71,1787199,,94280.6965923362,0.0547771736667265,Feb 20
2020-03-01,Digoxin 62.5microgram tablets,Digoxin,Tablet,111089.19,2028833,,107027.69445905,0.0547552164224458,Mar 20
2020-04-01,Digoxin 62.5microgram tablets,Digoxin,Tablet,105739.13,1943762,,102539.916019264,0.054399216570753,Apr 20
2020-05-01,Digoxin 62.5microgram tablets,Digoxin,Tablet,99026.39,1819757,,95998.2394734889,0.0544173700114905,May 20
2020-06-01,Digoxin 62.5microgram tablets,Digoxin,Tablet,112268.28,1857255,,97976.3837992296,0.0604485006097709,Jun 20
2020-07-01,Digoxin 62.5microgram tablets,Digoxin,Tablet,112133.63,1920280,,101301.162350881,0.0583944164392693,Jul 20
2020-08-01,Digoxin 62.5microgram tablets,Digoxin,Tablet,102262.38,1753026,,92477.9570850681,0.0583347765520877,Aug 20
2020-09-01,Digoxin 62.5microgram tablets,Digoxin,Tablet,108963.75,1866591,,98468.8888775035,0.0583758038049042,Sep 20
2020-10-01,Digoxin 62.5microgram tablets,Digoxin,Tablet,105474.88,1889732,,99689.6536607443,0.0558147292843641,Oct 20
2020-11-01,Digoxin 62.5microgram tablets,Digoxin,Tablet,101276.91,1814690,,95730.9383561352,0.0558094826113551,Nov 20
2020-12-01,Digoxin 62.5microgram tablets,Digoxin,Tablet,109262.52,1958662,,103325.940619337,0.0557842649727212,Dec 20
2021-01-01,Digoxin 62.5microgram tablets,Digoxin,Tablet,105074.14,1792477,,94559.1286620801,0.0586195192462721,Jan 21
2021-02-01,Digoxin 62.5microgram tablets,Digoxin,Tablet,98296.02,1676831,,88458.4171922789,0.058620111388685,Feb 21
