shortages_data.csv
month_full,product_pack,active_ingredients,dosage,value,quantity,shortage,base_no_shortage_estimate,price_per_piece,xaxis_months
2014-01-01,Digoxin 125microgram tablets,Digoxin,Tablet,175679.16,4698930,,175679.16,0.0373870562021567,Jan 14
2014-02-01,Digoxin 125microgram tablets,Digoxin,Tablet,157868.36,4224031,,157868.36,0.0373738639702218,Feb 14
2014-03-01,Digoxin 125microgram tablets,Digoxin,Tablet,168456.6,4507361,,168456.6,0.0373736649893363,Mar 14
2014-04-01,Digoxin 125microgram tablets,Digoxin,Tablet,155619.49,4505978,,155619.49,0.0345362294267748,Apr 14
2014-05-01,Digoxin 125microgram tablets,Digoxin,Tablet,161320.79,4670756,,161320.79,0.0345384751419256,May 14
2014-06-01,Digoxin 125microgram tablets,Digoxin,Tablet,152310.3,4410162,,152310.3,0.0345362143159367,Jun 14
2014-07-01,Digoxin 125microgram tablets,Digoxin,Tablet,168180.94,4719723,,168180.94,0.0356336462966153,Jul 14
2014-08-01,Digoxin 125microgram tablets,Digoxin,Tablet,156442.56,4390635,,156442.56,0.0356309645415754,Aug 14
2014-09-01,Digoxin 125microgram tablets,Digoxin,Tablet,160573.22,4506829,,160573.22,0.0356288689897043,Sep 14
2014-10-01,Digoxin 125microgram tablets,Digoxin,Tablet,179781.4,4672977,,179781.4,0.0384725625655765,Oct 14
2014-11-01,Digoxin 125microgram tablets,Digoxin,Tablet,161134.25,4188427,,161134.25,0.0384713043822896,Nov 14
2014-12-01,Digoxin 125microgram tablets,Digoxin,Tablet,182889.27,4753536,,182889.27,0.0384743630846595,Dec 14
2015-01-01,Digoxin 125microgram tablets,Digoxin,Tablet,765161.94,4331775,TRUE,166662.284151051,0.176639354537112,Jan 15
2015-02-01,Digoxin 125microgram tablets,Digoxin,Tablet,715455.06,4030100,TRUE,155055.530667486,0.177527867794844,Feb 15
2015-03-01,Digoxin 125microgram tablets,Digoxin,Tablet,779369.18,4389822,TRUE,168895.605505026,0.177540041486876,Mar 15
2015-04-01,Digoxin 125microgram tablets,Digoxin,Tablet,748423.65,4298865,TRUE,165396.092861935,0.174097965393191,Apr 15
2015-05-01,Digoxin 125microgram tablets,Digoxin,Tablet,744144.18,4187030,TRUE,161093.312466362,0.177726020592162,May 15
2015-06-01,Digoxin 125microgram tablets,Digoxin,Tablet,764080.88,4297503,TRUE,165343.690779413,0.177796473905894,Jun 15
2015-07-01,Digoxin 125microgram tablets,Digoxin,Tablet,787556.7,4465666,TRUE,171813.655098819,0.176358173674431,Jul 15
2015-08-01,Digoxin 125microgram tablets,Digoxin,Tablet,633764.16,4042369,TRUE,155527.572628172,0.156780382988292,Aug 15
2015-09-01,Digoxin 125microgram tablets,Digoxin,Tablet,525010.12,4271012,TRUE,164324.466426938,0.122924056406304,Sep 15
2015-10-01,Digoxin 125microgram tablets,Digoxin,Tablet,907521.49,4260146,,163906.40399766,0.213025912726935,Oct 15
2015-11-01,Digoxin 125microgram tablets,Digoxin,Tablet,868968.69,4079161,,156943.121394783,0.213026328208178,Nov 15
2015-12-01,Digoxin 125microgram tablets,Digoxin,Tablet,966228.15,4536692,,174546.33521127,0.212980768806875,Dec 15
2016-01-01,Digoxin 125microgram tablets,Digoxin,Tablet,704654.3,3940127,,151593.87679767,0.178840504379681,Jan 16
2016-02-01,Digoxin 125microgram tablets,Digoxin,Tablet,699612.03,3909517,,150416.176543649,0.178951013641839,Feb 16
2016-03-01,Digoxin 125microgram tablets,Digoxin,Tablet,737865.3,4124641,,158692.935427873,0.178892005389075,Mar 16
2016-04-01,Digoxin 125microgram tablets,Digoxin,Tablet,495331.16,4145925,,159511.823771767,0.119474221072499,Apr 16
2016-05-01,Digoxin 125microgram tablets,Digoxin,Tablet,473928.76,3970233,,152752.185972697,0.119370515533975,May 16
2016-06-01,Digoxin 125microgram tablets,Digoxin,Tablet,441618.03,4099448,,157723.650798681,0.107726218261581,Jun 16
2016-07-01,Digoxin 125microgram tablets,Digoxin,Tablet,318237.52,4015856,,154507.501839708,0.0792452518217785,Jul 16
2016-08-01,Digoxin 125microgram tablets,Digoxin,Tablet,320102.22,4041762,,155504.21868978,0.0791986811692524,Aug 16
2016-09-01,Digoxin 125microgram tablets,Digoxin,Tablet,320116.47,4042520,,155533.382256998,0.0791873559067117,Sep 16
2016-10-01,Digoxin 125microgram tablets,Digoxin,Tablet,292514.66,3904689,,150230.422318676,0.0749136896690108,Oct 16
2016-11-01,Digoxin 125microgram tablets,Digoxin,Tablet,301389.95,4023334,,154795.213126855,0.0749104971150792,Nov 16
2016-12-01,Digoxin 125microgram tablets,Digoxin,Tablet,311217.54,4154932,,159858.36236007,0.0749031608700215,Dec 16
2017-01-01,Digoxin 125microgram tablets,Digoxin,Tablet,246683.48,3797807,,146118.205443461,0.0649541906684568,Jan 17
2017-02-01,Digoxin 125microgram tablets,Digoxin,Tablet,232575.65,3580035,,137739.566445789,0.064964630234062,Feb 17
2017-03-01,Digoxin 125microgram tablets,Digoxin,Tablet,265198.84,4082910,,157087.361781987,0.064953388637026,Mar 17
2017-04-01,Digoxin 125microgram tablets,Digoxin,Tablet,235649.97,3653992,,140585.014916441,0.0644911017867582,Apr 17
2017-05-01,Digoxin 125microgram tablets,Digoxin,Tablet,255092.71,3956114,,152208.966440305,0.0644806266957929,May 17
2017-06-01,Digoxin 125microgram tablets,Digoxin,Tablet,254127.89,3940992,,151627.157121738,0.0644832290956186,Jun 17
2017-07-01,Digoxin 125microgram tablets,Digoxin,Tablet,228613.66,3837404,,147641.674798525,0.0595750825297519,Jul 17
2017-08-01,Digoxin 125microgram tablets,Digoxin,Tablet,209403,3885702,,149499.909586788,0.0538906483307263,Aug 17
2017-09-01,Digoxin 125microgram tablets,Digoxin,Tablet,202463.93,3757493,,144567.149970066,0.0538827164814412,Sep 17
2017-10-01,Digoxin 125microgram tablets,Digoxin,Tablet,200444.43,3820453,,146989.495869877,0.0524661421040908,Oct 17
2017-11-01,Digoxin 125microgram tablets,Digoxin,Tablet,201733.87,3844781,,147925.500175,0.0524695346757072,Nov 17
2017-12-01,Digoxin 125microgram tablets,Digoxin,Tablet,201663.33,3844393,,147910.572122123,0.0524564814263266,Dec 17
2018-01-01,Digoxin 125microgram tablets,Digoxin,Tablet,183558.39,3808115,,146514.799178138,0.0482019030412685,Jan 18
2018-02-01,Digoxin 125microgram tablets,Digoxin,Tablet,165951.75,3436499,,132217.110266069,0.0482909350475586,Feb 18
2018-03-01,Digoxin 125microgram tablets,Digoxin,Tablet,218378.15,3798922,TRUE,146161.104358301,0.0574842415822173,Mar 18
2018-04-01,Digoxin 125microgram tablets,Digoxin,Tablet,194269.32,3621004,TRUE,139315.822627004,0.0536506780992233,Apr 18
2018-05-01,Digoxin 125microgram tablets,Digoxin,Tablet,202644.62,3781409,TRUE,145487.302837599,0.0535897121945814,May 18
2018-06-01,Digoxin 125microgram tablets,Digoxin,Tablet,195504.24,3648020,TRUE,140355.2460201,0.0535918772375152,Jun 18
2018-07-01,Digoxin 125microgram tablets,Digoxin,Tablet,181001.36,3704485,,142527.700931675,0.0488600601703071,Jul 18
2018-08-01,Digoxin 125microgram tablets,Digoxin,Tablet,214415.96,3779766,,145424.089459051,0.0567273106324571,Aug 18
2018-09-01,Digoxin 125microgram tablets,Digoxin,Tablet,197277.23,3476010,,133737.270825907,0.0567539305122828,Sep 18
2018-10-01,Digoxin 125microgram tablets,Digoxin,Tablet,241092.36,3756660,,144535.100825617,0.0641773170848573,Oct 18
2018-11-01,Digoxin 125microgram tablets,Digoxin,Tablet,211630.89,3659534,,140798.239836656,0.0578300105969777,Nov 18
2018-12-01,Digoxin 125microgram tablets,Digoxin,Tablet,212354.21,3671524,,141259.547450041,0.0578381647512041,Dec 18
2019-01-01,Digoxin 125microgram tablets,Digoxin,Tablet,183519.23,3672558,,141299.329941471,0.0499704102698991,Jan 19
2019-02-01,Digoxin 125microgram tablets,Digoxin,Tablet,165478.93,3312077,,127430.05306235,0.0499622834855591,Feb 19
2019-03-01,Digoxin 125microgram tablets,Digoxin,Tablet,176579.51,3534409,,135984.135155688,0.0499601234605276,Mar 19
2019-04-01,Digoxin 125microgram tablets,Digoxin,Tablet,175642.66,3515445,,135254.507334151,0.0499631369570566,Apr 19
2019-05-01,Digoxin 125microgram tablets,Digoxin,Tablet,185965.99,3719795,,143116.743430501,0.0499936125512293,May 19
2019-06-01,Digoxin 125microgram tablets,Digoxin,Tablet,170704.24,3415641,,131414.612000849,0.0499772195028693,Jun 19
2019-07-01,Digoxin 125microgram tablets,Digoxin,Tablet,171214.72,3503426,,134792.083964236,0.0488706540397885,Jul 19
2019-08-01,Digoxin 125microgram tablets,Digoxin,Tablet,207212.53,3723921,,143275.488652588,0.0556436428162681,Aug 19
2019-09-01,Digoxin 125microgram tablets,Digoxin,Tablet,192494.63,3459218,,133091.20932099,0.0556468629615133,Sep 19
2019-10-01,Digoxin 125microgram tablets,Digoxin,Tablet,209587.6,3651255,,140479.710584678,0.057401523585726,Oct 19
2019-11-01,Digoxin 125microgram tablets,Digoxin,Tablet,200712.92,3496806,,134537.383680616,0.0573989291942418,Nov 19
2019-12-01,Digoxin 125microgram tablets,Digoxin,Tablet,206377.81,3595124,,138320.106110373,0.0574049212210761,Dec 19
2020-01-01,Digoxin 125microgram tablets,Digoxin,Tablet,197833.07,3597569,,138414.175928115,0.0549907645968708,Jan 20
2020-02-01,Digoxin 125microgram tablets,Digoxin,Tablet,179369.66,3261675,,125490.868214157,0.054993112434562,Feb 20
2020-03-01,Digoxin 125microgram tablets,Digoxin,Tablet,207202.62,3768058,,144973.631616056,0.0549892331805933,Mar 20
2020-04-01,Digoxin 125microgram tablets,Digoxin,Tablet,191709.85,3535639,,136031.458622282,0.0542221222245823,Apr 20
2020-05-01,Digoxin 125microgram tablets,Digoxin,Tablet,181102.55,3339758,,128495.061906896,0.054226249327047,May 20
2020-06-01,Digoxin 125microgram tablets,Digoxin,Tablet,205881.12,3417003,,131467.014083371,0.0602519576365605,Jun 20
2020-07-01,Digoxin 125microgram tablets,Digoxin,Tablet,210399.29,3530829,,135846.396935845,0.0595892041217516,Jul 20
2020-08-01,Digoxin 125microgram tablets,Digoxin,Tablet,191045.86,3205407,,123325.992752109,0.0596011239758321,Aug 20
2020-09-01,Digoxin 125microgram tablets,Digoxin,Tablet,203918.52,3420881,,131616.217663413,0.0596099425849657,Sep 20
2020-10-01,Digoxin 125microgram tablets,Digoxin,Tablet,191685.89,3464754,,133304.203395026,0.0553245309768024,Oct 20
2020-11-01,Digoxin 125microgram tablets,Digoxin,Tablet,182926.47,3305799,,127188.511010904,0.055335024906233,Nov 20
2020-12-01,Digoxin 125microgram tablets,Digoxin,Tablet,199261.18,3601195,,138553.68396866,0.0553319606408428,Dec 20
2021-01-01,Digoxin 125microgram tablets,Digoxin,Tablet,190212.27,3269429,,125789.198425515,0.0581790490021346,Jan 21
2021-02-01,Digoxin 125microgram tablets,Digoxin,Tablet,178847.03,3073626,,118255.80271045,0.0581876357110462,Feb 21
