shortages_data.csv
month_full,product_pack,active_ingredients,dosage,value,quantity,shortage,base_no_shortage_estimate,price_per_piece,xaxis_months
2014-01-01,Digoxin 250microgram tablets,Digoxin,Tablet,44509.85,1238986,,44509.85,0.0359244172250534,Jan 14
2014-02-01,Digoxin 250microgram tablets,Digoxin,Tablet,39834.13,1108681,,39834.13,0.0359292979675849,Feb 14
2014-03-01,Digoxin 250microgram tablets,Digoxin,Tablet,42526.83,1183866,,42526.83,0.0359219962394393,Mar 14
2014-04-01,Digoxin 250microgram tablets,Digoxin,Tablet,38576.57,1177888,,38576.57,0.0327506265451384,Apr 14
2014-05-01,Digoxin 250microgram tablets,Digoxin,Tablet,39801.42,1215563,,39801.42,0.0327431980078367,May 14
2014-06-01,Digoxin 250microgram tablets,Digoxin,Tablet,37604,1148288,,37604,0.0327478820644298,Jun 14
2014-07-01,Digoxin 250microgram tablets,Digoxin,Tablet,39637.15,1210566,,39637.15,0.0327426592189108,Jul 14
2014-08-01,Digoxin 250microgram tablets,Digoxin,Tablet,37340.87,1140293,,37340.87,0.032746732638015,Aug 14
2014-09-01,Digoxin 250microgram tablets,Digoxin,Tablet,37758.02,1153483,,37758.02,0.0327339197890216,Sep 14
2014-10-01,Digoxin 250microgram tablets,Digoxin,Tablet,42709.18,1189199,,42709.18,0.0359142414347809,Oct 14
2014-11-01,Digoxin 250microgram tablets,Digoxin,Tablet,38277.16,1066155,,38277.16,0.0359020592690556,Nov 14
2014-12-01,Digoxin 250microgram tablets,Digoxin,Tablet,43060.21,1199006,,43060.21,0.0359132564807849,Dec 14
2015-01-01,Digoxin 250microgram tablets,Digoxin,Tablet,193520.61,1099617,TRUE,39490.8273516313,0.175989103478757,Jan 15
2015-02-01,Digoxin 250microgram tablets,Digoxin,Tablet,154971.04,1002374,TRUE,35998.5145516703,0.15460401008007,Feb 15
2015-03-01,Digoxin 250microgram tablets,Digoxin,Tablet,197326.56,1115062,TRUE,40045.507597977,0.176964653086555,Mar 15
2015-04-01,Digoxin 250microgram tablets,Digoxin,Tablet,176122.33,1074147,TRUE,38576.1167090657,0.163964829767248,Apr 15
2015-05-01,Digoxin 250microgram tablets,Digoxin,Tablet,164804.79,1055284,TRUE,37898.6849520686,0.15617103073675,May 15
2015-06-01,Digoxin 250microgram tablets,Digoxin,Tablet,168470.82,1066798,TRUE,38312.1901871884,0.157921949609954,Jun 15
2015-07-01,Digoxin 250microgram tablets,Digoxin,Tablet,173929.89,1113298,TRUE,39982.1566135449,0.156229410274697,Jul 15
2015-08-01,Digoxin 250microgram tablets,Digoxin,Tablet,132837.58,996608,TRUE,35791.4387148021,0.133289698657847,Aug 15
2015-09-01,Digoxin 250microgram tablets,Digoxin,Tablet,138890.42,1041688,TRUE,37410.4083169559,0.133332072559154,Sep 15
2015-10-01,Digoxin 250microgram tablets,Digoxin,Tablet,208911.56,1036235,,37214.5733293662,0.201606353771104,Oct 15
2015-11-01,Digoxin 250microgram tablets,Digoxin,Tablet,197715.89,980042,,35196.4997079414,0.20174226206632,Nov 15
2015-12-01,Digoxin 250microgram tablets,Digoxin,Tablet,220972.78,1096296,,39371.5594268586,0.201563063260287,Dec 15
2016-01-01,Digoxin 250microgram tablets,Digoxin,Tablet,169470.74,937434,,33666.3076758081,0.180781516352085,Jan 16
2016-02-01,Digoxin 250microgram tablets,Digoxin,Tablet,169542.68,937977,,33685.8085740772,0.180753557923062,Feb 16
2016-03-01,Digoxin 250microgram tablets,Digoxin,Tablet,177208.78,980670,,35219.0532330113,0.180701744725545,Mar 16
2016-04-01,Digoxin 250microgram tablets,Digoxin,Tablet,111299.58,990060,,35556.2787113659,0.112417005029998,Apr 16
2016-05-01,Digoxin 250microgram tablets,Digoxin,Tablet,105879.46,943249,,33875.1432622439,0.112249745295251,May 16
2016-06-01,Digoxin 250microgram tablets,Digoxin,Tablet,98145.83,968539,,34783.3895186429,0.101333895692378,Jun 16
2016-07-01,Digoxin 250microgram tablets,Digoxin,Tablet,78408.57,946312,,33985.1455668445,0.0828569964240124,Jul 16
2016-08-01,Digoxin 250microgram tablets,Digoxin,Tablet,78179.12,943797,,33894.8237267954,0.0828346773723587,Aug 16
2016-09-01,Digoxin 250microgram tablets,Digoxin,Tablet,78954.67,953738,,34251.8374094708,0.0827844439458216,Sep 16
2016-10-01,Digoxin 250microgram tablets,Digoxin,Tablet,65666.53,904709,,32491.0463574744,0.0725830405135795,Oct 16
2016-11-01,Digoxin 250microgram tablets,Digoxin,Tablet,66809.54,921161,,33081.8912530963,0.0725275386170279,Nov 16
2016-12-01,Digoxin 250microgram tablets,Digoxin,Tablet,69831.35,962754,,34575.6313299016,0.0725329107954888,Dec 16
2017-01-01,Digoxin 250microgram tablets,Digoxin,Tablet,56706.17,870611,,31266.4761379926,0.0651337623806729,Jan 17
2017-02-01,Digoxin 250microgram tablets,Digoxin,Tablet,53159.72,816481,,29322.4915646878,0.0651083368749548,Feb 17
2017-03-01,Digoxin 250microgram tablets,Digoxin,Tablet,60525.14,929595,,33384.7836582553,0.0651091496834643,Mar 17
2017-04-01,Digoxin 250microgram tablets,Digoxin,Tablet,51600.85,828618,,29758.370758595,0.062273387737172,Apr 17
2017-05-01,Digoxin 250microgram tablets,Digoxin,Tablet,55563.03,892127,,32039.1857644332,0.0622815249398348,May 17
2017-06-01,Digoxin 250microgram tablets,Digoxin,Tablet,55270.16,887432,,31870.5730252559,0.0622810085730512,Jun 17
2017-07-01,Digoxin 250microgram tablets,Digoxin,Tablet,51384.66,855371,,30719.1581092255,0.0600729508014651,Jul 17
2017-08-01,Digoxin 250microgram tablets,Digoxin,Tablet,46901.69,862355,,30969.9762924873,0.0543879144899722,Aug 17
2017-09-01,Digoxin 250microgram tablets,Digoxin,Tablet,45417.83,834756,,29978.8063268741,0.054408509792083,Sep 17
2017-10-01,Digoxin 250microgram tablets,Digoxin,Tablet,45882.98,832121,,29884.1748960472,0.0551397933713967,Oct 17
2017-11-01,Digoxin 250microgram tablets,Digoxin,Tablet,46488.75,843121,,30279.2207173359,0.0551388827938101,Nov 17
2017-12-01,Digoxin 250microgram tablets,Digoxin,Tablet,46696.41,846267,,30392.2038222244,0.0551792873880229,Dec 17
2018-01-01,Digoxin 250microgram tablets,Digoxin,Tablet,39361.85,819192,,29419.8524030072,0.048049602535181,Jan 18
2018-02-01,Digoxin 250microgram tablets,Digoxin,Tablet,35848.98,744507,,26737.6708427397,0.0481513001220942,Feb 18
2018-03-01,Digoxin 250microgram tablets,Digoxin,Tablet,45859.3,804979,TRUE,28909.4172886458,0.0569695606966145,Mar 18
2018-04-01,Digoxin 250microgram tablets,Digoxin,Tablet,43049.68,779081,TRUE,27979.3357723064,0.0552570015184557,Apr 18
2018-05-01,Digoxin 250microgram tablets,Digoxin,Tablet,43417.73,813094,TRUE,29200.8533649873,0.0533981679854974,May 18
2018-06-01,Digoxin 250microgram tablets,Digoxin,Tablet,41400.84,775476,TRUE,27849.8684826932,0.0533876483604908,Jun 18
2018-07-01,Digoxin 250microgram tablets,Digoxin,Tablet,38519.18,784242,,28164.6840890037,0.0491164461990049,Jul 18
2018-08-01,Digoxin 250microgram tablets,Digoxin,Tablet,45366.51,797534,,28642.0430941463,0.0568834808296574,Aug 18
2018-09-01,Digoxin 250microgram tablets,Digoxin,Tablet,41525.46,729684,,26205.3286419251,0.0569088262864473,Sep 18
2018-10-01,Digoxin 250microgram tablets,Digoxin,Tablet,53176.49,787012,,28264.1638094555,0.0675675720319385,Oct 18
2018-11-01,Digoxin 250microgram tablets,Digoxin,Tablet,45798,753722,,27068.6115012102,0.0607624561841103,Nov 18
2018-12-01,Digoxin 250microgram tablets,Digoxin,Tablet,46573.25,765721,,27499.5346657231,0.0608227409199957,Dec 18
2019-01-01,Digoxin 250microgram tablets,Digoxin,Tablet,38802.25,757206,,27193.7332867892,0.0512439811623257,Jan 19
2019-02-01,Digoxin 250microgram tablets,Digoxin,Tablet,34608.01,675458,,24257.896395998,0.0512363611060939,Feb 19
2019-03-01,Digoxin 250microgram tablets,Digoxin,Tablet,37582.93,733443,,26340.3265730363,0.0512417870236678,Mar 19
2019-04-01,Digoxin 250microgram tablets,Digoxin,Tablet,36812.93,718295,,25796.3125638654,0.0512504333177873,Apr 19
2019-05-01,Digoxin 250microgram tablets,Digoxin,Tablet,38943.57,759563,,27278.3808323144,0.0512710203103627,May 19
2019-06-01,Digoxin 250microgram tablets,Digoxin,Tablet,35132.74,685616,,24622.7032553298,0.0512425906046533,Jun 19
2019-07-01,Digoxin 250microgram tablets,Digoxin,Tablet,35445.82,706666,,25378.6773042504,0.0501592265653081,Jul 19
2019-08-01,Digoxin 250microgram tablets,Digoxin,Tablet,42468,746495,,26809.0663966235,0.0568898653038534,Aug 19
2019-09-01,Digoxin 250microgram tablets,Digoxin,Tablet,39425.25,692921,,24885.049593922,0.0568971787548653,Sep 19
2019-10-01,Digoxin 250microgram tablets,Digoxin,Tablet,41846.61,717696,,25774.8005232334,0.0583068736623863,Oct 19
2019-11-01,Digoxin 250microgram tablets,Digoxin,Tablet,40080.88,686756,,24663.6443677179,0.0583626207852571,Nov 19
2019-12-01,Digoxin 250microgram tablets,Digoxin,Tablet,41527.72,711706,,25559.6801169135,0.0583495432102582,Dec 19
2020-01-01,Digoxin 250microgram tablets,Digoxin,Tablet,38732.67,701488,,25192.7184621929,0.0552150143694547,Jan 20
2020-02-01,Digoxin 250microgram tablets,Digoxin,Tablet,35468.84,642252,,23065.3608012971,0.0552257369381489,Feb 20
2020-03-01,Digoxin 250microgram tablets,Digoxin,Tablet,41013.76,743090,,26686.7817583065,0.0551935297204915,Mar 20
2020-04-01,Digoxin 250microgram tablets,Digoxin,Tablet,37364.95,676854,,24308.0313020452,0.0552038548933744,Apr 20
2020-05-01,Digoxin 250microgram tablets,Digoxin,Tablet,35814.33,648566,,23292.1171027168,0.0552207947996041,May 20
2020-06-01,Digoxin 250microgram tablets,Digoxin,Tablet,40259.7,657664,,23618.8559101789,0.0612162137504866,Jun 20
2020-07-01,Digoxin 250microgram tablets,Digoxin,Tablet,40803.23,686065,,24638.8283074897,0.0594742917945093,Jul 20
2020-08-01,Digoxin 250microgram tablets,Digoxin,Tablet,37081.7,623505,,22392.0949820518,0.059472979366645,Aug 20
2020-09-01,Digoxin 250microgram tablets,Digoxin,Tablet,39037.71,656214,,23566.7816882818,0.0594892976986166,Sep 20
2020-10-01,Digoxin 250microgram tablets,Digoxin,Tablet,36406.71,658895,,23663.0651289068,0.0552541907284165,Oct 20
2020-11-01,Digoxin 250microgram tablets,Digoxin,Tablet,34625.73,627140,,22522.6396693595,0.0552121216953152,Nov 20
2020-12-01,Digoxin 250microgram tablets,Digoxin,Tablet,37389.51,677249,,24322.2170383551,0.0552079220493496,Dec 20
2021-01-01,Digoxin 250microgram tablets,Digoxin,Tablet,35681.68,614659,,22074.4063152228,0.0580511795971425,Jan 21
2021-02-01,Digoxin 250microgram tablets,Digoxin,Tablet,33895.82,584002,,20973.4136112914,0.0580405889020928,Feb 21
