shortages_data.csv
month_full,product_pack,active_ingredients,dosage,value,quantity,shortage,base_no_shortage_estimate,price_per_piece,xaxis_months
2014-01-01,Indapamide 2.5mg tablets,Indapamide,Tablet,855210.5,6146233,,855210.5,0.139143846320177,Jan 14
2014-02-01,Indapamide 2.5mg tablets,Indapamide,Tablet,790177.22,5681391,,790177.22,0.139081647434581,Feb 14
2014-03-01,Indapamide 2.5mg tablets,Indapamide,Tablet,867674.61,6242865,,867674.61,0.138986604707935,Mar 14
2014-04-01,Indapamide 2.5mg tablets,Indapamide,Tablet,693373.55,6273593,,693373.55,0.110522558603977,Apr 14
2014-05-01,Indapamide 2.5mg tablets,Indapamide,Tablet,732067.45,6618002,,732067.45,0.110617592741737,May 14
2014-06-01,Indapamide 2.5mg tablets,Indapamide,Tablet,699382.82,6338457,,699382.82,0.110339601578113,Jun 14
2014-07-01,Indapamide 2.5mg tablets,Indapamide,Tablet,479823.33,6828983,,479823.33,0.0702627799776336,Jul 14
2014-08-01,Indapamide 2.5mg tablets,Indapamide,Tablet,450369.15,6412747,,450369.15,0.0702303006808159,Aug 14
2014-09-01,Indapamide 2.5mg tablets,Indapamide,Tablet,467270.83,6655494,,467270.83,0.0702082865674584,Sep 14
2014-10-01,Indapamide 2.5mg tablets,Indapamide,Tablet,477333.13,6940270,,477333.13,0.0687773141390753,Oct 14
2014-11-01,Indapamide 2.5mg tablets,Indapamide,Tablet,442173.41,6435258,,442173.41,0.0687110617787197,Nov 14
2014-12-01,Indapamide 2.5mg tablets,Indapamide,Tablet,501362.53,7289628,,501362.53,0.0687775192369213,Dec 14
2015-01-01,Indapamide 2.5mg tablets,Indapamide,Tablet,411296.12,6907089,,411296.12,0.0595469553092482,Jan 15
2015-02-01,Indapamide 2.5mg tablets,Indapamide,Tablet,386547.33,6477499,,386547.33,0.0596753978657503,Feb 15
2015-03-01,Indapamide 2.5mg tablets,Indapamide,Tablet,433374.97,7273829,,433374.97,0.0595800327447896,Mar 15
2015-04-01,Indapamide 2.5mg tablets,Indapamide,Tablet,412930.3,7185653,,412930.3,0.0574659394212328,Apr 15
2015-05-01,Indapamide 2.5mg tablets,Indapamide,Tablet,409721.48,7128343,,409721.48,0.057477800941958,May 15
2015-06-01,Indapamide 2.5mg tablets,Indapamide,Tablet,430226.31,7448327,,430226.31,0.0577614691191727,Jun 15
2015-07-01,Indapamide 2.5mg tablets,Indapamide,Tablet,429689.56,7856071,,429689.56,0.0546952236047765,Jul 15
2015-08-01,Indapamide 2.5mg tablets,Indapamide,Tablet,392143.15,7142553,,392143.15,0.0549023787432869,Aug 15
2015-09-01,Indapamide 2.5mg tablets,Indapamide,Tablet,416276.47,7596384,,416276.47,0.0547992926634567,Sep 15
2015-10-01,Indapamide 2.5mg tablets,Indapamide,Tablet,401757.98,7711827,,401757.98,0.0520963424101708,Oct 15
2015-11-01,Indapamide 2.5mg tablets,Indapamide,Tablet,389013,7479639,,389013,0.0520095956502714,Nov 15
2015-12-01,Indapamide 2.5mg tablets,Indapamide,Tablet,437027.25,8373818,,437027.25,0.052189723970595,Dec 15
2016-01-01,Indapamide 2.5mg tablets,Indapamide,Tablet,401044.37,7513049,,401044.37,0.0533797090901444,Jan 16
2016-02-01,Indapamide 2.5mg tablets,Indapamide,Tablet,401054.51,7529647,,401054.51,0.0532633880446188,Feb 16
2016-03-01,Indapamide 2.5mg tablets,Indapamide,Tablet,428249.64,8018450,,428249.64,0.0534080327245291,Mar 16
2016-04-01,Indapamide 2.5mg tablets,Indapamide,Tablet,441805.41,8240777,,441805.41,0.0536121059943741,Apr 16
2016-05-01,Indapamide 2.5mg tablets,Indapamide,Tablet,429696.64,8007213,,429696.64,0.0536636954705714,May 16
2016-06-01,Indapamide 2.5mg tablets,Indapamide,Tablet,406794.32,8327000,,406794.32,0.048852446259157,Jun 16
2016-07-01,Indapamide 2.5mg tablets,Indapamide,Tablet,397341.12,8233415,,397341.12,0.048259576372623,Jul 16
2016-08-01,Indapamide 2.5mg tablets,Indapamide,Tablet,402804.57,8336988,,402804.57,0.0483153592160622,Aug 16
2016-09-01,Indapamide 2.5mg tablets,Indapamide,Tablet,405424.99,8396613,,405424.99,0.0482843487010775,Sep 16
2016-10-01,Indapamide 2.5mg tablets,Indapamide,Tablet,397173.74,8163986,,397173.74,0.0486494881299405,Oct 16
2016-11-01,Indapamide 2.5mg tablets,Indapamide,Tablet,414719.09,8511324,,414719.09,0.0487255672560462,Nov 16
2016-12-01,Indapamide 2.5mg tablets,Indapamide,Tablet,429991.72,8828197,,429991.72,0.0487066294510646,Dec 16
2017-01-01,Indapamide 2.5mg tablets,Indapamide,Tablet,337316,8299320,,337316,0.0406438117821701,Jan 17
2017-02-01,Indapamide 2.5mg tablets,Indapamide,Tablet,321753.28,7904874,,321753.28,0.040703150992666,Feb 17
2017-03-01,Indapamide 2.5mg tablets,Indapamide,Tablet,372725.65,9173927,,372725.65,0.0406288005125831,Mar 17
2017-04-01,Indapamide 2.5mg tablets,Indapamide,Tablet,321724.85,8273654,,321724.85,0.0388854610067088,Apr 17
2017-05-01,Indapamide 2.5mg tablets,Indapamide,Tablet,350764.87,9053474,,350764.87,0.0387436767366869,May 17
2017-06-01,Indapamide 2.5mg tablets,Indapamide,Tablet,353173.95,9121822,,353173.95,0.0387174788107025,Jun 17
2017-07-01,Indapamide 2.5mg tablets,Indapamide,Tablet,336877.15,8907967,,336877.15,0.0378175121214526,Jul 17
2017-08-01,Indapamide 2.5mg tablets,Indapamide,Tablet,314218.49,9043300,,314218.49,0.0347459986951666,Aug 17
2017-09-01,Indapamide 2.5mg tablets,Indapamide,Tablet,305891.77,8834385,,305891.77,0.0346251346301978,Sep 17
2017-10-01,Indapamide 2.5mg tablets,Indapamide,Tablet,310286.79,9023857,,310286.79,0.0343851625751605,Oct 17
2017-11-01,Indapamide 2.5mg tablets,Indapamide,Tablet,315266.56,9167491,,315266.56,0.0343896230713507,Nov 17
2017-12-01,Indapamide 2.5mg tablets,Indapamide,Tablet,319405.68,9284368,,319405.68,0.034402522605739,Dec 17
2018-01-01,Indapamide 2.5mg tablets,Indapamide,Tablet,295148.02,9347005,,295148.02,0.0315767478459678,Jan 18
2018-02-01,Indapamide 2.5mg tablets,Indapamide,Tablet,267635.67,8481736,,267635.67,0.0315543504301478,Feb 18
2018-03-01,Indapamide 2.5mg tablets,Indapamide,Tablet,300284.83,9511785,,300284.83,0.0315697663477465,Mar 18
2018-04-01,Indapamide 2.5mg tablets,Indapamide,Tablet,235701.4,9218568,,235701.4,0.0255681142667712,Apr 18
2018-05-01,Indapamide 2.5mg tablets,Indapamide,Tablet,247335.31,9688508,,247335.31,0.0255287305331223,May 18
2018-06-01,Indapamide 2.5mg tablets,Indapamide,Tablet,240167.12,9409957,,240167.12,0.025522658605135,Jun 18
2018-07-01,Indapamide 2.5mg tablets,Indapamide,Tablet,288822.72,9572688,,288822.72,0.0301715380256831,Jul 18
2018-08-01,Indapamide 2.5mg tablets,Indapamide,Tablet,338078.92,9711644,,338078.92,0.0348117085016708,Aug 18
2018-09-01,Indapamide 2.5mg tablets,Indapamide,Tablet,311238.59,8939480,,311238.59,0.0348161850577439,Sep 18
2018-10-01,Indapamide 2.5mg tablets,Indapamide,Tablet,328962.29,9855105,,328962.29,0.0333798868708147,Oct 18
2018-11-01,Indapamide 2.5mg tablets,Indapamide,Tablet,297220.16,9625960,,297220.16,0.0308769369496653,Nov 18
2018-12-01,Indapamide 2.5mg tablets,Indapamide,Tablet,299005.72,9673315,,299005.72,0.030910367335293,Dec 18
2019-01-01,Indapamide 2.5mg tablets,Indapamide,Tablet,322310.52,9857909,,322310.52,0.0326956274398557,Jan 19
2019-02-01,Indapamide 2.5mg tablets,Indapamide,Tablet,293472.13,8964449,,293472.13,0.0327373305375489,Feb 19
2019-03-01,Indapamide 2.5mg tablets,Indapamide,Tablet,321237.23,9834269,,321237.23,0.0326650847154984,Mar 19
2019-04-01,Indapamide 2.5mg tablets,Indapamide,Tablet,328187.18,9742171,,328187.18,0.0336872736066735,Apr 19
2019-05-01,Indapamide 2.5mg tablets,Indapamide,Tablet,351923.62,10456641,,351923.62,0.0336555132762041,May 19
2019-06-01,Indapamide 2.5mg tablets,Indapamide,Tablet,326804.16,9702521,,326804.16,0.0336823965647691,Jun 19
2019-07-01,Indapamide 2.5mg tablets,Indapamide,Tablet,1032690.24,10003170,TRUE,336930.738844801,0.103236298093504,Jul 19
2019-08-01,Indapamide 2.5mg tablets,Indapamide,Tablet,1097915.32,10625400,TRUE,357888.936459298,0.103329316543377,Aug 19
2019-09-01,Indapamide 2.5mg tablets,Indapamide,Tablet,1025235.53,9923134,TRUE,334234.934553343,0.103317714947717,Sep 19
2019-10-01,Indapamide 2.5mg tablets,Indapamide,Tablet,933187.71,10509767,TRUE,353994.139897324,0.0887924261308552,Oct 19
2019-11-01,Indapamide 2.5mg tablets,Indapamide,Tablet,802513.9,10186596,TRUE,343108.966117091,0.0787813613104908,Nov 19
2019-12-01,Indapamide 2.5mg tablets,Indapamide,Tablet,941740.33,10526035,TRUE,354542.085124639,0.089467717901375,Dec 19
2020-01-01,Indapamide 2.5mg tablets,Indapamide,Tablet,903745.21,10698071,,360336.669900056,0.0844773987759102,Jan 20
2020-02-01,Indapamide 2.5mg tablets,Indapamide,Tablet,837631.16,9914883,,333957.021099288,0.0844822031687111,Feb 20
2020-03-01,Indapamide 2.5mg tablets,Indapamide,Tablet,1000597.76,11847157,,399040.64023908,0.0844588925427425,Mar 20
2020-04-01,Indapamide 2.5mg tablets,Indapamide,Tablet,1200946.93,10342829,,348371.267979594,0.116113969398508,Apr 20
2020-05-01,Indapamide 2.5mg tablets,Indapamide,Tablet,1183625.17,10193046,,343326.217574933,0.116120850430774,May 20
2020-06-01,Indapamide 2.5mg tablets,Indapamide,Tablet,1353034.43,10436868,,351538.726870149,0.129639891009448,Jun 20
2020-07-01,Indapamide 2.5mg tablets,Indapamide,Tablet,1150584.32,10839658,,365105.659382472,0.106145813825492,Jul 20
2020-08-01,Indapamide 2.5mg tablets,Indapamide,Tablet,1040817.98,9805026,,330256.774059872,0.10615147578395,Aug 20
2020-09-01,Indapamide 2.5mg tablets,Indapamide,Tablet,1120081.6,10553253,,355458.852594339,0.106136145887908,Sep 20
2020-10-01,Indapamide 2.5mg tablets,Indapamide,Tablet,1181901.77,10603803,,357161.497740688,0.111460178013492,Oct 20
2020-11-01,Indapamide 2.5mg tablets,Indapamide,Tablet,1139382.44,10222309,,344311.865545608,0.111460379450474,Nov 20
2020-12-01,Indapamide 2.5mg tablets,Indapamide,Tablet,1236179.73,11090788,,373564.319631782,0.11146004503918,Dec 20
2021-01-01,Indapamide 2.5mg tablets,Indapamide,Tablet,1156641.12,10214748,,344057.192945182,0.113232467408888,Jan 21
2021-02-01,Indapamide 2.5mg tablets,Indapamide,Tablet,1090574.48,9631662,,324417.459061817,0.113228068011523,Feb 21
