shortages_data.csv
month_full,product_pack,active_ingredients,dosage,value,quantity,shortage,base_no_shortage_estimate,price_per_piece,xaxis_months
2014-01-01,Furosemide 20mg tablets,Furosemide,Tablet,266265.9,9077664,,266265.9,0.0293319845281782,Jan 14
2014-02-01,Furosemide 20mg tablets,Furosemide,Tablet,239807.37,8175458,,239807.37,0.0293325915196433,Feb 14
2014-03-01,Furosemide 20mg tablets,Furosemide,Tablet,260999.17,8898106,,260999.17,0.0293319915496624,Mar 14
2014-04-01,Furosemide 20mg tablets,Furosemide,Tablet,266180.1,9074676,,266180.1,0.0293321877276941,Apr 14
2014-05-01,Furosemide 20mg tablets,Furosemide,Tablet,281086.74,9583525,,281086.74,0.0293302036567964,May 14
2014-06-01,Furosemide 20mg tablets,Furosemide,Tablet,272724.65,9298321,,272724.65,0.0293305264466563,Jun 14
2014-07-01,Furosemide 20mg tablets,Furosemide,Tablet,321998.71,10134143,,321998.71,0.0317736497304212,Jul 14
2014-08-01,Furosemide 20mg tablets,Furosemide,Tablet,294168.58,9258473,,294168.58,0.0317729046679728,Aug 14
2014-09-01,Furosemide 20mg tablets,Furosemide,Tablet,302209.6,9511671,,302209.6,0.0317725034854549,Sep 14
2014-10-01,Furosemide 20mg tablets,Furosemide,Tablet,338493.23,9775416,,338493.23,0.0346269897874423,Oct 14
2014-11-01,Furosemide 20mg tablets,Furosemide,Tablet,302354.04,8731559,,302354.04,0.0346277268469468,Nov 14
2014-12-01,Furosemide 20mg tablets,Furosemide,Tablet,339690.68,9809796,,339690.68,0.0346277007187509,Dec 14
2015-01-01,Furosemide 20mg tablets,Furosemide,Tablet,311668.78,9090455,,311668.78,0.0342852783496536,Jan 15
2015-02-01,Furosemide 20mg tablets,Furosemide,Tablet,287680.46,8390700,,287680.46,0.0342856329030951,Feb 15
2015-03-01,Furosemide 20mg tablets,Furosemide,Tablet,320522.62,9348640,,320522.62,0.0342854810967157,Mar 15
2015-04-01,Furosemide 20mg tablets,Furosemide,Tablet,324608.76,9262736,,324608.76,0.0350445872580197,Apr 15
2015-05-01,Furosemide 20mg tablets,Furosemide,Tablet,319770.14,9124629,,319770.14,0.0350447278459212,May 15
2015-06-01,Furosemide 20mg tablets,Furosemide,Tablet,340336.66,9711737,,340336.66,0.035043850549083,Jun 15
2015-07-01,Furosemide 20mg tablets,Furosemide,Tablet,329926.93,10250025,,329926.93,0.0321879146636228,Jul 15
2015-08-01,Furosemide 20mg tablets,Furosemide,Tablet,295999.26,9196018,,295999.26,0.032187764312771,Aug 15
2015-09-01,Furosemide 20mg tablets,Furosemide,Tablet,309097.04,9603134,,309097.04,0.0321871005861212,Sep 15
2015-10-01,Furosemide 20mg tablets,Furosemide,Tablet,307149.45,9542569,,307149.45,0.0321872914935171,Oct 15
2015-11-01,Furosemide 20mg tablets,Furosemide,Tablet,293710.49,9124797,,293710.49,0.0321881670353872,Nov 15
2015-12-01,Furosemide 20mg tablets,Furosemide,Tablet,326228.4,10135482,,326228.4,0.032186767240078,Dec 15
2016-01-01,Furosemide 20mg tablets,Furosemide,Tablet,255425.32,8939395,,255425.32,0.0285729985082883,Jan 16
2016-02-01,Furosemide 20mg tablets,Furosemide,Tablet,254246.43,8898630,,254246.43,0.0285714126781314,Feb 16
2016-03-01,Furosemide 20mg tablets,Furosemide,Tablet,268207.5,9387265,,268207.5,0.0285714209623357,Mar 16
2016-04-01,Furosemide 20mg tablets,Furosemide,Tablet,278309.89,9624595,,278309.89,0.0289165299942491,Apr 16
2016-05-01,Furosemide 20mg tablets,Furosemide,Tablet,273144.12,9446017,,273144.12,0.0289163273790424,May 16
2016-06-01,Furosemide 20mg tablets,Furosemide,Tablet,260096.34,9980313,,260096.34,0.0260609401729184,Jun 16
2016-07-01,Furosemide 20mg tablets,Furosemide,Tablet,254138.32,9882647,,254138.32,0.0257156124265088,Jul 16
2016-08-01,Furosemide 20mg tablets,Furosemide,Tablet,255854.95,9949352,,255854.95,0.025715740080359,Aug 16
2016-09-01,Furosemide 20mg tablets,Furosemide,Tablet,253601.4,9862036,,253601.4,0.0257149132288708,Sep 16
2016-10-01,Furosemide 20mg tablets,Furosemide,Tablet,248030.05,9367733,,248030.05,0.0264770622732309,Oct 16
2016-11-01,Furosemide 20mg tablets,Furosemide,Tablet,254488.72,9611900,,254488.72,0.0264764219353094,Nov 16
2016-12-01,Furosemide 20mg tablets,Furosemide,Tablet,261266.31,9868522,,261266.31,0.0264747152613127,Dec 16
2017-01-01,Furosemide 20mg tablets,Furosemide,Tablet,237764.72,9124658,,237764.72,0.026057384287718,Jan 17
2017-02-01,Furosemide 20mg tablets,Furosemide,Tablet,224372.33,8610941,,224372.33,0.0260566562934295,Feb 17
2017-03-01,Furosemide 20mg tablets,Furosemide,Tablet,259773.89,9969337,,259773.89,0.026057288463616,Mar 17
2017-04-01,Furosemide 20mg tablets,Furosemide,Tablet,217975.84,8975066,,217975.84,0.0242868230718303,Apr 17
2017-05-01,Furosemide 20mg tablets,Furosemide,Tablet,241733.2,9953515,,241733.2,0.0242862144679543,May 17
2017-06-01,Furosemide 20mg tablets,Furosemide,Tablet,249192.09,10260918,,249192.09,0.0242855551520829,Jun 17
2017-07-01,Furosemide 20mg tablets,Furosemide,Tablet,246582.85,9845249,,246582.85,0.0250458723796625,Jul 17
2017-08-01,Furosemide 20mg tablets,Furosemide,Tablet,227416.58,9948977,,227416.58,0.0228582878420565,Aug 17
2017-09-01,Furosemide 20mg tablets,Furosemide,Tablet,218873.99,9575775,,218873.99,0.0228570523012498,Sep 17
2017-10-01,Furosemide 20mg tablets,Furosemide,Tablet,213523.22,9622014,,213523.22,0.0221911150825596,Oct 17
2017-11-01,Furosemide 20mg tablets,Furosemide,Tablet,213856.71,9637599,,213856.71,0.0221898327581382,Nov 17
2017-12-01,Furosemide 20mg tablets,Furosemide,Tablet,211821.86,9545659,,211821.86,0.0221903862268702,Dec 17
2018-01-01,Furosemide 20mg tablets,Furosemide,Tablet,174561.85,9565689,,174561.85,0.0182487482083099,Jan 18
2018-02-01,Furosemide 20mg tablets,Furosemide,Tablet,157147.63,8611632,,157147.63,0.0182482983480948,Feb 18
2018-03-01,Furosemide 20mg tablets,Furosemide,Tablet,174616.11,9568927,,174616.11,0.0182482435073441,Mar 18
2018-04-01,Furosemide 20mg tablets,Furosemide,Tablet,123238.45,9331021,,123238.45,0.0132073917741692,Apr 18
2018-05-01,Furosemide 20mg tablets,Furosemide,Tablet,131429.38,9951302,,131429.38,0.0132072546888839,May 18
2018-06-01,Furosemide 20mg tablets,Furosemide,Tablet,129486.83,9804344,,129486.83,0.0132070875930098,Jun 18
2018-07-01,Furosemide 20mg tablets,Furosemide,Tablet,173009.67,10090567,,173009.67,0.017145683686556,Jul 18
2018-08-01,Furosemide 20mg tablets,Furosemide,Tablet,205802.96,10115735,,205802.96,0.0203448350515311,Aug 18
2018-09-01,Furosemide 20mg tablets,Furosemide,Tablet,188101.95,9245333,,188101.95,0.0203456111315839,Sep 18
2018-10-01,Furosemide 20mg tablets,Furosemide,Tablet,217538.49,10875799,,217538.49,0.0200020697329916,Oct 18
2018-11-01,Furosemide 20mg tablets,Furosemide,Tablet,760627.4,10917642,TRUE,218375.436603838,0.0696695678425799,Nov 18
2018-12-01,Furosemide 20mg tablets,Furosemide,Tablet,663991.98,10048141,TRUE,200983.616968932,0.0660810770867965,Dec 18
2019-01-01,Furosemide 20mg tablets,Furosemide,Tablet,445988.7,9978524,TRUE,199591.13288033,0.0446948566741935,Jan 19
2019-02-01,Furosemide 20mg tablets,Furosemide,Tablet,341634.02,8999556,TRUE,180009.746677963,0.0379612083084988,Feb 19
2019-03-01,Furosemide 20mg tablets,Furosemide,Tablet,321354.23,9667658,TRUE,193373.169470714,0.0332401322016149,Mar 19
2019-04-01,Furosemide 20mg tablets,Furosemide,Tablet,510152.29,9647978,,192979.528738369,0.0528766017086689,Apr 19
2019-05-01,Furosemide 20mg tablets,Furosemide,Tablet,547488.51,10354173,,207104.890373459,0.0528761215405615,May 19
2019-06-01,Furosemide 20mg tablets,Furosemide,Tablet,509787,9641353,,192847.015026388,0.0528750477241109,Jun 19
2019-07-01,Furosemide 20mg tablets,Furosemide,Tablet,520108.37,10110693,,202234.78643487,0.0514414165280263,Jul 19
2019-08-01,Furosemide 20mg tablets,Furosemide,Tablet,621515.26,10610675,,212235.46126411,0.058574526125812,Aug 19
2019-09-01,Furosemide 20mg tablets,Furosemide,Tablet,567892.84,9693998,,193900.023987481,0.0585819019149787,Sep 19
2019-10-01,Furosemide 20mg tablets,Furosemide,Tablet,334029.22,10158973,,203200.486361579,0.0328802153524771,Oct 19
2019-11-01,Furosemide 20mg tablets,Furosemide,Tablet,316958.94,9642918,,192878.31826552,0.0328696085562482,Nov 19
2019-12-01,Furosemide 20mg tablets,Furosemide,Tablet,323272.34,9836537,,196751.099005152,0.0328644460952061,Dec 19
2020-01-01,Furosemide 20mg tablets,Furosemide,Tablet,286863.09,9915298,,198326.482019392,0.0289313634345634,Jan 20
2020-02-01,Furosemide 20mg tablets,Furosemide,Tablet,261393.05,9035035,,180719.40011002,0.0289310500734087,Feb 20
2020-03-01,Furosemide 20mg tablets,Furosemide,Tablet,299742.16,10359687,,207215.181785966,0.028933515076276,Mar 20
2020-04-01,Furosemide 20mg tablets,Furosemide,Tablet,273473.62,9943420,,198888.980224423,0.027502973825907,Apr 20
2020-05-01,Furosemide 20mg tablets,Furosemide,Tablet,264440.49,9613281,,192285.516924843,0.0275078290128001,May 20
2020-06-01,Furosemide 20mg tablets,Furosemide,Tablet,308439.39,10025256,,200525.869603092,0.0307662357948765,Jun 20
2020-07-01,Furosemide 20mg tablets,Furosemide,Tablet,318429.17,10349524,,207011.90075127,0.0307675183902178,Jul 20
2020-08-01,Furosemide 20mg tablets,Furosemide,Tablet,290484,9442956,,188878.664397571,0.0307619774994186,Aug 20
2020-09-01,Furosemide 20mg tablets,Furosemide,Tablet,304818.48,9909950,,198219.51095046,0.0307588312756371,Sep 20
2020-10-01,Furosemide 20mg tablets,Furosemide,Tablet,289570.75,9872127,,197462.972666949,0.0293321540535287,Oct 20
2020-11-01,Furosemide 20mg tablets,Furosemide,Tablet,276393.52,9422672,,188472.942415107,0.0293328176975703,Nov 20
2020-12-01,Furosemide 20mg tablets,Furosemide,Tablet,299294.05,10203494,,204090.998508161,0.0293325061003613,Dec 20
2021-01-01,Furosemide 20mg tablets,Furosemide,Tablet,296741.96,9338180,,186782.927539227,0.0317772799410592,Jan 21
2021-02-01,Furosemide 20mg tablets,Furosemide,Tablet,279622.62,8799167,,176001.551926238,0.0317783058328135,Feb 21
