shortages_data.csv
month_full,product_pack,active_ingredients,dosage,value,quantity,shortage,base_no_shortage_estimate,price_per_piece,xaxis_months
2014-01-01,Furosemide 40mg tablets,Furosemide,Tablet,718013.8,24489534,,718013.8,0.0293192104022886,Jan 14
2014-02-01,Furosemide 40mg tablets,Furosemide,Tablet,647099.63,22070657,,647099.63,0.0293194547856006,Feb 14
2014-03-01,Furosemide 40mg tablets,Furosemide,Tablet,697253.06,23781749,,697253.06,0.0293188301667804,Mar 14
2014-04-01,Furosemide 40mg tablets,Furosemide,Tablet,676504.19,24255497,,676504.19,0.0278907577115406,Apr 14
2014-05-01,Furosemide 40mg tablets,Furosemide,Tablet,701300.09,25145377,,701300.09,0.0278898220535727,May 14
2014-06-01,Furosemide 40mg tablets,Furosemide,Tablet,672059.42,24096002,,672059.42,0.0278909098696124,Jun 14
2014-07-01,Furosemide 40mg tablets,Furosemide,Tablet,759862.24,25917609,,759862.24,0.0293183773240811,Jul 14
2014-08-01,Furosemide 40mg tablets,Furosemide,Tablet,699671.3,23863854,,699671.3,0.0293192918461536,Aug 14
2014-09-01,Furosemide 40mg tablets,Furosemide,Tablet,719289.63,24532663,,719289.63,0.0293196719002743,Sep 14
2014-10-01,Furosemide 40mg tablets,Furosemide,Tablet,795590.04,25314513,,795590.04,0.0314282182714714,Oct 14
2014-11-01,Furosemide 40mg tablets,Furosemide,Tablet,710328.49,22601185,,710328.49,0.0314288162324232,Nov 14
2014-12-01,Furosemide 40mg tablets,Furosemide,Tablet,804953.79,25611564,,804953.79,0.0314293102131522,Dec 14
2015-01-01,Furosemide 40mg tablets,Furosemide,Tablet,735360.4,23397102,,735360.4,0.0314295505486107,Jan 15
2015-02-01,Furosemide 40mg tablets,Furosemide,Tablet,680566.76,21653862,,680566.76,0.0314293477994826,Feb 15
2015-03-01,Furosemide 40mg tablets,Furosemide,Tablet,750574.5,23881696,,750574.5,0.0314288608313245,Mar 15
2015-04-01,Furosemide 40mg tablets,Furosemide,Tablet,737157.68,23454307,,737157.68,0.031429522944336,Apr 15
2015-05-01,Furosemide 40mg tablets,Furosemide,Tablet,723810.96,23030173,,723810.96,0.0314288112381961,May 15
2015-06-01,Furosemide 40mg tablets,Furosemide,Tablet,755726.9,24045271,,755726.9,0.031429335938863,Jun 15
2015-07-01,Furosemide 40mg tablets,Furosemide,Tablet,746780.63,25167791,,746780.63,0.0296720769017829,Jul 15
2015-08-01,Furosemide 40mg tablets,Furosemide,Tablet,671983.73,22647468,,671983.73,0.0296714727668453,Aug 15
2015-09-01,Furosemide 40mg tablets,Furosemide,Tablet,707222.36,23834864,,707222.36,0.0296717598220825,Sep 15
2015-10-01,Furosemide 40mg tablets,Furosemide,Tablet,721737.09,23776623,,721737.09,0.0303549032173324,Oct 15
2015-11-01,Furosemide 40mg tablets,Furosemide,Tablet,686488.14,22615124,,686488.14,0.0303552675634235,Nov 15
2015-12-01,Furosemide 40mg tablets,Furosemide,Tablet,764051.29,25170426,,764051.29,0.0303551195359189,Dec 15
2016-01-01,Furosemide 40mg tablets,Furosemide,Tablet,607723.82,22098165,,607723.82,0.0275010988468952,Jan 16
2016-02-01,Furosemide 40mg tablets,Furosemide,Tablet,604619.99,21985871,,604619.99,0.02750038831757,Feb 16
2016-03-01,Furosemide 40mg tablets,Furosemide,Tablet,637638.73,23186542,,637638.73,0.0275003806087169,Mar 16
2016-04-01,Furosemide 40mg tablets,Furosemide,Tablet,655106.17,23486501,,655106.17,0.027892880680694,Apr 16
2016-05-01,Furosemide 40mg tablets,Furosemide,Tablet,633674.95,22718096,,633674.95,0.0278929603079413,May 16
2016-06-01,Furosemide 40mg tablets,Furosemide,Tablet,594140.58,23729240,,594140.58,0.0250383316111262,Jun 16
2016-07-01,Furosemide 40mg tablets,Furosemide,Tablet,589314.41,23212668,,589314.41,0.0253876206733323,Jul 16
2016-08-01,Furosemide 40mg tablets,Furosemide,Tablet,593286.34,23368339,,593286.34,0.0253884685599606,Aug 16
2016-09-01,Furosemide 40mg tablets,Furosemide,Tablet,592692.41,23346189,,592692.41,0.0253871160727774,Sep 16
2016-10-01,Furosemide 40mg tablets,Furosemide,Tablet,589927.07,22290553,,589927.07,0.0264653402721772,Oct 16
2016-11-01,Furosemide 40mg tablets,Furosemide,Tablet,606564.28,22918182,,606564.28,0.0264665094290638,Nov 16
2016-12-01,Furosemide 40mg tablets,Furosemide,Tablet,622808.63,23533715,,622808.63,0.0264645267438651,Dec 16
2017-01-01,Furosemide 40mg tablets,Furosemide,Tablet,534711.09,21695580,,534711.09,0.0246460841332659,Jan 17
2017-02-01,Furosemide 40mg tablets,Furosemide,Tablet,500840.66,20322166,,500840.66,0.0246450432498189,Feb 17
2017-03-01,Furosemide 40mg tablets,Furosemide,Tablet,573487.82,23271055,,573487.82,0.0246438255592624,Mar 17
2017-04-01,Furosemide 40mg tablets,Furosemide,Tablet,507234.68,20883156,,507234.68,0.0242891773638046,Apr 17
2017-05-01,Furosemide 40mg tablets,Furosemide,Tablet,554440.6,22826649,,554440.6,0.0242891805976427,May 17
2017-06-01,Furosemide 40mg tablets,Furosemide,Tablet,561381.16,23112116,,561381.16,0.0242894748364884,Jun 17
2017-07-01,Furosemide 40mg tablets,Furosemide,Tablet,557534.64,22268373,,557534.64,0.0250370622047691,Jul 17
2017-08-01,Furosemide 40mg tablets,Furosemide,Tablet,514734.69,22514611,,514734.69,0.0228622510955219,Aug 17
2017-09-01,Furosemide 40mg tablets,Furosemide,Tablet,497552.29,21763605,,497552.29,0.0228616669894533,Sep 17
2017-10-01,Furosemide 40mg tablets,Furosemide,Tablet,489457.06,22065380,,489457.06,0.0221821269336853,Oct 17
2017-11-01,Furosemide 40mg tablets,Furosemide,Tablet,488694.55,22031230,,488694.55,0.0221819004204486,Nov 17
2017-12-01,Furosemide 40mg tablets,Furosemide,Tablet,487230.68,21964972,,487230.68,0.0221821671341079,Dec 17
2018-01-01,Furosemide 40mg tablets,Furosemide,Tablet,398776.29,21849247,,398776.29,0.0182512601006341,Jan 18
2018-02-01,Furosemide 40mg tablets,Furosemide,Tablet,357286.11,19578313,,357286.11,0.0182490753927573,Feb 18
2018-03-01,Furosemide 40mg tablets,Furosemide,Tablet,394367.08,21609399,,394367.08,0.0182497939901059,Mar 18
2018-04-01,Furosemide 40mg tablets,Furosemide,Tablet,246371.39,20888364,,246371.39,0.0117946714256799,Apr 18
2018-05-01,Furosemide 40mg tablets,Furosemide,Tablet,259536.9,22005985,,259536.9,0.0117939233349473,May 18
2018-06-01,Furosemide 40mg tablets,Furosemide,Tablet,252888,21443091,,252888,0.0117934489948301,Jun 18
2018-07-01,Furosemide 40mg tablets,Furosemide,Tablet,349619.69,21748980,,349619.69,0.0160752223782449,Jul 18
2018-08-01,Furosemide 40mg tablets,Furosemide,Tablet,416310.55,21980974,,416310.55,0.0189395861166116,Aug 18
2018-09-01,Furosemide 40mg tablets,Furosemide,Tablet,380977.39,20120062,,380977.39,0.0189351996032617,Sep 18
2018-10-01,Furosemide 40mg tablets,Furosemide,Tablet,1865786.32,20996034,TRUE,397564.094666868,0.0888637501730089,Oct 18
2018-11-01,Furosemide 40mg tablets,Furosemide,Tablet,2144640.88,20570171,TRUE,389500.293758225,0.104259749712338,Nov 18
2018-12-01,Furosemide 40mg tablets,Furosemide,Tablet,1867872.81,20907855,TRUE,395894.407701052,0.0893383281068287,Dec 18
2019-01-01,Furosemide 40mg tablets,Furosemide,Tablet,1654045.48,20947521,TRUE,396645.491328515,0.0789613950023012,Jan 19
2019-02-01,Furosemide 40mg tablets,Furosemide,Tablet,1183912.11,18920767,TRUE,358268.499791806,0.0625720992177537,Feb 19
2019-03-01,Furosemide 40mg tablets,Furosemide,Tablet,1098757.75,20347987,TRUE,385293.195369573,0.0539983512865425,Mar 19
2019-04-01,Furosemide 40mg tablets,Furosemide,Tablet,1507217.74,20187989,,382263.601303451,0.0746591322196579,Apr 19
2019-05-01,Furosemide 40mg tablets,Furosemide,Tablet,1610175.11,21567538,,408385.636980931,0.0746573442921487,May 19
2019-06-01,Furosemide 40mg tablets,Furosemide,Tablet,1489345.74,19950642,,377769.388483215,0.0746515194849369,Jun 19
2019-07-01,Furosemide 40mg tablets,Furosemide,Tablet,1339816.82,20723093,,392395.902351955,0.0646533227448239,Jul 19
2019-08-01,Furosemide 40mg tablets,Furosemide,Tablet,1601353.71,21871800,,414146.898682618,0.0732154514031767,Aug 19
2019-09-01,Furosemide 40mg tablets,Furosemide,Tablet,1473102.97,20119233,,380961.692719529,0.0732186445676135,Sep 19
2019-10-01,Furosemide 40mg tablets,Furosemide,Tablet,813261.29,21245592,,402289.525209459,0.0382790599574726,Oct 19
2019-11-01,Furosemide 40mg tablets,Furosemide,Tablet,770812.13,20144339,,381437.079840768,0.0382644538497888,Nov 19
2019-12-01,Furosemide 40mg tablets,Furosemide,Tablet,791515.83,20689206,,391754.245242999,0.038257429018784,Dec 19
2020-01-01,Furosemide 40mg tablets,Furosemide,Tablet,609430.73,20769170,,393268.379544074,0.0293430469296558,Jan 20
2020-02-01,Furosemide 40mg tablets,Furosemide,Tablet,552512.85,18829222,,356535.076944126,0.0293433711706198,Feb 20
2020-03-01,Furosemide 40mg tablets,Furosemide,Tablet,632848.96,21569149,,408416.141587492,0.029340469575318,Mar 20
2020-04-01,Furosemide 40mg tablets,Furosemide,Tablet,594389.49,20787404,,393613.64397364,0.0285937334936099,Apr 20
2020-05-01,Furosemide 40mg tablets,Furosemide,Tablet,559838.41,19579981,,370750.848463071,0.0285923878067093,May 20
2020-06-01,Furosemide 40mg tablets,Furosemide,Tablet,646607.05,20332254,,384995.287874215,0.0318020348358819,Jun 20
2020-07-01,Furosemide 40mg tablets,Furosemide,Tablet,667035.26,20974008,,397147.027960407,0.0318029467710702,Jul 20
2020-08-01,Furosemide 40mg tablets,Furosemide,Tablet,605142.21,19029656,,360330.334741406,0.0317999552908366,Aug 20
2020-09-01,Furosemide 40mg tablets,Furosemide,Tablet,642527.85,20209263,,382666.428739811,0.0317937299346344,Sep 20
2020-10-01,Furosemide 40mg tablets,Furosemide,Tablet,632272.64,20323788,,384834.982474374,0.0311099800883575,Oct 20
2020-11-01,Furosemide 40mg tablets,Furosemide,Tablet,602100.82,19355024,,366491.24276592,0.0311082445570721,Nov 20
2020-12-01,Furosemide 40mg tablets,Furosemide,Tablet,648938.33,20860793,,395003.279337324,0.031108037455719,Dec 20
2021-01-01,Furosemide 40mg tablets,Furosemide,Tablet,633659.61,19075452,,361197.491142437,0.0332185895254278,Jan 21
2021-02-01,Furosemide 40mg tablets,Furosemide,Tablet,590128.88,17764688,,336377.913169667,0.033219208803442,Feb 21
