shortages_data.csv
month_full,product_pack,active_ingredients,dosage,value,quantity,shortage,base_no_shortage_estimate,price_per_piece,xaxis_months
2014-01-01,Bumetanide 1mg tablets,Bumetanide,Tablet,229706.28,4985072,,229706.28,0.0460788289517183,Jan 14
2014-02-01,Bumetanide 1mg tablets,Bumetanide,Tablet,208652.59,4528050,,208652.59,0.0460800101588984,Feb 14
2014-03-01,Bumetanide 1mg tablets,Bumetanide,Tablet,217877.16,4728311,,217877.16,0.046079278626131,Mar 14
2014-04-01,Bumetanide 1mg tablets,Bumetanide,Tablet,212185.54,5076462,,212185.54,0.041797917526025,Apr 14
2014-05-01,Bumetanide 1mg tablets,Bumetanide,Tablet,216521.03,5180465,,216521.03,0.0417956747125982,May 14
2014-06-01,Bumetanide 1mg tablets,Bumetanide,Tablet,208815.01,4995937,,208815.01,0.0417969662147461,Jun 14
2014-07-01,Bumetanide 1mg tablets,Bumetanide,Tablet,228466.5,5418555,,228466.5,0.0421637318436373,Jul 14
2014-08-01,Bumetanide 1mg tablets,Bumetanide,Tablet,213069.37,5053243,,213069.37,0.0421648770898213,Aug 14
2014-09-01,Bumetanide 1mg tablets,Bumetanide,Tablet,219952.81,5216440,,219952.81,0.0421653100582006,Sep 14
2014-10-01,Bumetanide 1mg tablets,Bumetanide,Tablet,265552.69,5426583,,265552.69,0.0489355253573013,Oct 14
2014-11-01,Bumetanide 1mg tablets,Bumetanide,Tablet,238493.04,4873317,,238493.04,0.0489385443220706,Nov 14
2014-12-01,Bumetanide 1mg tablets,Bumetanide,Tablet,271541.22,5548629,,271541.22,0.0489384350620667,Dec 14
2015-01-01,Bumetanide 1mg tablets,Bumetanide,Tablet,246483.83,5110119,,246483.83,0.0482344599020101,Jan 15
2015-02-01,Bumetanide 1mg tablets,Bumetanide,Tablet,226495.99,4695711,,226495.99,0.0482346528566175,Feb 15
2015-03-01,Bumetanide 1mg tablets,Bumetanide,Tablet,252598.6,5236834,,252598.6,0.0482349831978634,Mar 15
2015-04-01,Bumetanide 1mg tablets,Bumetanide,Tablet,251537.42,5211921,,251537.42,0.0482619402711591,Apr 15
2015-05-01,Bumetanide 1mg tablets,Bumetanide,Tablet,247416.25,5126915,,247416.25,0.0482583093341708,May 15
2015-06-01,Bumetanide 1mg tablets,Bumetanide,Tablet,261194.66,5411400,,261194.66,0.0482674834608419,Jun 15
2015-07-01,Bumetanide 1mg tablets,Bumetanide,Tablet,277841.39,5717355,,277841.39,0.0485961410477397,Jul 15
2015-08-01,Bumetanide 1mg tablets,Bumetanide,Tablet,251019.63,5165049,,251019.63,0.0485996609131879,Aug 15
2015-09-01,Bumetanide 1mg tablets,Bumetanide,Tablet,267813.58,5509992,,267813.58,0.0486050760146294,Sep 15
2015-10-01,Bumetanide 1mg tablets,Bumetanide,Tablet,289370.94,5544384,,289370.94,0.0521917204868927,Oct 15
2015-11-01,Bumetanide 1mg tablets,Bumetanide,Tablet,277342.87,5313701,,277342.87,0.0521939171963195,Nov 15
2015-12-01,Bumetanide 1mg tablets,Bumetanide,Tablet,306775.81,5877201,,306775.81,0.0521976039274478,Dec 15
2016-01-01,Bumetanide 1mg tablets,Bumetanide,Tablet,214200.11,4947604,,214200.11,0.0432937053976026,Jan 16
2016-02-01,Bumetanide 1mg tablets,Bumetanide,Tablet,221115.1,5107676,,221115.1,0.0432907451451502,Feb 16
2016-03-01,Bumetanide 1mg tablets,Bumetanide,Tablet,470892.34,5275887,TRUE,228397.079531611,0.089253681892732,Mar 16
2016-04-01,Bumetanide 1mg tablets,Bumetanide,Tablet,407077.24,5556038,TRUE,240525.02507477,0.0732675406467702,Apr 16
2016-05-01,Bumetanide 1mg tablets,Bumetanide,Tablet,389821.76,5320467,TRUE,230326.980950182,0.0732683352795911,May 16
2016-06-01,Bumetanide 1mg tablets,Bumetanide,Tablet,500598.46,5605382,TRUE,242661.163603212,0.0893067519751553,Jun 16
2016-07-01,Bumetanide 1mg tablets,Bumetanide,Tablet,382666.55,5551998,TRUE,240350.130464383,0.0689241152464392,Jul 16
2016-08-01,Bumetanide 1mg tablets,Bumetanide,Tablet,394946.55,5643861,TRUE,244326.948185652,0.0699780788364561,Aug 16
2016-09-01,Bumetanide 1mg tablets,Bumetanide,Tablet,448773.72,5688320,TRUE,246251.611424061,0.0788938948582358,Sep 16
2016-10-01,Bumetanide 1mg tablets,Bumetanide,Tablet,411029.46,5453644,TRUE,236092.312516377,0.0753678567944662,Oct 16
2016-11-01,Bumetanide 1mg tablets,Bumetanide,Tablet,396086.96,5655553,TRUE,244833.103577889,0.0700350540433447,Nov 16
2016-12-01,Bumetanide 1mg tablets,Bumetanide,Tablet,369056.35,5864228,TRUE,253866.799821054,0.0629334926950316,Dec 16
2017-01-01,Bumetanide 1mg tablets,Bumetanide,Tablet,318089.18,5394268,,233521.881232639,0.0589679971406686,Jan 17
2017-02-01,Bumetanide 1mg tablets,Bumetanide,Tablet,298221.05,5057402,,218938.701078573,0.0589672424695525,Feb 17
2017-03-01,Bumetanide 1mg tablets,Bumetanide,Tablet,344615.25,5842004,,252904.706300948,0.058989218425732,Mar 17
2017-04-01,Bumetanide 1mg tablets,Bumetanide,Tablet,304016.68,5281459,,228638.29556356,0.0575630105241752,Apr 17
2017-05-01,Bumetanide 1mg tablets,Bumetanide,Tablet,334769.8,5815871,,251773.38925807,0.0575614211525668,May 17
2017-06-01,Bumetanide 1mg tablets,Bumetanide,Tablet,340787.66,5922170,,256375.152176254,0.0575443899786734,Jun 17
2017-07-01,Bumetanide 1mg tablets,Bumetanide,Tablet,306841.46,5752152,,249014.946268166,0.0533437676890319,Jul 17
2017-08-01,Bumetanide 1mg tablets,Bumetanide,Tablet,284360.23,5879599,,254532.22186468,0.0483638816184573,Aug 17
2017-09-01,Bumetanide 1mg tablets,Bumetanide,Tablet,277229.8,5735942,,248313.203289363,0.0483320438037902,Sep 17
2017-10-01,Bumetanide 1mg tablets,Bumetanide,Tablet,281671.36,5829265,,252353.225498544,0.0483202187582826,Oct 17
2017-11-01,Bumetanide 1mg tablets,Bumetanide,Tablet,284141.46,5882414,,254654.085312263,0.0483035468091841,Nov 17
2017-12-01,Bumetanide 1mg tablets,Bumetanide,Tablet,286545,5927657,,256612.688494865,0.0483403476280763,Dec 17
2018-01-01,Bumetanide 1mg tablets,Bumetanide,Tablet,270070.33,5894794,,255190.02473716,0.0458150581682753,Jan 18
2018-02-01,Bumetanide 1mg tablets,Bumetanide,Tablet,242348.61,5288956,,228962.846279913,0.0458216347422818,Feb 18
2018-03-01,Bumetanide 1mg tablets,Bumetanide,Tablet,269771.27,5889711,,254969.977879588,0.0458038212740829,Mar 18
2018-04-01,Bumetanide 1mg tablets,Bumetanide,Tablet,247748.19,5719353,,247595.05311815,0.0433175203558864,Apr 18
2018-05-01,Bumetanide 1mg tablets,Bumetanide,Tablet,260292.42,6009675,,260163.30883018,0.043312229030688,May 18
2018-06-01,Bumetanide 1mg tablets,Bumetanide,Tablet,259457.98,6002569,,259457.98,0.04322448938113,Jun 18
2018-07-01,Bumetanide 1mg tablets,Bumetanide,Tablet,244391.87,6096138,,244391.87,0.0400896223149804,Jul 18
2018-08-01,Bumetanide 1mg tablets,Bumetanide,Tablet,287534.05,6231409,,269762.338914195,0.0461427022363642,Aug 18
2018-09-01,Bumetanide 1mg tablets,Bumetanide,Tablet,264798.99,5740676,,248518.14167688,0.0461267958686399,Sep 18
2018-10-01,Bumetanide 1mg tablets,Bumetanide,Tablet,321326.73,6276235,,271702.889856072,0.0511973707166797,Oct 18
2018-11-01,Bumetanide 1mg tablets,Bumetanide,Tablet,289088.31,6220648,,269296.487205688,0.0464723787618267,Nov 18
2018-12-01,Bumetanide 1mg tablets,Bumetanide,Tablet,282583.52,6075587,,263016.688424187,0.0465113115819097,Dec 18
2019-01-01,Bumetanide 1mg tablets,Bumetanide,Tablet,439469.03,6278291,TRUE,271791.89562809,0.0699981937759814,Jan 19
2019-02-01,Bumetanide 1mg tablets,Bumetanide,Tablet,405220.75,5643761,TRUE,244322.619111138,0.0717997714644543,Feb 19
2019-03-01,Bumetanide 1mg tablets,Bumetanide,Tablet,422174.64,6061817,TRUE,262420.574863539,0.0696449002007154,Mar 19
2019-04-01,Bumetanide 1mg tablets,Bumetanide,Tablet,307394.37,6131582,TRUE,265440.75369859,0.0501329624230745,Apr 19
2019-05-01,Bumetanide 1mg tablets,Bumetanide,Tablet,439828.19,6620744,TRUE,286616.941175282,0.0664318375699166,May 19
2019-06-01,Bumetanide 1mg tablets,Bumetanide,Tablet,370177.92,6244802,TRUE,270342.131863924,0.059277767333536,Jun 19
2019-07-01,Bumetanide 1mg tablets,Bumetanide,Tablet,385817.9,6511496,TRUE,281887.513849665,0.0592518063437342,Jul 19
2019-08-01,Bumetanide 1mg tablets,Bumetanide,Tablet,440578.39,6936196,,300273.09331281,0.0635187341880189,Aug 19
2019-09-01,Bumetanide 1mg tablets,Bumetanide,Tablet,410212.21,6460017,,279658.949580338,0.0635001749995395,Sep 19
2019-10-01,Bumetanide 1mg tablets,Bumetanide,Tablet,385067.42,6831296,,295731.894147084,0.0563681357095345,Oct 19
2019-11-01,Bumetanide 1mg tablets,Bumetanide,Tablet,453331.69,6484994,TRUE,280740.222521828,0.0699047200352074,Nov 19
2019-12-01,Bumetanide 1mg tablets,Bumetanide,Tablet,378642.02,6715618,,290724.107330183,0.0563823046516345,Dec 19
2020-01-01,Bumetanide 1mg tablets,Bumetanide,Tablet,503632.31,6760841,,292681.844697882,0.0744925535151618,Jan 20
2020-02-01,Bumetanide 1mg tablets,Bumetanide,Tablet,457174.22,6136628,,265659.198798593,0.0744992559431662,Feb 20
2020-03-01,Bumetanide 1mg tablets,Bumetanide,Tablet,527164.22,7079562,,306479.51428129,0.0744628297626322,Mar 20
2020-04-01,Bumetanide 1mg tablets,Bumetanide,Tablet,608786.84,6944379,,300627.341480333,0.0876661311256197,Apr 20
2020-05-01,Bumetanide 1mg tablets,Bumetanide,Tablet,564156.92,6435054,,278578.282709279,0.087669337351326,May 20
2020-06-01,Bumetanide 1mg tablets,Bumetanide,Tablet,654731.8,6705785,,290298.429433171,0.0976368613070655,Jun 20
2020-07-01,Bumetanide 1mg tablets,Bumetanide,Tablet,615069.6,6935340,,300236.036434966,0.0886862936784642,Jul 20
2020-08-01,Bumetanide 1mg tablets,Bumetanide,Tablet,564308.79,6362704,,275446.197298028,0.0886900899366056,Aug 20
2020-09-01,Bumetanide 1mg tablets,Bumetanide,Tablet,598418.42,6746502,,292061.098703246,0.0887005473354933,Sep 20
2020-10-01,Bumetanide 1mg tablets,Bumetanide,Tablet,544272.86,6852303,,296641.302830348,0.0794291875300903,Oct 20
2020-11-01,Bumetanide 1mg tablets,Bumetanide,Tablet,519847.96,6545334,,283352.386083886,0.0794226788121126,Nov 20
2020-12-01,Bumetanide 1mg tablets,Bumetanide,Tablet,564946.99,7112029,,307885.034903917,0.0794354170940529,Dec 20
2021-01-01,Bumetanide 1mg tablets,Bumetanide,Tablet,430208.27,6497420,,281278.153321002,0.0662121688300895,Jan 21
2021-02-01,Bumetanide 1mg tablets,Bumetanide,Tablet,403391.77,6093916,,263810.164491953,0.0661958205528268,Feb 21
