shortages_data.csv
month_full,product_pack,active_ingredients,dosage,value,quantity,shortage,base_no_shortage_estimate,price_per_piece,xaxis_months
2014-01-01,Flecainide 50mg tablets,Flecainide,Tablet,95204.97,1440572,,95204.97,0.0660883107543393,Jan 14
2014-02-01,Flecainide 50mg tablets,Flecainide,Tablet,86926.57,1313635,,86926.57,0.0661725441237482,Feb 14
2014-03-01,Flecainide 50mg tablets,Flecainide,Tablet,94967.48,1435260,,94967.48,0.066167440045706,Mar 14
2014-04-01,Flecainide 50mg tablets,Flecainide,Tablet,80287.29,1412375,,80287.29,0.0568455898752102,Apr 14
2014-05-01,Flecainide 50mg tablets,Flecainide,Tablet,84214.28,1491643,,84214.28,0.0564573963072934,May 14
2014-06-01,Flecainide 50mg tablets,Flecainide,Tablet,80359.47,1422607,,80359.47,0.0564874698353094,Jun 14
2014-07-01,Flecainide 50mg tablets,Flecainide,Tablet,84854.83,1514487,,84854.83,0.0560287608939529,Jul 14
2014-08-01,Flecainide 50mg tablets,Flecainide,Tablet,80383.69,1435308,,80383.69,0.0560044882352777,Aug 14
2014-09-01,Flecainide 50mg tablets,Flecainide,Tablet,82632.94,1479068,,82632.94,0.0558682494652038,Sep 14
2014-10-01,Flecainide 50mg tablets,Flecainide,Tablet,92894.46,1520402,,92894.46,0.0610986173393616,Oct 14
2014-11-01,Flecainide 50mg tablets,Flecainide,Tablet,85061.12,1395575,,85061.12,0.0609505902584956,Nov 14
2014-12-01,Flecainide 50mg tablets,Flecainide,Tablet,98002.15,1608974,,98002.15,0.0609097163782634,Dec 14
2015-01-01,Flecainide 50mg tablets,Flecainide,Tablet,85449.81,1455365,,85449.81,0.0587136628955623,Jan 15
2015-02-01,Flecainide 50mg tablets,Flecainide,Tablet,79604.52,1349220,,79604.52,0.0590004002312447,Feb 15
2015-03-01,Flecainide 50mg tablets,Flecainide,Tablet,87100.96,1483343,,87100.96,0.0587193656490778,Mar 15
2015-04-01,Flecainide 50mg tablets,Flecainide,Tablet,89252.21,1480893,,89252.21,0.0602691821758898,Apr 15
2015-05-01,Flecainide 50mg tablets,Flecainide,Tablet,87523.76,1449306,,87523.76,0.0603901177529107,May 15
2015-06-01,Flecainide 50mg tablets,Flecainide,Tablet,89680.64,1486735,,89680.64,0.0603205278681137,Jun 15
2015-07-01,Flecainide 50mg tablets,Flecainide,Tablet,98038.43,1578334,,98038.43,0.0621151353262364,Jul 15
2015-08-01,Flecainide 50mg tablets,Flecainide,Tablet,88264.16,1420983,,88264.16,0.0621148599244326,Aug 15
2015-09-01,Flecainide 50mg tablets,Flecainide,Tablet,94369.88,1514582,,94369.88,0.0623075409584955,Sep 15
2015-10-01,Flecainide 50mg tablets,Flecainide,Tablet,97647.35,1536165,,97647.35,0.0635656651466477,Oct 15
2015-11-01,Flecainide 50mg tablets,Flecainide,Tablet,120433.29,1406241,TRUE,89388.6445214869,0.0856419987754588,Nov 15
2015-12-01,Flecainide 50mg tablets,Flecainide,Tablet,147399.96,1725714,TRUE,109696.158262882,0.0854138982473342,Dec 15
2016-01-01,Flecainide 50mg tablets,Flecainide,Tablet,130382.09,1524234,TRUE,96888.9480491353,0.0855394184882374,Jan 16
2016-02-01,Flecainide 50mg tablets,Flecainide,Tablet,129322.38,1503600,TRUE,95577.3341144994,0.0860084996009577,Feb 16
2016-03-01,Flecainide 50mg tablets,Flecainide,Tablet,150104.17,1573239,TRUE,100003.983469647,0.0954109134085794,Mar 16
2016-04-01,Flecainide 50mg tablets,Flecainide,Tablet,203363.29,1610422,TRUE,102367.545596795,0.126279503136445,Apr 16
2016-05-01,Flecainide 50mg tablets,Flecainide,Tablet,193155.58,1531172,TRUE,97329.9666339228,0.126148845459556,May 16
2016-06-01,Flecainide 50mg tablets,Flecainide,Tablet,284209.97,1578072,TRUE,100311.196329301,0.180099494826599,Jun 16
2016-07-01,Flecainide 50mg tablets,Flecainide,Tablet,263382.16,1546900,TRUE,98329.7274153493,0.170264503199948,Jul 16
2016-08-01,Flecainide 50mg tablets,Flecainide,Tablet,301736.81,1564680,TRUE,99459.9249416567,0.192842504537669,Aug 16
2016-09-01,Flecainide 50mg tablets,Flecainide,Tablet,303963.05,1576761,TRUE,100227.861742293,0.192776869798276,Sep 16
2016-10-01,Flecainide 50mg tablets,Flecainide,Tablet,269856.61,1511678,TRUE,96090.817557554,0.178514610915817,Oct 16
2016-11-01,Flecainide 50mg tablets,Flecainide,Tablet,279475.55,1565230,TRUE,99494.8860574873,0.178552385272452,Nov 16
2016-12-01,Flecainide 50mg tablets,Flecainide,Tablet,310283.74,1654300,TRUE,105156.679852099,0.187561953696428,Dec 16
2017-01-01,Flecainide 50mg tablets,Flecainide,Tablet,279266.76,1488875,TRUE,94641.329695215,0.187568976576274,Jan 17
2017-02-01,Flecainide 50mg tablets,Flecainide,Tablet,272916.97,1415677,TRUE,89988.4501378107,0.192781948142126,Feb 17
2017-03-01,Flecainide 50mg tablets,Flecainide,Tablet,311920.71,1617570,TRUE,102821.912971263,0.19283289749439,Mar 17
2017-04-01,Flecainide 50mg tablets,Flecainide,Tablet,280447.86,1454331,TRUE,92445.5173583892,0.19283633505715,Apr 17
2017-05-01,Flecainide 50mg tablets,Flecainide,Tablet,265677.61,1591181,,101144.478633708,0.166968817500963,May 17
2017-06-01,Flecainide 50mg tablets,Flecainide,Tablet,266359.2,1595873,,101442.728734576,0.166905010611747,Jun 17
2017-07-01,Flecainide 50mg tablets,Flecainide,Tablet,241316.09,1550652,,98568.2257909795,0.155622338216441,Jul 17
2017-08-01,Flecainide 50mg tablets,Flecainide,Tablet,218468.68,1563527,,99386.6337297426,0.139728114704767,Aug 17
2017-09-01,Flecainide 50mg tablets,Flecainide,Tablet,215460.33,1541999,,98018.1920904655,0.139727931081667,Sep 17
2017-10-01,Flecainide 50mg tablets,Flecainide,Tablet,217810.52,1563616,,99392.2910739406,0.139299239711029,Oct 17
2017-11-01,Flecainide 50mg tablets,Flecainide,Tablet,219771.9,1579090,,100375.90617642,0.139176297741104,Nov 17
2017-12-01,Flecainide 50mg tablets,Flecainide,Tablet,227269.39,1632559,,103774.698726146,0.139210521641178,Dec 17
2018-01-01,Flecainide 50mg tablets,Flecainide,Tablet,202238.64,1572806,,99976.4595366383,0.128584606111625,Jan 18
2018-02-01,Flecainide 50mg tablets,Flecainide,Tablet,185249.67,1439659,,91512.8819193576,0.128676075376183,Feb 18
2018-03-01,Flecainide 50mg tablets,Flecainide,Tablet,203166.04,1579081,,100375.334085434,0.128660936329422,Mar 18
2018-04-01,Flecainide 50mg tablets,Flecainide,Tablet,191715.8,1534403,,97535.3472980116,0.124944880842908,Apr 18
2018-05-01,Flecainide 50mg tablets,Flecainide,Tablet,199912.8,1600571,,101741.360229435,0.12490092598204,May 18
2018-06-01,Flecainide 50mg tablets,Flecainide,Tablet,194199.28,1554335,,98802.3381357146,0.124940427900034,Jun 18
2018-07-01,Flecainide 50mg tablets,Flecainide,Tablet,167269.28,1588931,,101001.455887128,0.105271581962968,Jul 18
2018-08-01,Flecainide 50mg tablets,Flecainide,Tablet,196498.53,1624404,,103256.320726875,0.120966539112191,Aug 18
2018-09-01,Flecainide 50mg tablets,Flecainide,Tablet,181617.08,1502484,,95506.3948321957,0.120877879564774,Sep 18
2018-10-01,Flecainide 50mg tablets,Flecainide,Tablet,178707.72,1630691,,103655.958063652,0.109590179868534,Oct 18
2018-11-01,Flecainide 50mg tablets,Flecainide,Tablet,153879.95,1596615,,101489.894458115,0.0963788702974731,Nov 18
2018-12-01,Flecainide 50mg tablets,Flecainide,Tablet,158556.21,1645544,,104600.098888075,0.0963548893253538,Dec 18
2019-01-01,Flecainide 50mg tablets,Flecainide,Tablet,120309.73,1637330,,104077.970514561,0.0734792192166515,Jan 19
2019-02-01,Flecainide 50mg tablets,Flecainide,Tablet,107885.71,1468841,,93367.8551596671,0.0734495496789646,Feb 19
2019-03-01,Flecainide 50mg tablets,Flecainide,Tablet,117070.72,1594887,,101380.052988741,0.0734037709254637,Mar 19
2019-04-01,Flecainide 50mg tablets,Flecainide,Tablet,124274.15,1548015,,98400.6031319877,0.0802796807524475,Apr 19
2019-05-01,Flecainide 50mg tablets,Flecainide,Tablet,134068.14,1672466,,106311.413725153,0.0801619524701848,May 19
2019-06-01,Flecainide 50mg tablets,Flecainide,Tablet,122412.26,1525487,,96968.5958275641,0.0802447087389142,Jun 19
2019-07-01,Flecainide 50mg tablets,Flecainide,Tablet,124283.65,1581975,,100559.293120368,0.0785623350558637,Jul 19
2019-08-01,Flecainide 50mg tablets,Flecainide,Tablet,149652.18,1705837,,108432.663536762,0.087729472393904,Aug 19
2019-09-01,Flecainide 50mg tablets,Flecainide,Tablet,139181.8,1583233,,100639.258727122,0.0879098654462104,Sep 19
2019-10-01,Flecainide 50mg tablets,Flecainide,Tablet,136311.52,1668386,,106052.065811355,0.0817026275693994,Oct 19
2019-11-01,Flecainide 50mg tablets,Flecainide,Tablet,131285.91,1607431,,102177.420692341,0.081674367360092,Nov 19
2019-12-01,Flecainide 50mg tablets,Flecainide,Tablet,134687.65,1648259,,104772.679668948,0.0817151006000877,Dec 19
2020-01-01,Flecainide 50mg tablets,Flecainide,Tablet,122453.26,1653755,,105122.036564594,0.0740455871637576,Jan 20
2020-02-01,Flecainide 50mg tablets,Flecainide,Tablet,112380.68,1516255,,96381.7576069302,0.0741172691928469,Feb 20
2020-03-01,Flecainide 50mg tablets,Flecainide,Tablet,138125.82,1862627,,118399.124175105,0.0741564575194067,Mar 20
2020-04-01,Flecainide 50mg tablets,Flecainide,Tablet,115122.05,1625148,,103303.613581744,0.0708378867647747,Apr 20
2020-05-01,Flecainide 50mg tablets,Flecainide,Tablet,111375.45,1570941,,99857.9095711398,0.070897283857255,May 20
2020-06-01,Flecainide 50mg tablets,Flecainide,Tablet,126648.8,1600988,,101767.867111801,0.0791066516426107,Jun 20
2020-07-01,Flecainide 50mg tablets,Flecainide,Tablet,126341.45,1692157,,107563.085237556,0.074662959760826,Jul 20
2020-08-01,Flecainide 50mg tablets,Flecainide,Tablet,113678.68,1521797,,96734.0385231729,0.0747002918260451,Aug 20
2020-09-01,Flecainide 50mg tablets,Flecainide,Tablet,124105.62,1662512,,105678.681094283,0.0746494581693245,Sep 20
2020-10-01,Flecainide 50mg tablets,Flecainide,Tablet,99948.34,1694176,,99948.34,0.0589952519690989,Oct 20
2020-11-01,Flecainide 50mg tablets,Flecainide,Tablet,95899.24,1620617,,95899.24,0.0591745242706944,Nov 20
2020-12-01,Flecainide 50mg tablets,Flecainide,Tablet,106309.21,1797556,,106309.21,0.0591409725204667,Dec 20
2021-01-01,Flecainide 50mg tablets,Flecainide,Tablet,96908.24,1615325,,96908.24,0.0599930292665563,Jan 21
2021-02-01,Flecainide 50mg tablets,Flecainide,Tablet,92208.12,1532483,,92208.12,0.0601690981237639,Feb 21
