shortages_data.csv
month_full,product_pack,active_ingredients,dosage,value,quantity,shortage,base_no_shortage_estimate,price_per_piece,xaxis_months
2014-01-01,Flecainide 100mg tablets,Flecainide,Tablet,97585.23,996558,,97585.23,0.0979222784825369,Jan 14
2014-02-01,Flecainide 100mg tablets,Flecainide,Tablet,86445.04,879081,,86445.04,0.0983356937529079,Feb 14
2014-03-01,Flecainide 100mg tablets,Flecainide,Tablet,95253.55,973449,,95253.55,0.0978516080452083,Mar 14
2014-04-01,Flecainide 100mg tablets,Flecainide,Tablet,81293.14,969349,,81293.14,0.0838636445697061,Apr 14
2014-05-01,Flecainide 100mg tablets,Flecainide,Tablet,82686.6,994735,,82686.6,0.08312424917189,May 14
2014-06-01,Flecainide 100mg tablets,Flecainide,Tablet,80439.11,962627,,80439.11,0.0835620754456295,Jun 14
2014-07-01,Flecainide 100mg tablets,Flecainide,Tablet,83847.92,1010321,,83847.92,0.0829913661103748,Jul 14
2014-08-01,Flecainide 100mg tablets,Flecainide,Tablet,79982.41,966687,,79982.41,0.0827386837725138,Aug 14
2014-09-01,Flecainide 100mg tablets,Flecainide,Tablet,80872.3,975826,,80872.3,0.0828757380926518,Sep 14
2014-10-01,Flecainide 100mg tablets,Flecainide,Tablet,90782.31,1025389,,90782.31,0.0885345073918289,Oct 14
2014-11-01,Flecainide 100mg tablets,Flecainide,Tablet,83106.61,942134,,83106.61,0.0882110294289347,Nov 14
2014-12-01,Flecainide 100mg tablets,Flecainide,Tablet,94655.62,1066623,,94655.62,0.088743276677889,Dec 14
2015-01-01,Flecainide 100mg tablets,Flecainide,Tablet,81200.61,972966,,81200.61,0.0834567806069277,Jan 15
2015-02-01,Flecainide 100mg tablets,Flecainide,Tablet,74646.22,896688,,74646.22,0.0832465919026462,Feb 15
2015-03-01,Flecainide 100mg tablets,Flecainide,Tablet,83546.97,1001691,,83546.97,0.0834059305714038,Mar 15
2015-04-01,Flecainide 100mg tablets,Flecainide,Tablet,83910.03,978570,,83910.03,0.0857476010913885,Apr 15
2015-05-01,Flecainide 100mg tablets,Flecainide,Tablet,83223.42,966091,,83223.42,0.0861444936346576,May 15
2015-06-01,Flecainide 100mg tablets,Flecainide,Tablet,84016.9,981232,,84016.9,0.0856238891515972,Jun 15
2015-07-01,Flecainide 100mg tablets,Flecainide,Tablet,90620.09,1041368,,90620.09,0.0870202368423074,Jul 15
2015-08-01,Flecainide 100mg tablets,Flecainide,Tablet,80725.65,931540,,80725.65,0.0866582755437233,Aug 15
2015-09-01,Flecainide 100mg tablets,Flecainide,Tablet,85500.05,983182,,85500.05,0.0869625867845424,Sep 15
2015-10-01,Flecainide 100mg tablets,Flecainide,Tablet,87814.53,956672,,87814.53,0.091791679907011,Oct 15
2015-11-01,Flecainide 100mg tablets,Flecainide,Tablet,86574.79,928704,,86574.79,0.0932210801288677,Nov 15
2015-12-01,Flecainide 100mg tablets,Flecainide,Tablet,97524.92,1033550,,97524.92,0.0943591698514828,Dec 15
2016-01-01,Flecainide 100mg tablets,Flecainide,Tablet,91145.36,944746,TRUE,89145.448280509,0.0964760475302356,Jan 16
2016-02-01,Flecainide 100mg tablets,Flecainide,Tablet,92241.05,966209,TRUE,91170.6791430313,0.0954669745365651,Feb 16
2016-03-01,Flecainide 100mg tablets,Flecainide,Tablet,101195.05,971316,TRUE,91652.5714234628,0.104183448023094,Mar 16
2016-04-01,Flecainide 100mg tablets,Flecainide,Tablet,124008.91,1036173,TRUE,97772.4241025204,0.119679734947736,Apr 16
2016-05-01,Flecainide 100mg tablets,Flecainide,Tablet,176035.13,967252,TRUE,91269.0957571864,0.18199510572219,May 16
2016-06-01,Flecainide 100mg tablets,Flecainide,Tablet,181227.65,989726,TRUE,93389.7237404286,0.183108910951112,Jun 16
2016-07-01,Flecainide 100mg tablets,Flecainide,Tablet,168530.23,973665,TRUE,91874.221113444,0.173088516070722,Jul 16
2016-08-01,Flecainide 100mg tablets,Flecainide,Tablet,182007.79,986974,TRUE,93130.0473049973,0.18440991353369,Aug 16
2016-09-01,Flecainide 100mg tablets,Flecainide,Tablet,209977.8,965860,TRUE,91137.7477927532,0.217399830203135,Sep 16
2016-10-01,Flecainide 100mg tablets,Flecainide,Tablet,187456.44,966335,TRUE,91182.5683984326,0.193987012785421,Oct 16
2016-11-01,Flecainide 100mg tablets,Flecainide,Tablet,179218.67,970903,TRUE,91613.6010863142,0.184589675796655,Nov 16
2016-12-01,Flecainide 100mg tablets,Flecainide,Tablet,238860.8,1047745,TRUE,98864.3484160418,0.227976081966509,Dec 16
2017-01-01,Flecainide 100mg tablets,Flecainide,Tablet,209324.03,924596,TRUE,87244.1110080016,0.226395128250609,Jan 17
2017-02-01,Flecainide 100mg tablets,Flecainide,Tablet,244616.6,887846,TRUE,83776.4115159596,0.275516925232529,Feb 17
2017-03-01,Flecainide 100mg tablets,Flecainide,Tablet,277508.97,1007430,TRUE,95060.2584834793,0.275462285220809,Mar 17
2017-04-01,Flecainide 100mg tablets,Flecainide,Tablet,186402.63,912693,,86120.9538092594,0.204233657976998,Apr 17
2017-05-01,Flecainide 100mg tablets,Flecainide,Tablet,199998.11,979384,,92413.8612058246,0.204208063435792,May 17
2017-06-01,Flecainide 100mg tablets,Flecainide,Tablet,200499.77,983333,,92786.4855675681,0.203898140304454,Jun 17
2017-07-01,Flecainide 100mg tablets,Flecainide,Tablet,187199.97,963292,,90895.4334445745,0.194333566561333,Jul 17
2017-08-01,Flecainide 100mg tablets,Flecainide,Tablet,167610.5,960625,,90643.7775385806,0.174480676642811,Aug 17
2017-09-01,Flecainide 100mg tablets,Flecainide,Tablet,164495.01,941766,,88864.2579543515,0.174666541370149,Sep 17
2017-10-01,Flecainide 100mg tablets,Flecainide,Tablet,137322.42,949217,,89567.3281289149,0.144669153628728,Oct 17
2017-11-01,Flecainide 100mg tablets,Flecainide,Tablet,139035.09,962641,,90834.0056250012,0.14443088337189,Nov 17
2017-12-01,Flecainide 100mg tablets,Flecainide,Tablet,142901.59,987126,,93144.3898988148,0.144765298452275,Dec 17
2018-01-01,Flecainide 100mg tablets,Flecainide,Tablet,131058.99,956129,,90219.5387109284,0.137072497539558,Jan 18
2018-02-01,Flecainide 100mg tablets,Flecainide,Tablet,119038.1,867557,,81861.9583188428,0.137210696242437,Feb 18
2018-03-01,Flecainide 100mg tablets,Flecainide,Tablet,131791.05,961443,,90720.9633395192,0.137076300935157,Mar 18
2018-04-01,Flecainide 100mg tablets,Flecainide,Tablet,122367.99,936210,,88339.9984066567,0.130705707052905,Apr 18
2018-05-01,Flecainide 100mg tablets,Flecainide,Tablet,126082.59,962929,,90861.1810659184,0.130936538415605,May 18
2018-06-01,Flecainide 100mg tablets,Flecainide,Tablet,122592.63,936665,,88382.9318289391,0.1308820442741,Jun 18
2018-07-01,Flecainide 100mg tablets,Flecainide,Tablet,105314.51,951591,,89791.3367981423,0.110672032417289,Jul 18
2018-08-01,Flecainide 100mg tablets,Flecainide,Tablet,124173.12,977331,,92220.1418301195,0.127053291054924,Aug 18
2018-09-01,Flecainide 100mg tablets,Flecainide,Tablet,116575.7,916302,,86461.4960532534,0.127224102970418,Sep 18
2018-10-01,Flecainide 100mg tablets,Flecainide,Tablet,115654.3,983579,,92809.6979233516,0.117585166011068,Oct 18
2018-11-01,Flecainide 100mg tablets,Flecainide,Tablet,99592.95,959254,,90514.4111167143,0.103823335633732,Nov 18
2018-12-01,Flecainide 100mg tablets,Flecainide,Tablet,103146.16,992606,,93661.4781496009,0.103914503841403,Dec 18
2019-01-01,Flecainide 100mg tablets,Flecainide,Tablet,89415.7,990717,,89415.7,0.0902535234582631,Jan 19
2019-02-01,Flecainide 100mg tablets,Flecainide,Tablet,79196.97,881321,,79196.97,0.0898616622093426,Feb 19
2019-03-01,Flecainide 100mg tablets,Flecainide,Tablet,85945.13,955578,,85945.13,0.0899404653518603,Mar 19
2019-04-01,Flecainide 100mg tablets,Flecainide,Tablet,81723.61,931022,,81723.61,0.0877783876213452,Apr 19
2019-05-01,Flecainide 100mg tablets,Flecainide,Tablet,87240.9,992451,,87240.9,0.0879044910025785,May 19
2019-06-01,Flecainide 100mg tablets,Flecainide,Tablet,80079.05,913377,,80079.05,0.0876736002767751,Jun 19
2019-07-01,Flecainide 100mg tablets,Flecainide,Tablet,78711.41,949645,,78711.41,0.0828850886383859,Jul 19
2019-08-01,Flecainide 100mg tablets,Flecainide,Tablet,91923.78,991910,,91923.78,0.0926735086852638,Aug 19
2019-09-01,Flecainide 100mg tablets,Flecainide,Tablet,87205.67,938712,,87205.67,0.0928992811426721,Sep 19
2019-10-01,Flecainide 100mg tablets,Flecainide,Tablet,87357.45,990601,,87357.45,0.0881863131573661,Oct 19
2019-11-01,Flecainide 100mg tablets,Flecainide,Tablet,83247.34,946126,,83247.34,0.0879875830491922,Nov 19
2019-12-01,Flecainide 100mg tablets,Flecainide,Tablet,87819.19,996414,,87819.19,0.0881352429813311,Dec 19
2020-01-01,Flecainide 100mg tablets,Flecainide,Tablet,74994.63,971098,,74994.63,0.0772266341811022,Jan 20
2020-02-01,Flecainide 100mg tablets,Flecainide,Tablet,70168.87,909001,,70168.87,0.0771933914264121,Feb 20
2020-03-01,Flecainide 100mg tablets,Flecainide,Tablet,84348.1,1093636,,84348.1,0.0771263016213804,Mar 20
2020-04-01,Flecainide 100mg tablets,Flecainide,Tablet,67036.55,950183,,67036.55,0.0705511990848079,Apr 20
2020-05-01,Flecainide 100mg tablets,Flecainide,Tablet,65178.09,925320,,65178.09,0.0704384321099728,May 20
2020-06-01,Flecainide 100mg tablets,Flecainide,Tablet,71867.3,936424,,71867.3,0.0767465378930912,Jun 20
2020-07-01,Flecainide 100mg tablets,Flecainide,Tablet,74723.21,982388,,74723.21,0.0760628285361792,Jul 20
2020-08-01,Flecainide 100mg tablets,Flecainide,Tablet,66576.11,877234,,66576.11,0.0758932166331902,Aug 20
2020-09-01,Flecainide 100mg tablets,Flecainide,Tablet,73386.98,965004,,73386.98,0.076048368711425,Sep 20
2020-10-01,Flecainide 100mg tablets,Flecainide,Tablet,68009.29,963604,,68009.29,0.0705780486589927,Oct 20
2020-11-01,Flecainide 100mg tablets,Flecainide,Tablet,65540,927286,,65540,0.0706793804716129,Nov 20
2020-12-01,Flecainide 100mg tablets,Flecainide,Tablet,71984.2,1021471,,71984.2,0.0704711146963546,Dec 20
2021-01-01,Flecainide 100mg tablets,Flecainide,Tablet,72259.36,914294,,72259.36,0.0790329587638112,Jan 21
2021-02-01,Flecainide 100mg tablets,Flecainide,Tablet,68370.23,865340,,68370.23,0.079009672498671,Feb 21
