shortages_data.csv
month_full,product_pack,active_ingredients,dosage,value,quantity,shortage,base_no_shortage_estimate,price_per_piece,xaxis_months
2014-01-01,Propranolol 10mg tablets,Propranolol,Tablet,1447601.55,6994038,TRUE,1447601.55,0.206976506275774,Jan 14
2014-02-01,Propranolol 10mg tablets,Propranolol,Tablet,1303241.94,6289844,TRUE,1303241.94,0.207197816034865,Feb 14
2014-03-01,Propranolol 10mg tablets,Propranolol,Tablet,1427081.21,6889360,TRUE,1427081.21,0.207142783945098,Mar 14
2014-04-01,Propranolol 10mg tablets,Propranolol,Tablet,1283857.63,6784023,TRUE,1283857.63,0.189247240170029,Apr 14
2014-05-01,Propranolol 10mg tablets,Propranolol,Tablet,1270892.96,7121060,TRUE,1270892.96,0.178469632330018,May 14
2014-06-01,Propranolol 10mg tablets,Propranolol,Tablet,832279.74,6852305,TRUE,832279.74,0.121459821184258,Jun 14
2014-07-01,Propranolol 10mg tablets,Propranolol,Tablet,757540.22,7333967,,757540.22,0.103292013721905,Jul 14
2014-08-01,Propranolol 10mg tablets,Propranolol,Tablet,701601.36,6793200,,701601.36,0.103279950538774,Aug 14
2014-09-01,Propranolol 10mg tablets,Propranolol,Tablet,747573.77,7246873,,747573.77,0.103158116611123,Sep 14
2014-10-01,Propranolol 10mg tablets,Propranolol,Tablet,685330.3,7528721,,685330.3,0.0910287816483039,Oct 14
2014-11-01,Propranolol 10mg tablets,Propranolol,Tablet,628913.74,6909201,,628913.74,0.0910255382641206,Nov 14
2014-12-01,Propranolol 10mg tablets,Propranolol,Tablet,695531.51,7642352,,695531.51,0.0910101379784653,Dec 14
2015-01-01,Propranolol 10mg tablets,Propranolol,Tablet,493377.22,7269088,,493377.22,0.0678733315651152,Jan 15
2015-02-01,Propranolol 10mg tablets,Propranolol,Tablet,458235.98,6752293,,458235.98,0.0678637582818163,Feb 15
2015-03-01,Propranolol 10mg tablets,Propranolol,Tablet,516602.72,7614331,,516602.72,0.0678461075569213,Mar 15
2015-04-01,Propranolol 10mg tablets,Propranolol,Tablet,444725.95,7368033,,444725.95,0.0603588433982313,Apr 15
2015-05-01,Propranolol 10mg tablets,Propranolol,Tablet,442272.59,7327460,,442272.59,0.0603582400995707,May 15
2015-06-01,Propranolol 10mg tablets,Propranolol,Tablet,460872.43,7636129,,460872.43,0.0603541964783466,Jun 15
2015-07-01,Propranolol 10mg tablets,Propranolol,Tablet,411918.48,7952042,,411918.48,0.051800340088747,Jul 15
2015-08-01,Propranolol 10mg tablets,Propranolol,Tablet,371755.12,7176828,,371755.12,0.0517993631726997,Aug 15
2015-09-01,Propranolol 10mg tablets,Propranolol,Tablet,403565.86,7792909,,403565.86,0.0517862918712383,Sep 15
2015-10-01,Propranolol 10mg tablets,Propranolol,Tablet,350134.39,7903451,,350134.39,0.0443014564144195,Oct 15
2015-11-01,Propranolol 10mg tablets,Propranolol,Tablet,341454.1,7707969,,341454.1,0.0442988418868836,Nov 15
2015-12-01,Propranolol 10mg tablets,Propranolol,Tablet,374483.4,8454406,,374483.4,0.0442944661044194,Dec 15
2016-01-01,Propranolol 10mg tablets,Propranolol,Tablet,281027.03,7707081,,281027.03,0.0364634846837603,Jan 16
2016-02-01,Propranolol 10mg tablets,Propranolol,Tablet,278790.42,7645815,,278790.42,0.0364631396391359,Feb 16
2016-03-01,Propranolol 10mg tablets,Propranolol,Tablet,293831.23,8059030,,293831.23,0.0364598754440671,Mar 16
2016-04-01,Propranolol 10mg tablets,Propranolol,Tablet,279917.55,8328025,,279917.55,0.0336115165360335,Apr 16
2016-05-01,Propranolol 10mg tablets,Propranolol,Tablet,271457.05,8074751,,271457.05,0.0336180087782273,May 16
2016-06-01,Propranolol 10mg tablets,Propranolol,Tablet,256902.66,8448515,,256902.66,0.0304080255524196,Jun 16
2016-07-01,Propranolol 10mg tablets,Propranolol,Tablet,268374.44,8246534,,268374.44,0.0325439075373969,Jul 16
2016-08-01,Propranolol 10mg tablets,Propranolol,Tablet,269686.02,8288178,,269686.02,0.0325386375630446,Aug 16
2016-09-01,Propranolol 10mg tablets,Propranolol,Tablet,278938.47,8572000,,278938.47,0.0325406521231918,Sep 16
2016-10-01,Propranolol 10mg tablets,Propranolol,Tablet,264070.98,8295896,,264070.98,0.0318315200672718,Oct 16
2016-11-01,Propranolol 10mg tablets,Propranolol,Tablet,273864.42,8605374,,273864.42,0.0318248131923145,Nov 16
2016-12-01,Propranolol 10mg tablets,Propranolol,Tablet,279736.61,8790304,,279736.61,0.0318233146430431,Dec 16
2017-01-01,Propranolol 10mg tablets,Propranolol,Tablet,249077.53,8390201,,249077.53,0.0296867178748161,Jan 17
2017-02-01,Propranolol 10mg tablets,Propranolol,Tablet,235644.63,7938252,,235644.63,0.0296847001077819,Feb 17
2017-03-01,Propranolol 10mg tablets,Propranolol,Tablet,276691.05,9321199,,276691.05,0.0296840621040276,Mar 17
2017-04-01,Propranolol 10mg tablets,Propranolol,Tablet,225435.8,8184122,,225435.8,0.0275455082414461,Apr 17
2017-05-01,Propranolol 10mg tablets,Propranolol,Tablet,251240.68,9118186,,251240.68,0.0275538007230824,May 17
2017-06-01,Propranolol 10mg tablets,Propranolol,Tablet,250895.43,9107834,,250895.43,0.0275472115543608,Jun 17
2017-07-01,Propranolol 10mg tablets,Propranolol,Tablet,240605.14,8850435,,240605.14,0.0271856852233817,Jul 17
2017-08-01,Propranolol 10mg tablets,Propranolol,Tablet,224103.31,8945021,,224103.31,0.0250534135135066,Aug 17
2017-09-01,Propranolol 10mg tablets,Propranolol,Tablet,224906.54,8978960,,224906.54,0.0250481726168732,Sep 17
2017-10-01,Propranolol 10mg tablets,Propranolol,Tablet,265130.41,9152120,,265130.41,0.028969289082748,Oct 17
2017-11-01,Propranolol 10mg tablets,Propranolol,Tablet,268235.34,9258521,,268235.34,0.0289717266937127,Nov 17
2017-12-01,Propranolol 10mg tablets,Propranolol,Tablet,265116.43,9151113,,265116.43,0.0289709492167783,Dec 17
2018-01-01,Propranolol 10mg tablets,Propranolol,Tablet,343790.07,9342594,,343790.07,0.0367981387182189,Jan 18
2018-02-01,Propranolol 10mg tablets,Propranolol,Tablet,310731.21,8442637,,310731.21,0.0368049946953778,Feb 18
2018-03-01,Propranolol 10mg tablets,Propranolol,Tablet,347087.53,9432250,,347087.53,0.0367979570091972,Mar 18
2018-04-01,Propranolol 10mg tablets,Propranolol,Tablet,292137.7,9180981,,292137.7,0.0318198785075364,Apr 18
2018-05-01,Propranolol 10mg tablets,Propranolol,Tablet,306099.07,9620239,,306099.07,0.0318182396508029,May 18
2018-06-01,Propranolol 10mg tablets,Propranolol,Tablet,300266.37,9436408,,300266.37,0.0318199859522818,Jun 18
2018-07-01,Propranolol 10mg tablets,Propranolol,Tablet,1223587.67,9487071,TRUE,301878.465948301,0.128974229243146,Jul 18
2018-08-01,Propranolol 10mg tablets,Propranolol,Tablet,939217,9683581,TRUE,308131.411387783,0.0969906690510463,Aug 18
2018-09-01,Propranolol 10mg tablets,Propranolol,Tablet,946746.51,9282445,TRUE,295367.269502829,0.101993225922696,Sep 18
2018-10-01,Propranolol 10mg tablets,Propranolol,Tablet,1117791.5,10148061,TRUE,322911.158462899,0.110148283499675,Oct 18
2018-11-01,Propranolol 10mg tablets,Propranolol,Tablet,703350.66,9998657,TRUE,318157.125281685,0.0703445132681319,Nov 18
2018-12-01,Propranolol 10mg tablets,Propranolol,Tablet,618821.02,9797249,TRUE,311748.325551007,0.0631627327222162,Dec 18
2019-01-01,Propranolol 10mg tablets,Propranolol,Tablet,704337.66,10206120,,324758.595027303,0.0690113049817169,Jan 19
2019-02-01,Propranolol 10mg tablets,Propranolol,Tablet,637052.94,9254060,,294464.059201573,0.0688403727661156,Feb 19
2019-03-01,Propranolol 10mg tablets,Propranolol,Tablet,701893.05,10209577,,324868.59671874,0.0687484946731877,Mar 19
2019-04-01,Propranolol 10mg tablets,Propranolol,Tablet,802634.87,9880898,,314410.03555593,0.0812309640277635,Apr 19
2019-05-01,Propranolol 10mg tablets,Propranolol,Tablet,879024.53,10821471,,344339.055203025,0.0812296710863061,May 19
2019-06-01,Propranolol 10mg tablets,Propranolol,Tablet,822306,10125408,,322190.340321122,0.0812121348591583,Jun 19
2019-07-01,Propranolol 10mg tablets,Propranolol,Tablet,554211.77,10379626,,330279.553509939,0.053394194549977,Jul 19
2019-08-01,Propranolol 10mg tablets,Propranolol,Tablet,654393.69,10818478,,344243.81798507,0.0604885169614432,Aug 19
2019-09-01,Propranolol 10mg tablets,Propranolol,Tablet,629484.15,10403713,,331046.001511572,0.0605057204096268,Sep 19
2019-10-01,Propranolol 10mg tablets,Propranolol,Tablet,536039.11,11153857,,354915.573053761,0.0480586320947095,Oct 19
2019-11-01,Propranolol 10mg tablets,Propranolol,Tablet,771288.73,10751888,TRUE,342124.925120508,0.0717351901359092,Nov 19
2019-12-01,Propranolol 10mg tablets,Propranolol,Tablet,523916.18,10865716,,345746.930481484,0.0482173636785648,Dec 19
2020-01-01,Propranolol 10mg tablets,Propranolol,Tablet,415295.12,11398461,,362698.868897633,0.0364343151237698,Jan 20
2020-02-01,Propranolol 10mg tablets,Propranolol,Tablet,382871.16,10522993,,334841.48943596,0.0363842454328346,Feb 20
2020-03-01,Propranolol 10mg tablets,Propranolol,Tablet,445287.74,12265791,,390297.297313625,0.0363032225153681,Mar 20
2020-04-01,Propranolol 10mg tablets,Propranolol,Tablet,773252.92,10967829,,348996.16470703,0.0705019124568773,Apr 20
2020-05-01,Propranolol 10mg tablets,Propranolol,Tablet,739471.76,10490285,,333800.721335433,0.0704911029585946,May 20
2020-06-01,Propranolol 10mg tablets,Propranolol,Tablet,860068.33,10983180,,349484.633311383,0.0783077696987576,Jun 20
2020-07-01,Propranolol 10mg tablets,Propranolol,Tablet,860929.16,11627905,,369999.773754468,0.0740399203467865,Jul 20
2020-08-01,Propranolol 10mg tablets,Propranolol,Tablet,776310.48,10485904,,333661.317976976,0.0740337199348764,Aug 20
2020-09-01,Propranolol 10mg tablets,Propranolol,Tablet,854939.18,11549137,,367493.377100979,0.0740262393631663,Sep 20
2020-10-01,Propranolol 10mg tablets,Propranolol,Tablet,779023.96,11836227,,376628.576868019,0.0658169161507295,Oct 20
2020-11-01,Propranolol 10mg tablets,Propranolol,Tablet,759583.73,11541338,,367245.213030537,0.0658141828962985,Nov 20
2020-12-01,Propranolol 10mg tablets,Propranolol,Tablet,809765.52,12307095,,391611.590013398,0.0657966416932672,Dec 20
2021-01-01,Propranolol 10mg tablets,Propranolol,Tablet,656845.95,11694790,,372128.053514886,0.056165690020941,Jan 21
2021-02-01,Propranolol 10mg tablets,Propranolol,Tablet,619813.21,11038177,,351234.637078801,0.0561517730690494,Feb 21
