shortages_data.csv
month_full,product_pack,active_ingredients,dosage,value,quantity,shortage,base_no_shortage_estimate,price_per_piece,xaxis_months
2014-01-01,Propranolol 40mg tablets,Propranolol,Tablet,1698796.59,7432886,TRUE,1698796.59,0.228551411928018,Jan 14
2014-02-01,Propranolol 40mg tablets,Propranolol,Tablet,1361771.3,6686846,TRUE,1361771.3,0.20364926902758,Feb 14
2014-03-01,Propranolol 40mg tablets,Propranolol,Tablet,1341909.4,7307318,TRUE,1341909.4,0.183639113557122,Mar 14
2014-04-01,Propranolol 40mg tablets,Propranolol,Tablet,1192718.7,7256812,TRUE,1192718.7,0.16435849516289,Apr 14
2014-05-01,Propranolol 40mg tablets,Propranolol,Tablet,1250856.63,7613663,TRUE,1250856.63,0.164291042301189,May 14
2014-06-01,Propranolol 40mg tablets,Propranolol,Tablet,892197.5,7345157,TRUE,892197.5,0.121467451274357,Jun 14
2014-07-01,Propranolol 40mg tablets,Propranolol,Tablet,796437.74,7905421,,796437.74,0.100745771793811,Jul 14
2014-08-01,Propranolol 40mg tablets,Propranolol,Tablet,734524.42,7291284,,734524.42,0.100740064438582,Aug 14
2014-09-01,Propranolol 40mg tablets,Propranolol,Tablet,791458.77,7857651,,791458.77,0.1007246020471,Sep 14
2014-10-01,Propranolol 40mg tablets,Propranolol,Tablet,680814.89,8179806,,680814.89,0.0832311780988449,Oct 14
2014-11-01,Propranolol 40mg tablets,Propranolol,Tablet,621754.67,7471411,,621754.67,0.0832178379692939,Nov 14
2014-12-01,Propranolol 40mg tablets,Propranolol,Tablet,694058.58,8340012,,694058.58,0.083220333495923,Dec 14
2015-01-01,Propranolol 40mg tablets,Propranolol,Tablet,514832.13,7961951,,514832.13,0.0646615546867847,Jan 15
2015-02-01,Propranolol 40mg tablets,Propranolol,Tablet,476069.55,7363412,,476069.55,0.0646533903032996,Feb 15
2015-03-01,Propranolol 40mg tablets,Propranolol,Tablet,535779.36,8287024,,535779.36,0.0646528066046388,Mar 15
2015-04-01,Propranolol 40mg tablets,Propranolol,Tablet,455638.42,8072596,,455638.42,0.0564426139992637,Apr 15
2015-05-01,Propranolol 40mg tablets,Propranolol,Tablet,451114.47,7992956,,451114.47,0.056439003292399,May 15
2015-06-01,Propranolol 40mg tablets,Propranolol,Tablet,473504.64,8389819,,473504.64,0.0564380042048583,Jun 15
2015-07-01,Propranolol 40mg tablets,Propranolol,Tablet,457021.09,8822918,,457021.09,0.0517993128803872,Jul 15
2015-08-01,Propranolol 40mg tablets,Propranolol,Tablet,411598.62,7946050,,411598.62,0.0517991480043544,Aug 15
2015-09-01,Propranolol 40mg tablets,Propranolol,Tablet,447257.54,8634092,,447257.54,0.0518013405462902,Sep 15
2015-10-01,Propranolol 40mg tablets,Propranolol,Tablet,396767.14,8812613,,396767.14,0.0450226442486468,Oct 15
2015-11-01,Propranolol 40mg tablets,Propranolol,Tablet,383867.11,8527865,,383867.11,0.0450132723723933,Nov 15
2015-12-01,Propranolol 40mg tablets,Propranolol,Tablet,424039.66,9421608,,424039.66,0.045007143154332,Dec 15
2016-01-01,Propranolol 40mg tablets,Propranolol,Tablet,317670.08,8550082,,317670.08,0.0371540389905033,Jan 16
2016-02-01,Propranolol 40mg tablets,Propranolol,Tablet,315462.07,8491058,,315462.07,0.0371522688927575,Feb 16
2016-03-01,Propranolol 40mg tablets,Propranolol,Tablet,334942.11,9015651,,334942.11,0.037151184090866,Mar 16
2016-04-01,Propranolol 40mg tablets,Propranolol,Tablet,325506.11,9294397,,325506.11,0.0350217566561876,Apr 16
2016-05-01,Propranolol 40mg tablets,Propranolol,Tablet,313491.68,8952708,,313491.68,0.0350164084431213,May 16
2016-06-01,Propranolol 40mg tablets,Propranolol,Tablet,299745.26,9423722,,299745.26,0.0318075236090369,Jun 16
2016-07-01,Propranolol 40mg tablets,Propranolol,Tablet,294427.45,9255060,,294427.45,0.0318125922468358,Jul 16
2016-08-01,Propranolol 40mg tablets,Propranolol,Tablet,294254.51,9250900,,294254.51,0.0318082035261434,Aug 16
2016-09-01,Propranolol 40mg tablets,Propranolol,Tablet,304359.39,9570195,,304359.39,0.0318028410079419,Sep 16
2016-10-01,Propranolol 40mg tablets,Propranolol,Tablet,295435.16,9289151,,295435.16,0.0318043231292074,Oct 16
2016-11-01,Propranolol 40mg tablets,Propranolol,Tablet,307277,9660553,,307277,0.0318073923925473,Nov 16
2016-12-01,Propranolol 40mg tablets,Propranolol,Tablet,312241.23,9816585,,312241.23,0.0318075206398152,Dec 16
2017-01-01,Propranolol 40mg tablets,Propranolol,Tablet,288352.31,9490885,,288352.31,0.0303820254907735,Jan 17
2017-02-01,Propranolol 40mg tablets,Propranolol,Tablet,270698.52,8909987,,270698.52,0.0303814719370522,Feb 17
2017-03-01,Propranolol 40mg tablets,Propranolol,Tablet,315374.02,10383773,,315374.02,0.0303718137906135,Mar 17
2017-04-01,Propranolol 40mg tablets,Propranolol,Tablet,264679.2,9141439,,264679.2,0.0289537785024874,Apr 17
2017-05-01,Propranolol 40mg tablets,Propranolol,Tablet,295106.87,10193591,,295106.87,0.0289502364770178,May 17
2017-06-01,Propranolol 40mg tablets,Propranolol,Tablet,296637.14,10246637,,296637.14,0.0289497071087812,Jun 17
2017-07-01,Propranolol 40mg tablets,Propranolol,Tablet,283319.06,10035089,,283319.06,0.0282328397884663,Jul 17
2017-08-01,Propranolol 40mg tablets,Propranolol,Tablet,259382.07,10082798,,259382.07,0.0257252074275414,Aug 17
2017-09-01,Propranolol 40mg tablets,Propranolol,Tablet,260471.58,10124929,,260471.58,0.0257257685461301,Sep 17
2017-10-01,Propranolol 40mg tablets,Propranolol,Tablet,325200.57,10345252,,325200.57,0.0314347654363567,Oct 17
2017-11-01,Propranolol 40mg tablets,Propranolol,Tablet,327892.6,10430053,,327892.6,0.0314372899159765,Nov 17
2017-12-01,Propranolol 40mg tablets,Propranolol,Tablet,325076.98,10340863,,325076.98,0.0314361557637888,Dec 17
2018-01-01,Propranolol 40mg tablets,Propranolol,Tablet,413271.46,10714481,,413271.46,0.038571299907107,Jan 18
2018-02-01,Propranolol 40mg tablets,Propranolol,Tablet,368624.81,9556031,,368624.81,0.0385750956647169,Feb 18
2018-03-01,Propranolol 40mg tablets,Propranolol,Tablet,411962.27,10679440,,411962.27,0.0385752689279588,Mar 18
2018-04-01,Propranolol 40mg tablets,Propranolol,Tablet,331986.3,10438290,,331986.3,0.0318046634075122,Apr 18
2018-05-01,Propranolol 40mg tablets,Propranolol,Tablet,346679.25,10901174,,346679.25,0.0318020104990527,May 18
2018-06-01,Propranolol 40mg tablets,Propranolol,Tablet,340890.04,10719767,,340890.04,0.0318001352081626,Jun 18
2018-07-01,Propranolol 40mg tablets,Propranolol,Tablet,1402326.42,10827116,TRUE,344303.752714461,0.129519848129456,Jul 18
2018-08-01,Propranolol 40mg tablets,Propranolol,Tablet,1040459.14,11019566,TRUE,350423.688735272,0.0944192484531605,Aug 18
2018-09-01,Propranolol 40mg tablets,Propranolol,Tablet,1078620.53,10546799,TRUE,335389.634213315,0.102269942757039,Sep 18
2018-10-01,Propranolol 40mg tablets,Propranolol,Tablet,1122892.95,11544192,TRUE,367106.86646899,0.0972690812834714,Oct 18
2018-11-01,Propranolol 40mg tablets,Propranolol,Tablet,810318.59,11375694,TRUE,361748.607286685,0.0712324531584623,Nov 18
2018-12-01,Propranolol 40mg tablets,Propranolol,Tablet,677576.11,11136361,TRUE,354137.785526909,0.0608435834650116,Dec 18
2019-01-01,Propranolol 40mg tablets,Propranolol,Tablet,717720.43,11663739,,370908.47723272,0.0615343356019884,Jan 19
2019-02-01,Propranolol 40mg tablets,Propranolol,Tablet,648010.56,10541292,,335214.510868723,0.061473542332382,Feb 19
2019-03-01,Propranolol 40mg tablets,Propranolol,Tablet,716245.26,11651683,,370525.09480265,0.061471399453624,Mar 19
2019-04-01,Propranolol 40mg tablets,Propranolol,Tablet,832138.99,11361024,,361282.099303181,0.0732450692824872,Apr 19
2019-05-01,Propranolol 40mg tablets,Propranolol,Tablet,904465.97,12348592,,392686.895230436,0.0732444613928454,May 19
2019-06-01,Propranolol 40mg tablets,Propranolol,Tablet,848023.64,11576516,,368134.774039458,0.0732537872361598,Jun 19
2019-07-01,Propranolol 40mg tablets,Propranolol,Tablet,620423.61,11886844,,378003.246398337,0.0521941408501702,Jul 19
2019-08-01,Propranolol 40mg tablets,Propranolol,Tablet,736908.1,12498249,,397446.008065284,0.0589609072438867,Aug 19
2019-09-01,Propranolol 40mg tablets,Propranolol,Tablet,702480.66,11914141,,378871.294689114,0.0589619226430172,Sep 19
2019-10-01,Propranolol 40mg tablets,Propranolol,Tablet,556517.2,12853791,,408752.291737464,0.0432959583674575,Oct 19
2019-11-01,Propranolol 40mg tablets,Propranolol,Tablet,882142.25,12336449,TRUE,392300.746188603,0.0715069830872725,Nov 19
2019-12-01,Propranolol 40mg tablets,Propranolol,Tablet,600932.11,12439451,TRUE,395576.223715314,0.048308571656418,Dec 19
2020-01-01,Propranolol 40mg tablets,Propranolol,Tablet,506677.61,13226397,,420601.212916837,0.0383080600105985,Jan 20
2020-02-01,Propranolol 40mg tablets,Propranolol,Tablet,461479.91,12052904,,383283.976851004,0.0382878607512347,Feb 20
2020-03-01,Propranolol 40mg tablets,Propranolol,Tablet,540802.46,14122877,,449109.39812825,0.0382926552429792,Mar 20
2020-04-01,Propranolol 40mg tablets,Propranolol,Tablet,932392.75,12605792,,400865.890005975,0.0739654239892265,Apr 20
2020-05-01,Propranolol 40mg tablets,Propranolol,Tablet,898892.86,12150941,,386401.566706407,0.073977222011036,May 20
2020-06-01,Propranolol 40mg tablets,Propranolol,Tablet,1047105.83,12686851,,403443.577165814,0.0825347306435616,Jun 20
2020-07-01,Propranolol 40mg tablets,Propranolol,Tablet,1015300.52,13339899,,424210.591863234,0.0761100605034566,Jul 20
2020-08-01,Propranolol 40mg tablets,Propranolol,Tablet,915740.48,12031268,,382595.949125641,0.0761133805680332,Aug 20
2020-09-01,Propranolol 40mg tablets,Propranolol,Tablet,1010387.23,13276689,,422200.505316726,0.0761023497650657,Sep 20
2020-10-01,Propranolol 40mg tablets,Propranolol,Tablet,854192.6,13503896,,429425.718636967,0.063255270923295,Oct 20
2020-11-01,Propranolol 40mg tablets,Propranolol,Tablet,830029.42,13120795,,417243.055038584,0.063260604254544,Nov 20
2020-12-01,Propranolol 40mg tablets,Propranolol,Tablet,889004.84,14055985,,446982.223483906,0.0632474237842456,Dec 20
2021-01-01,Propranolol 40mg tablets,Propranolol,Tablet,738913.06,13339766,,424206.362445251,0.0553917557474397,Jan 21
2021-02-01,Propranolol 40mg tablets,Propranolol,Tablet,697371.71,12590478,,400378.902735397,0.0553888192330744,Feb 21
