shortages_data.csv
month_full,product_pack,active_ingredients,dosage,value,quantity,shortage,base_no_shortage_estimate,price_per_piece,xaxis_months
2014-01-01,Propranolol 80mg tablets,Propranolol,Tablet,68868.83,562905,TRUE,68868.83,0.122345386877004,Jan 14
2014-02-01,Propranolol 80mg tablets,Propranolol,Tablet,59727.62,514378,TRUE,59727.62,0.116116202481444,Feb 14
2014-03-01,Propranolol 80mg tablets,Propranolol,Tablet,62797.95,540813,TRUE,62797.95,0.11611767838421,Mar 14
2014-04-01,Propranolol 80mg tablets,Propranolol,Tablet,62837.33,546302,TRUE,62837.33,0.115023064165974,Apr 14
2014-05-01,Propranolol 80mg tablets,Propranolol,Tablet,65035.53,565466,TRUE,65035.53,0.115012273063279,May 14
2014-06-01,Propranolol 80mg tablets,Propranolol,Tablet,54369.59,543515,TRUE,54369.59,0.100033283350046,Jun 14
2014-07-01,Propranolol 80mg tablets,Propranolol,Tablet,48139.78,583181,,48139.78,0.0825468936745196,Jul 14
2014-08-01,Propranolol 80mg tablets,Propranolol,Tablet,45296.93,548844,,45296.93,0.0825315207964376,Aug 14
2014-09-01,Propranolol 80mg tablets,Propranolol,Tablet,47126.27,571094,,47126.27,0.0825192875428563,Sep 14
2014-10-01,Propranolol 80mg tablets,Propranolol,Tablet,53092.94,595655,,53092.94,0.0891337099495513,Oct 14
2014-11-01,Propranolol 80mg tablets,Propranolol,Tablet,47915.31,537577,,47915.31,0.0891319941143315,Nov 14
2014-12-01,Propranolol 80mg tablets,Propranolol,Tablet,55502.54,622729,,55502.54,0.0891279192072314,Dec 14
2015-01-01,Propranolol 80mg tablets,Propranolol,Tablet,42055.61,579777,,42055.61,0.072537561855679,Jan 15
2015-02-01,Propranolol 80mg tablets,Propranolol,Tablet,37882.2,522316,,37882.2,0.0725273589168243,Feb 15
2015-03-01,Propranolol 80mg tablets,Propranolol,Tablet,42483.67,585759,,42483.67,0.0725275582620156,Mar 15
2015-04-01,Propranolol 80mg tablets,Propranolol,Tablet,34893.56,569216,,34893.56,0.0613010878120081,Apr 15
2015-05-01,Propranolol 80mg tablets,Propranolol,Tablet,34935.48,569938,,34935.48,0.0612969831806267,May 15
2015-06-01,Propranolol 80mg tablets,Propranolol,Tablet,36328.74,592620,,36328.74,0.0613019135364989,Jun 15
2015-07-01,Propranolol 80mg tablets,Propranolol,Tablet,35991.93,624997,,35991.93,0.0575873644193492,Jul 15
2015-08-01,Propranolol 80mg tablets,Propranolol,Tablet,31799.65,552748,,31799.65,0.0575301041342529,Aug 15
2015-09-01,Propranolol 80mg tablets,Propranolol,Tablet,34606.74,601158,,34606.74,0.0575667960835587,Sep 15
2015-10-01,Propranolol 80mg tablets,Propranolol,Tablet,32500.41,602339,,32500.41,0.053957007598711,Oct 15
2015-11-01,Propranolol 80mg tablets,Propranolol,Tablet,31319.66,580131,,31319.66,0.0539872201278677,Nov 15
2015-12-01,Propranolol 80mg tablets,Propranolol,Tablet,35039.23,649090,,35039.23,0.0539820826079588,Dec 15
2016-01-01,Propranolol 80mg tablets,Propranolol,Tablet,23511.28,573687,,23511.28,0.0409827658636155,Jan 16
2016-02-01,Propranolol 80mg tablets,Propranolol,Tablet,23798.3,580225,,23798.3,0.0410156404842949,Feb 16
2016-03-01,Propranolol 80mg tablets,Propranolol,Tablet,24693.71,601885,,24693.71,0.041027289266222,Mar 16
2016-04-01,Propranolol 80mg tablets,Propranolol,Tablet,23518.55,613582,,23518.55,0.0383299216730608,Apr 16
2016-05-01,Propranolol 80mg tablets,Propranolol,Tablet,22820.46,596031,,22820.46,0.0382873709588931,May 16
2016-06-01,Propranolol 80mg tablets,Propranolol,Tablet,21315.49,616856,,21315.49,0.0345550501251508,Jun 16
2016-07-01,Propranolol 80mg tablets,Propranolol,Tablet,20291.53,609660,,20291.53,0.0332833546566939,Jul 16
2016-08-01,Propranolol 80mg tablets,Propranolol,Tablet,20475.47,615015,,20475.47,0.0332926351389804,Aug 16
2016-09-01,Propranolol 80mg tablets,Propranolol,Tablet,20691.67,621133,,20691.67,0.0333127848625013,Sep 16
2016-10-01,Propranolol 80mg tablets,Propranolol,Tablet,18774.37,602943,,18774.37,0.0311378853390785,Oct 16
2016-11-01,Propranolol 80mg tablets,Propranolol,Tablet,19561.18,627957,,19561.18,0.0311505087131762,Nov 16
2016-12-01,Propranolol 80mg tablets,Propranolol,Tablet,20112.89,646281,,20112.89,0.031120967504847,Dec 16
2017-01-01,Propranolol 80mg tablets,Propranolol,Tablet,16779,612431,,16779,0.0273973721121237,Jan 17
2017-02-01,Propranolol 80mg tablets,Propranolol,Tablet,15852.89,578628,,15852.89,0.027397377935392,Feb 17
2017-03-01,Propranolol 80mg tablets,Propranolol,Tablet,18159.28,662827,,18159.28,0.0273967113590726,Mar 17
2017-04-01,Propranolol 80mg tablets,Propranolol,Tablet,15403.43,588562,,15403.43,0.0261712954625001,Apr 17
2017-05-01,Propranolol 80mg tablets,Propranolol,Tablet,16925.11,647828,,16925.11,0.0261259315744303,May 17
2017-06-01,Propranolol 80mg tablets,Propranolol,Tablet,17100.85,654043,,17100.85,0.0261463695812049,Jun 17
2017-07-01,Propranolol 80mg tablets,Propranolol,Tablet,16814.18,643651,,16814.18,0.0261231319457284,Jul 17
2017-08-01,Propranolol 80mg tablets,Propranolol,Tablet,15145.66,639970,,15145.66,0.0236662031032705,Aug 17
2017-09-01,Propranolol 80mg tablets,Propranolol,Tablet,15202.65,643833,,15202.65,0.02361272255383,Sep 17
2017-10-01,Propranolol 80mg tablets,Propranolol,Tablet,15847.12,645533,,15847.12,0.0245488921557844,Oct 17
2017-11-01,Propranolol 80mg tablets,Propranolol,Tablet,15997.94,651286,,15997.94,0.0245636172127145,Nov 17
2017-12-01,Propranolol 80mg tablets,Propranolol,Tablet,16434.63,669781,,16434.63,0.02453731891469,Dec 17
2018-01-01,Propranolol 80mg tablets,Propranolol,Tablet,16030.07,667789,,16030.07,0.0240046930991676,Jan 18
2018-02-01,Propranolol 80mg tablets,Propranolol,Tablet,14399.84,599974,,14399.84,0.0240007733668459,Feb 18
2018-03-01,Propranolol 80mg tablets,Propranolol,Tablet,16103.99,671054,,16103.99,0.0239980538078903,Mar 18
2018-04-01,Propranolol 80mg tablets,Propranolol,Tablet,13864.82,649533,,13864.82,0.0213458284644506,Apr 18
2018-05-01,Propranolol 80mg tablets,Propranolol,Tablet,14238.2,666995,,14238.2,0.0213467867075465,May 18
2018-06-01,Propranolol 80mg tablets,Propranolol,Tablet,14001.62,656921,,14001.62,0.0213140088382012,Jun 18
2018-07-01,Propranolol 80mg tablets,Propranolol,Tablet,14008.4,668896,,14008.4,0.0209425680524327,Jul 18
2018-08-01,Propranolol 80mg tablets,Propranolol,Tablet,16316.6,669620,,16316.6,0.0243669543920432,Aug 18
2018-09-01,Propranolol 80mg tablets,Propranolol,Tablet,40078.28,639679,TRUE,15587.0290185478,0.062653737265097,Sep 18
2018-10-01,Propranolol 80mg tablets,Propranolol,Tablet,62045.92,694579,TRUE,16924.774814671,0.0893288164485249,Oct 18
2018-11-01,Propranolol 80mg tablets,Propranolol,Tablet,35972.22,684931,TRUE,16689.6824386966,0.0525194800644153,Nov 18
2018-12-01,Propranolol 80mg tablets,Propranolol,Tablet,36248.12,688187,TRUE,16769.0212421971,0.0526719045840738,Dec 18
2019-01-01,Propranolol 80mg tablets,Propranolol,Tablet,29295.96,712196,TRUE,17354.0474501956,0.0411346876421659,Jan 19
2019-02-01,Propranolol 80mg tablets,Propranolol,Tablet,25305.34,631775,TRUE,15394.4326110331,0.0400543547940327,Feb 19
2019-03-01,Propranolol 80mg tablets,Propranolol,Tablet,26627.81,708322,,17259.6498688809,0.0375928038378026,Mar 19
2019-04-01,Propranolol 80mg tablets,Propranolol,Tablet,35998.92,676177,,16476.3741199486,0.0532389004654107,Apr 19
2019-05-01,Propranolol 80mg tablets,Propranolol,Tablet,39174.99,735837,,17930.1066189779,0.0532386792183595,May 19
2019-06-01,Propranolol 80mg tablets,Propranolol,Tablet,36525.28,685394,,16700.9643385801,0.0532909246360488,Jun 19
2019-07-01,Propranolol 80mg tablets,Propranolol,Tablet,29835.54,707561,,17241.1066165885,0.0421667389808087,Jul 19
2019-08-01,Propranolol 80mg tablets,Propranolol,Tablet,35258.05,741408,,18065.854921896,0.0475555294790453,Aug 19
2019-09-01,Propranolol 80mg tablets,Propranolol,Tablet,33612.53,707241,,17233.3091911831,0.0475262746362273,Sep 19
2019-10-01,Propranolol 80mg tablets,Propranolol,Tablet,70653.08,755474,,18408.6005023745,0.0935215242351159,Oct 19
2019-11-01,Propranolol 80mg tablets,Propranolol,Tablet,67359.97,719773,,17538.6758636241,0.0935850191657648,Nov 19
2019-12-01,Propranolol 80mg tablets,Propranolol,Tablet,69162.31,739022,,18007.7153687166,0.093586266714658,Dec 19
2020-01-01,Propranolol 80mg tablets,Propranolol,Tablet,31193.73,754552,,18386.134170425,0.0413407293334323,Jan 20
2020-02-01,Propranolol 80mg tablets,Propranolol,Tablet,28728.91,695486,,16946.8756423046,0.0413076754959841,Feb 20
2020-03-01,Propranolol 80mg tablets,Propranolol,Tablet,33382.27,808438,,19699.1718747947,0.0412923068930456,Mar 20
2020-04-01,Propranolol 80mg tablets,Propranolol,Tablet,33339.66,734598,,17899.9159624862,0.0453849043966904,Apr 20
2020-05-01,Propranolol 80mg tablets,Propranolol,Tablet,32009.15,704957,,17177.6550673516,0.0454058190783268,May 20
2020-06-01,Propranolol 80mg tablets,Propranolol,Tablet,36830.51,728278,,17745.9168107285,0.0505720480366014,Jun 20
2020-07-01,Propranolol 80mg tablets,Propranolol,Tablet,39796.63,759906,,18516.59484424,0.0523704642416299,Jul 20
2020-08-01,Propranolol 80mg tablets,Propranolol,Tablet,36146.65,690475,,16824.7728338461,0.0523504109489844,Aug 20
2020-09-01,Propranolol 80mg tablets,Propranolol,Tablet,39586.84,755890,,18418.7371554016,0.0523711651166175,Sep 20
2020-10-01,Propranolol 80mg tablets,Propranolol,Tablet,36862.67,758643,,18485.8193808429,0.048590272367899,Oct 20
2020-11-01,Propranolol 80mg tablets,Propranolol,Tablet,35824.63,737283,,17965.3412350288,0.048590066500923,Nov 20
2020-12-01,Propranolol 80mg tablets,Propranolol,Tablet,38825.77,798975,,19468.5873853828,0.0485944741700304,Dec 20
2021-01-01,Propranolol 80mg tablets,Propranolol,Tablet,44712.09,745265,,18159.8382649861,0.0599948877245007,Jan 21
2021-02-01,Propranolol 80mg tablets,Propranolol,Tablet,42201.56,703311,,17137.5470604223,0.06000412335368,Feb 21
