shortages_data.csv
month_full,product_pack,active_ingredients,dosage,value,quantity,shortage,base_no_shortage_estimate,price_per_piece,xaxis_months
2014-01-01,Metoprolol 100mg tablets,Metoprolol,Tablet,20158.46,483647,,20158.46,0.0416801096667611,Jan 14
2014-02-01,Metoprolol 100mg tablets,Metoprolol,Tablet,18277.29,438623,,18277.29,0.0416697026831698,Feb 14
2014-03-01,Metoprolol 100mg tablets,Metoprolol,Tablet,19382.2,466284,,19382.2,0.0415673709584717,Mar 14
2014-04-01,Metoprolol 100mg tablets,Metoprolol,Tablet,17441.64,465414,,17441.64,0.037475537908185,Apr 14
2014-05-01,Metoprolol 100mg tablets,Metoprolol,Tablet,18274.19,488340,,18274.19,0.0374210386206332,May 14
2014-06-01,Metoprolol 100mg tablets,Metoprolol,Tablet,16829.56,449681,,16829.56,0.037425552780749,Jun 14
2014-07-01,Metoprolol 100mg tablets,Metoprolol,Tablet,18941.94,492938,,18941.94,0.0384266175462229,Jul 14
2014-08-01,Metoprolol 100mg tablets,Metoprolol,Tablet,17203.12,448477,,17203.12,0.0383589793902474,Aug 14
2014-09-01,Metoprolol 100mg tablets,Metoprolol,Tablet,17960.57,468151,,17960.57,0.0383649079036465,Sep 14
2014-10-01,Metoprolol 100mg tablets,Metoprolol,Tablet,20087.44,474987,,20087.44,0.0422905047927627,Oct 14
2014-11-01,Metoprolol 100mg tablets,Metoprolol,Tablet,18761.7,443632,,18761.7,0.042291133191474,Nov 14
2014-12-01,Metoprolol 100mg tablets,Metoprolol,Tablet,20549.04,484279,,20549.04,0.0424322343112132,Dec 14
2015-01-01,Metoprolol 100mg tablets,Metoprolol,Tablet,18110.76,459468,,18110.76,0.039416803781765,Jan 15
2015-02-01,Metoprolol 100mg tablets,Metoprolol,Tablet,15883.12,402696,,15883.12,0.0394419611816358,Feb 15
2015-03-01,Metoprolol 100mg tablets,Metoprolol,Tablet,17983.27,453363,,17983.27,0.0396663821264638,Mar 15
2015-04-01,Metoprolol 100mg tablets,Metoprolol,Tablet,18618.43,434281,,18618.43,0.0428718502536376,Apr 15
2015-05-01,Metoprolol 100mg tablets,Metoprolol,Tablet,18670.23,436060,,18670.23,0.0428157363665551,May 15
2015-06-01,Metoprolol 100mg tablets,Metoprolol,Tablet,18859.82,439774,,18859.82,0.0428852546990045,Jun 15
2015-07-01,Metoprolol 100mg tablets,Metoprolol,Tablet,37814.56,468459,,37814.56,0.080721173037555,Jul 15
2015-08-01,Metoprolol 100mg tablets,Metoprolol,Tablet,32946.46,408171,,32946.46,0.0807172974072141,Aug 15
2015-09-01,Metoprolol 100mg tablets,Metoprolol,Tablet,35493.76,439908,,35493.76,0.0806845067605045,Sep 15
2015-10-01,Metoprolol 100mg tablets,Metoprolol,Tablet,61460.6,440818,,61460.6,0.139423979964521,Oct 15
2015-11-01,Metoprolol 100mg tablets,Metoprolol,Tablet,59087.02,424145,,59087.02,0.139308538353629,Nov 15
2015-12-01,Metoprolol 100mg tablets,Metoprolol,Tablet,64442.14,461928,,64442.14,0.139506892849102,Dec 15
2016-01-01,Metoprolol 100mg tablets,Metoprolol,Tablet,34171.21,411898,,34171.21,0.0829603688291762,Jan 16
2016-02-01,Metoprolol 100mg tablets,Metoprolol,Tablet,33653.23,406003,,33653.23,0.0828891165828824,Feb 16
2016-03-01,Metoprolol 100mg tablets,Metoprolol,Tablet,35245.88,425405,,35245.88,0.0828525287667047,Mar 16
2016-04-01,Metoprolol 100mg tablets,Metoprolol,Tablet,25585.2,430610,,25585.2,0.05941617705116,Apr 16
2016-05-01,Metoprolol 100mg tablets,Metoprolol,Tablet,24085.49,405621,,24085.49,0.0593792974229638,May 16
2016-06-01,Metoprolol 100mg tablets,Metoprolol,Tablet,23325.34,434414,,23325.34,0.0536938036066978,Jun 16
2016-07-01,Metoprolol 100mg tablets,Metoprolol,Tablet,21181.43,419885,,21181.43,0.050445788727866,Jul 16
2016-08-01,Metoprolol 100mg tablets,Metoprolol,Tablet,21502.07,426470,,21502.07,0.0504187164396089,Aug 16
2016-09-01,Metoprolol 100mg tablets,Metoprolol,Tablet,21694.75,429731,,21694.75,0.0504844891339,Sep 16
2016-10-01,Metoprolol 100mg tablets,Metoprolol,Tablet,20430.69,416676,,20430.69,0.0490325576707082,Oct 16
2016-11-01,Metoprolol 100mg tablets,Metoprolol,Tablet,20723.39,422677,,20723.39,0.0490289038674922,Nov 16
2016-12-01,Metoprolol 100mg tablets,Metoprolol,Tablet,21627.77,441552,,21627.77,0.0489812524912128,Dec 16
2017-01-01,Metoprolol 100mg tablets,Metoprolol,Tablet,17345.11,413616,,17345.11,0.0419352974739855,Jan 17
2017-02-01,Metoprolol 100mg tablets,Metoprolol,Tablet,15733.68,375674,,15733.68,0.0418812055132908,Feb 17
2017-03-01,Metoprolol 100mg tablets,Metoprolol,Tablet,18040.99,430521,,18040.99,0.0419050174091392,Mar 17
2017-04-01,Metoprolol 100mg tablets,Metoprolol,Tablet,15287.23,395184,,15287.23,0.0386838282926434,Apr 17
2017-05-01,Metoprolol 100mg tablets,Metoprolol,Tablet,16050.89,415444,,16050.89,0.0386355080347773,May 17
2017-06-01,Metoprolol 100mg tablets,Metoprolol,Tablet,16131.59,416869,,16131.59,0.0386970247247936,Jun 17
2017-07-01,Metoprolol 100mg tablets,Metoprolol,Tablet,15615.38,404182,,15615.38,0.0386345260303527,Jul 17
2017-08-01,Metoprolol 100mg tablets,Metoprolol,Tablet,14071.37,401014,,14071.37,0.0350894731854748,Aug 17
2017-09-01,Metoprolol 100mg tablets,Metoprolol,Tablet,13723.64,391183,,13723.64,0.0350824038876945,Sep 17
2017-10-01,Metoprolol 100mg tablets,Metoprolol,Tablet,14463.13,404147,,14463.13,0.0357868052960928,Oct 17
2017-11-01,Metoprolol 100mg tablets,Metoprolol,Tablet,14062.3,392755,,14062.3,0.0358042545607312,Nov 17
2017-12-01,Metoprolol 100mg tablets,Metoprolol,Tablet,14834.19,413904,,14834.19,0.0358396874637597,Dec 17
2018-01-01,Metoprolol 100mg tablets,Metoprolol,Tablet,12617.47,396404,,12617.47,0.0318298251278998,Jan 18
2018-02-01,Metoprolol 100mg tablets,Metoprolol,Tablet,11632.47,364397,,11632.47,0.0319225185717775,Feb 18
2018-03-01,Metoprolol 100mg tablets,Metoprolol,Tablet,12761.1,400367,,12761.1,0.0318735060581916,Mar 18
2018-04-01,Metoprolol 100mg tablets,Metoprolol,Tablet,10438.64,382421,,10438.64,0.0272961997379851,Apr 18
2018-05-01,Metoprolol 100mg tablets,Metoprolol,Tablet,10991.73,403825,,10991.73,0.0272190429022473,May 18
2018-06-01,Metoprolol 100mg tablets,Metoprolol,Tablet,10480.08,384998,,10480.08,0.0272211284214463,Jun 18
2018-07-01,Metoprolol 100mg tablets,Metoprolol,Tablet,11348.32,386405,,11348.32,0.0293689781446927,Jul 18
2018-08-01,Metoprolol 100mg tablets,Metoprolol,Tablet,13440.57,394972,,13440.57,0.0340291716881197,Aug 18
2018-09-01,Metoprolol 100mg tablets,Metoprolol,Tablet,12565.61,369612,,12565.61,0.0339967587632436,Sep 18
2018-10-01,Metoprolol 100mg tablets,Metoprolol,Tablet,13615.39,387874,,13615.39,0.0351026106416001,Oct 18
2018-11-01,Metoprolol 100mg tablets,Metoprolol,Tablet,12993.71,398903,,12993.71,0.0325736081202698,Nov 18
2018-12-01,Metoprolol 100mg tablets,Metoprolol,Tablet,13826.82,424729,,13826.82,0.0325544523684514,Dec 18
2019-01-01,Metoprolol 100mg tablets,Metoprolol,Tablet,12521.02,411830,,12521.02,0.030403370322706,Jan 19
2019-02-01,Metoprolol 100mg tablets,Metoprolol,Tablet,21638.75,357493,TRUE,10868.9920667751,0.0605291572142671,Feb 19
2019-03-01,Metoprolol 100mg tablets,Metoprolol,Tablet,48898.61,352322,TRUE,10711.7762388364,0.138789544791412,Mar 19
2019-04-01,Metoprolol 100mg tablets,Metoprolol,Tablet,55546.95,259637,TRUE,7893.83986047641,0.213940809668884,Apr 19
2019-05-01,Metoprolol 100mg tablets,Metoprolol,Tablet,32065.29,272023,TRUE,8270.41600529345,0.117877128036967,May 19
2019-06-01,Metoprolol 100mg tablets,Metoprolol,Tablet,10137.88,241634,,7346.48798455674,0.0419555195047055,Jun 19
2019-07-01,Metoprolol 100mg tablets,Metoprolol,Tablet,35177.77,246446,TRUE,7492.7890025496,0.142740275760207,Jul 19
2019-08-01,Metoprolol 100mg tablets,Metoprolol,Tablet,29815.78,245571,TRUE,7466.18605351723,0.121414092054844,Aug 19
2019-09-01,Metoprolol 100mg tablets,Metoprolol,Tablet,24930.26,223915,TRUE,6807.77066580871,0.11133805238595,Sep 19
2019-10-01,Metoprolol 100mg tablets,Metoprolol,Tablet,34955.88,242373,,7368.95607522521,0.14422349024025,Oct 19
2019-11-01,Metoprolol 100mg tablets,Metoprolol,Tablet,32504.96,225357,,6851.61232581405,0.144237631846359,Nov 19
2019-12-01,Metoprolol 100mg tablets,Metoprolol,Tablet,34380.41,238346,,7246.52170293568,0.144245802320996,Dec 19
2020-01-01,Metoprolol 100mg tablets,Metoprolol,Tablet,32607.07,235982,,7174.6481354928,0.138176089701757,Jan 20
2020-02-01,Metoprolol 100mg tablets,Metoprolol,Tablet,29581.19,214041,,6507.56778724231,0.138203381595115,Feb 20
2020-03-01,Metoprolol 100mg tablets,Metoprolol,Tablet,33926.59,245583,,7466.5508939611,0.138147143735519,Mar 20
2020-04-01,Metoprolol 100mg tablets,Metoprolol,Tablet,28524.67,230769,,7016.15536600054,0.12360702694036,Apr 20
2020-05-01,Metoprolol 100mg tablets,Metoprolol,Tablet,26761.03,216472,,6581.47838049681,0.123623517129236,May 20
2020-06-01,Metoprolol 100mg tablets,Metoprolol,Tablet,30740.55,223010,,6780.25561566666,0.13784381866284,Jun 20
2020-07-01,Metoprolol 100mg tablets,Metoprolol,Tablet,27367.97,232876,,7080.21526727048,0.117521642419142,Jul 20
2020-08-01,Metoprolol 100mg tablets,Metoprolol,Tablet,24139.47,205518,,6248.43986198189,0.117456719119493,Aug 20
2020-09-01,Metoprolol 100mg tablets,Metoprolol,Tablet,26542.45,225895,,6867.96933904767,0.117499059297461,Sep 20
2020-10-01,Metoprolol 100mg tablets,Metoprolol,Tablet,24157.18,230138,,6996.97083932691,0.104968236449435,Oct 20
2020-11-01,Metoprolol 100mg tablets,Metoprolol,Tablet,22908.7,218199,,6633.98500104412,0.104989940375529,Nov 20
2020-12-01,Metoprolol 100mg tablets,Metoprolol,Tablet,24966.85,237801,,7229.9518661098,0.104990517281256,Dec 20
2021-01-01,Metoprolol 100mg tablets,Metoprolol,Tablet,20439.18,212765,,6468.77308671054,0.0960645782906023,Jan 21
2021-02-01,Metoprolol 100mg tablets,Metoprolol,Tablet,19486.1,202794,,6165.62108122283,0.0960881485645532,Feb 21
