shortages_data.csv
month_full,product_pack,active_ingredients,dosage,value,quantity,shortage,base_no_shortage_estimate,price_per_piece,xaxis_months
2014-01-01,Metoprolol 50mg tablets,Metoprolol,Tablet,95623.51,2594840,,95623.51,0.0368514089500701,Jan 14
2014-02-01,Metoprolol 50mg tablets,Metoprolol,Tablet,86233.46,2340543,,86233.46,0.0368433564348102,Feb 14
2014-03-01,Metoprolol 50mg tablets,Metoprolol,Tablet,92617.7,2514353,,92617.7,0.0368355994564009,Mar 14
2014-04-01,Metoprolol 50mg tablets,Metoprolol,Tablet,84797.27,2520273,,84797.27,0.0336460653270499,Apr 14
2014-05-01,Metoprolol 50mg tablets,Metoprolol,Tablet,86786.85,2580405,,86786.85,0.0336330343492591,May 14
2014-06-01,Metoprolol 50mg tablets,Metoprolol,Tablet,82060.55,2438705,,82060.55,0.033649231866913,Jun 14
2014-07-01,Metoprolol 50mg tablets,Metoprolol,Tablet,86306.25,2593127,,86306.25,0.0332826930574553,Jul 14
2014-08-01,Metoprolol 50mg tablets,Metoprolol,Tablet,80435.13,2415018,,80435.13,0.0333062238045431,Aug 14
2014-09-01,Metoprolol 50mg tablets,Metoprolol,Tablet,82534.95,2479142,,82534.95,0.0332917396421827,Sep 14
2014-10-01,Metoprolol 50mg tablets,Metoprolol,Tablet,94483.8,2564187,,94483.8,0.0368474686128586,Oct 14
2014-11-01,Metoprolol 50mg tablets,Metoprolol,Tablet,85266.35,2312683,,85266.35,0.0368690175004529,Nov 14
2014-12-01,Metoprolol 50mg tablets,Metoprolol,Tablet,95468.22,2590426,,95468.22,0.0368542548600114,Dec 14
2015-01-01,Metoprolol 50mg tablets,Metoprolol,Tablet,87608.2,2400284,,87608.2,0.0364990976067832,Jan 15
2015-02-01,Metoprolol 50mg tablets,Metoprolol,Tablet,78937.87,2162070,,78937.87,0.0365103211274381,Feb 15
2015-03-01,Metoprolol 50mg tablets,Metoprolol,Tablet,88030.67,2408742,,88030.67,0.0365463258414558,Mar 15
2015-04-01,Metoprolol 50mg tablets,Metoprolol,Tablet,91464.24,2343390,,91464.24,0.0390307375212833,Apr 15
2015-05-01,Metoprolol 50mg tablets,Metoprolol,Tablet,90398,2316368,,90398,0.0390257506579265,May 15
2015-06-01,Metoprolol 50mg tablets,Metoprolol,Tablet,92108.85,2360020,,92108.85,0.039028842975907,Jun 15
2015-07-01,Metoprolol 50mg tablets,Metoprolol,Tablet,123083.04,2476448,,123083.04,0.0497014433575831,Jul 15
2015-08-01,Metoprolol 50mg tablets,Metoprolol,Tablet,109658.28,2202642,,109658.28,0.0497848856055591,Aug 15
2015-09-01,Metoprolol 50mg tablets,Metoprolol,Tablet,116277.8,2334747,,116277.8,0.049803169251315,Sep 15
2015-10-01,Metoprolol 50mg tablets,Metoprolol,Tablet,154559.76,2326773,,154559.76,0.0664266604434554,Oct 15
2015-11-01,Metoprolol 50mg tablets,Metoprolol,Tablet,147338.62,2218464,,147338.62,0.0664146995398618,Nov 15
2015-12-01,Metoprolol 50mg tablets,Metoprolol,Tablet,163658.22,2463981,,163658.22,0.0664202443119488,Dec 15
2016-01-01,Metoprolol 50mg tablets,Metoprolol,Tablet,134186.62,2135063,,134186.62,0.0628490213169354,Jan 16
2016-02-01,Metoprolol 50mg tablets,Metoprolol,Tablet,134399.27,2138324,,134399.27,0.0628526219600023,Feb 16
2016-03-01,Metoprolol 50mg tablets,Metoprolol,Tablet,138887.97,2209734,,138887.97,0.0628528003823085,Mar 16
2016-04-01,Metoprolol 50mg tablets,Metoprolol,Tablet,117350.57,2262554,,117350.57,0.0518664173319178,Apr 16
2016-05-01,Metoprolol 50mg tablets,Metoprolol,Tablet,110862.26,2137848,,110862.26,0.0518569421212359,May 16
2016-06-01,Metoprolol 50mg tablets,Metoprolol,Tablet,104923.88,2237655,,104923.88,0.0468901059367954,Jun 16
2016-07-01,Metoprolol 50mg tablets,Metoprolol,Tablet,94401.25,2162868,,94401.25,0.0436463297806431,Jul 16
2016-08-01,Metoprolol 50mg tablets,Metoprolol,Tablet,95179.31,2179485,,95179.31,0.0436705506117271,Aug 16
2016-09-01,Metoprolol 50mg tablets,Metoprolol,Tablet,94273.67,2160041,,94273.67,0.043644389157428,Sep 16
2016-10-01,Metoprolol 50mg tablets,Metoprolol,Tablet,94210.68,2106992,,94210.68,0.0447133543933722,Oct 16
2016-11-01,Metoprolol 50mg tablets,Metoprolol,Tablet,95487.74,2135273,,95487.74,0.0447192185729881,Nov 16
2016-12-01,Metoprolol 50mg tablets,Metoprolol,Tablet,98796.27,2209125,,98796.27,0.0447219012052283,Dec 16
2017-01-01,Metoprolol 50mg tablets,Metoprolol,Tablet,76254.01,2027682,,76254.01,0.0376064935231461,Jan 17
2017-02-01,Metoprolol 50mg tablets,Metoprolol,Tablet,70683.31,1879552,,70683.31,0.037606466860188,Feb 17
2017-03-01,Metoprolol 50mg tablets,Metoprolol,Tablet,81966.38,2178532,,81966.38,0.0376245930746025,Mar 17
2017-04-01,Metoprolol 50mg tablets,Metoprolol,Tablet,68725.12,1919304,,68725.12,0.0358073134844715,Apr 17
2017-05-01,Metoprolol 50mg tablets,Metoprolol,Tablet,74466.24,2079607,,74466.24,0.0358078425394798,May 17
2017-06-01,Metoprolol 50mg tablets,Metoprolol,Tablet,74311.41,2071030,,74311.41,0.0358813778651203,Jun 17
2017-07-01,Metoprolol 50mg tablets,Metoprolol,Tablet,68959.57,2004574,,68959.57,0.0344011096622025,Jul 17
2017-08-01,Metoprolol 50mg tablets,Metoprolol,Tablet,63142.03,2024207,,63142.03,0.0311934648976118,Aug 17
2017-09-01,Metoprolol 50mg tablets,Metoprolol,Tablet,61455.53,1968952,,61455.53,0.0312123048200261,Sep 17
2017-10-01,Metoprolol 50mg tablets,Metoprolol,Tablet,64084.89,1985486,,64084.89,0.0322766768438559,Oct 17
2017-11-01,Metoprolol 50mg tablets,Metoprolol,Tablet,63968.67,1982364,,63968.67,0.0322688820014891,Nov 17
2017-12-01,Metoprolol 50mg tablets,Metoprolol,Tablet,64599.43,2001496,,64599.43,0.0322755728714921,Dec 17
2018-01-01,Metoprolol 50mg tablets,Metoprolol,Tablet,54050.93,1954619,,54050.93,0.0276529236644072,Jan 18
2018-02-01,Metoprolol 50mg tablets,Metoprolol,Tablet,48966.05,1769298,,48966.05,0.0276754113778459,Feb 18
2018-03-01,Metoprolol 50mg tablets,Metoprolol,Tablet,53601.24,1937136,,53601.24,0.027670354585326,Mar 18
2018-04-01,Metoprolol 50mg tablets,Metoprolol,Tablet,46281.73,1865728,,46281.73,0.0248062579325604,Apr 18
2018-05-01,Metoprolol 50mg tablets,Metoprolol,Tablet,47989.31,1935015,,47989.31,0.0248004847507642,May 18
2018-06-01,Metoprolol 50mg tablets,Metoprolol,Tablet,46462.97,1872980,,46462.97,0.0248069760488633,Jun 18
2018-07-01,Metoprolol 50mg tablets,Metoprolol,Tablet,53108.05,1896942,,53108.05,0.0279966651589769,Jul 18
2018-08-01,Metoprolol 50mg tablets,Metoprolol,Tablet,61233.21,1898475,,61233.21,0.0322538932564295,Aug 18
2018-09-01,Metoprolol 50mg tablets,Metoprolol,Tablet,57468.02,1780981,,57468.02,0.0322676210470522,Sep 18
2018-10-01,Metoprolol 50mg tablets,Metoprolol,Tablet,61883.36,1895587,,61883.36,0.0326460141370457,Oct 18
2018-11-01,Metoprolol 50mg tablets,Metoprolol,Tablet,51397.81,1685698,,51397.81,0.0304905208406251,Nov 18
2018-12-01,Metoprolol 50mg tablets,Metoprolol,Tablet,177073.22,1787572,TRUE,54504.0013201178,0.0990579512321741,Dec 18
2019-01-01,Metoprolol 50mg tablets,Metoprolol,Tablet,167120.84,1686047,TRUE,51408.4511917734,0.0991199177721618,Jan 19
2019-02-01,Metoprolol 50mg tablets,Metoprolol,Tablet,137621.63,1387362,TRUE,42301.3899744913,0.0991966264032026,Feb 19
2019-03-01,Metoprolol 50mg tablets,Metoprolol,Tablet,280528.68,1264797,TRUE,38564.3192876601,0.221797395155112,Mar 19
2019-04-01,Metoprolol 50mg tablets,Metoprolol,Tablet,172077.9,1114376,TRUE,33977.9046522924,0.154416372929783,Apr 19
2019-05-01,Metoprolol 50mg tablets,Metoprolol,Tablet,305177.11,1374633,TRUE,41913.276134711,0.222006244575825,May 19
2019-06-01,Metoprolol 50mg tablets,Metoprolol,Tablet,266410.72,1201665,TRUE,36639.3917259497,0.22170132274802,Jun 19
2019-07-01,Metoprolol 50mg tablets,Metoprolol,Tablet,219368.01,1208944,TRUE,36861.3322271486,0.181454236093649,Jul 19
2019-08-01,Metoprolol 50mg tablets,Metoprolol,Tablet,211041.95,1218524,TRUE,37153.4314168018,0.17319474216347,Aug 19
2019-09-01,Metoprolol 50mg tablets,Metoprolol,Tablet,160846.72,1125585,TRUE,34319.672900395,0.142900553934176,Sep 19
2019-10-01,Metoprolol 50mg tablets,Metoprolol,Tablet,166837.65,1196199,,36472.7305390349,0.139473156222334,Oct 19
2019-11-01,Metoprolol 50mg tablets,Metoprolol,Tablet,158107.02,1134202,,34582.4097184786,0.139399348616913,Nov 19
2019-12-01,Metoprolol 50mg tablets,Metoprolol,Tablet,160731.05,1153503,,35170.9072612235,0.139341683550021,Dec 19
2020-01-01,Metoprolol 50mg tablets,Metoprolol,Tablet,182478.19,1174351,,35806.5736397089,0.155386413431759,Jan 20
2020-02-01,Metoprolol 50mg tablets,Metoprolol,Tablet,165072.74,1062568,,32398.2517485813,0.155352636254809,Feb 20
2020-03-01,Metoprolol 50mg tablets,Metoprolol,Tablet,194159.81,1249167,,38087.7524469211,0.155431427503288,Mar 20
2020-04-01,Metoprolol 50mg tablets,Metoprolol,Tablet,148246.71,1143372,,34862.0077945872,0.129657460564016,Apr 20
2020-05-01,Metoprolol 50mg tablets,Metoprolol,Tablet,143304.55,1105097,,33694.9831094122,0.129675992243215,May 20
2020-06-01,Metoprolol 50mg tablets,Metoprolol,Tablet,162414.44,1122729,,34232.5919728741,0.144660412263333,Jun 20
2020-07-01,Metoprolol 50mg tablets,Metoprolol,Tablet,140202.82,1151004,,35094.7114496428,0.121809150967329,Jul 20
2020-08-01,Metoprolol 50mg tablets,Metoprolol,Tablet,126863.08,1041563,,31757.798358324,0.121800678403515,Aug 20
2020-09-01,Metoprolol 50mg tablets,Metoprolol,Tablet,137758.9,1130592,,34472.338938244,0.121846696244092,Sep 20
2020-10-01,Metoprolol 50mg tablets,Metoprolol,Tablet,114827.88,1127075,,34365.1037764475,0.101881312246301,Oct 20
2020-11-01,Metoprolol 50mg tablets,Metoprolol,Tablet,110432.08,1084717,,33073.5862946803,0.101807273233479,Nov 20
2020-12-01,Metoprolol 50mg tablets,Metoprolol,Tablet,118986.12,1168808,,35637.5646826893,0.101801253927078,Dec 20
2021-01-01,Metoprolol 50mg tablets,Metoprolol,Tablet,109830.3,1082932,,33019.1607149798,0.101419387366889,Jan 21
2021-02-01,Metoprolol 50mg tablets,Metoprolol,Tablet,101373.81,999449,,30473.7205636419,0.101429697763468,Feb 21
