shortages_data.csv
month_full,product_pack,active_ingredients,dosage,value,quantity,shortage,base_no_shortage_estimate,price_per_piece,xaxis_months
2014-01-01,Carvedilol 12.5mg tablets,Carvedilol,Tablet,32330.6,660433,,32330.6,0.0489536410203609,Jan 14
2014-02-01,Carvedilol 12.5mg tablets,Carvedilol,Tablet,28659.43,585528,,28659.43,0.0489463014578295,Feb 14
2014-03-01,Carvedilol 12.5mg tablets,Carvedilol,Tablet,29533.12,603144,,29533.12,0.0489652885546404,Mar 14
2014-04-01,Carvedilol 12.5mg tablets,Carvedilol,Tablet,26202.24,595877,,26202.24,0.0439725648078379,Apr 14
2014-05-01,Carvedilol 12.5mg tablets,Carvedilol,Tablet,27648.86,628874,,27648.86,0.0439656592576573,May 14
2014-06-01,Carvedilol 12.5mg tablets,Carvedilol,Tablet,26111.36,593557,,26111.36,0.0439913268649852,Jun 14
2014-07-01,Carvedilol 12.5mg tablets,Carvedilol,Tablet,27401.71,639122,,27401.71,0.042873989629523,Jul 14
2014-08-01,Carvedilol 12.5mg tablets,Carvedilol,Tablet,25147.48,586394,,25147.48,0.0428849544845275,Aug 14
2014-09-01,Carvedilol 12.5mg tablets,Carvedilol,Tablet,26233.42,611687,,26233.42,0.0428869993967503,Sep 14
2014-10-01,Carvedilol 12.5mg tablets,Carvedilol,Tablet,35189.93,635278,,35189.93,0.0553929618214388,Oct 14
2014-11-01,Carvedilol 12.5mg tablets,Carvedilol,Tablet,31852.09,574940,,31852.09,0.0554007200751383,Nov 14
2014-12-01,Carvedilol 12.5mg tablets,Carvedilol,Tablet,35712.03,644598,,35712.03,0.0554020180019175,Dec 14
2015-01-01,Carvedilol 12.5mg tablets,Carvedilol,Tablet,28633.43,597826,,28633.43,0.0478959262394075,Jan 15
2015-02-01,Carvedilol 12.5mg tablets,Carvedilol,Tablet,26990.29,563460,,26990.29,0.0479009867603734,Feb 15
2015-03-01,Carvedilol 12.5mg tablets,Carvedilol,Tablet,28997.09,605651,,28997.09,0.047877556546592,Mar 15
2015-04-01,Carvedilol 12.5mg tablets,Carvedilol,Tablet,27780.65,602227,,27780.65,0.0461298646523653,Apr 15
2015-05-01,Carvedilol 12.5mg tablets,Carvedilol,Tablet,26992,585461,,26992,0.046103839538415,May 15
2015-06-01,Carvedilol 12.5mg tablets,Carvedilol,Tablet,27836.17,603751,,27836.17,0.0461053811919152,Jun 15
2015-07-01,Carvedilol 12.5mg tablets,Carvedilol,Tablet,28259.22,627139,,28259.22,0.0450605368187914,Jul 15
2015-08-01,Carvedilol 12.5mg tablets,Carvedilol,Tablet,25915.48,575404,,25915.48,0.0450387553788295,Aug 15
2015-09-01,Carvedilol 12.5mg tablets,Carvedilol,Tablet,27198.36,603874,,27198.36,0.0450397930694151,Sep 15
2015-10-01,Carvedilol 12.5mg tablets,Carvedilol,Tablet,28000.11,611871,,28000.11,0.0457614595233309,Oct 15
2015-11-01,Carvedilol 12.5mg tablets,Carvedilol,Tablet,26463.63,578447,,26463.63,0.0457494463624152,Nov 15
2015-12-01,Carvedilol 12.5mg tablets,Carvedilol,Tablet,29894.58,653201,,29894.58,0.0457662802108386,Dec 15
2016-01-01,Carvedilol 12.5mg tablets,Carvedilol,Tablet,23986.65,578201,,23986.65,0.0414849680301487,Jan 16
2016-02-01,Carvedilol 12.5mg tablets,Carvedilol,Tablet,23517.86,563711,,23517.86,0.0417197109866581,Feb 16
2016-03-01,Carvedilol 12.5mg tablets,Carvedilol,Tablet,24837.16,598514,,24837.16,0.0414980434877046,Mar 16
2016-04-01,Carvedilol 12.5mg tablets,Carvedilol,Tablet,23974.03,608974,,23974.03,0.0393679040484487,Apr 16
2016-05-01,Carvedilol 12.5mg tablets,Carvedilol,Tablet,23207.67,589722,,23207.67,0.0393535767700713,May 16
2016-06-01,Carvedilol 12.5mg tablets,Carvedilol,Tablet,21334.97,601809,,21334.97,0.035451397370262,Jun 16
2016-07-01,Carvedilol 12.5mg tablets,Carvedilol,Tablet,20655.86,600616,,20655.86,0.0343911251115521,Jul 16
2016-08-01,Carvedilol 12.5mg tablets,Carvedilol,Tablet,20856.79,606866,,20856.79,0.0343680318225111,Aug 16
2016-09-01,Carvedilol 12.5mg tablets,Carvedilol,Tablet,20781.78,604571,,20781.78,0.034374424178467,Sep 16
2016-10-01,Carvedilol 12.5mg tablets,Carvedilol,Tablet,20247.85,589129,,20247.85,0.0343691279838541,Oct 16
2016-11-01,Carvedilol 12.5mg tablets,Carvedilol,Tablet,20858.31,607606,,20858.31,0.0343286768070098,Nov 16
2016-12-01,Carvedilol 12.5mg tablets,Carvedilol,Tablet,21594.09,629179,,21594.09,0.034321059666645,Dec 16
2017-01-01,Carvedilol 12.5mg tablets,Carvedilol,Tablet,19586.34,575990,,19586.34,0.0340046528585566,Jan 17
2017-02-01,Carvedilol 12.5mg tablets,Carvedilol,Tablet,18506.25,544390,,18506.25,0.033994470875659,Feb 17
2017-03-01,Carvedilol 12.5mg tablets,Carvedilol,Tablet,21224.37,620119,,21224.37,0.0342262856000219,Mar 17
2017-04-01,Carvedilol 12.5mg tablets,Carvedilol,Tablet,18423.59,565239,,18423.59,0.0325943362011468,Apr 17
2017-05-01,Carvedilol 12.5mg tablets,Carvedilol,Tablet,19701.55,600214,,19701.55,0.0328242093653264,May 17
2017-06-01,Carvedilol 12.5mg tablets,Carvedilol,Tablet,20068.26,616229,,20068.26,0.0325662375512999,Jun 17
2017-07-01,Carvedilol 12.5mg tablets,Carvedilol,Tablet,19327.69,587344,,19327.69,0.0329069335857692,Jul 17
2017-08-01,Carvedilol 12.5mg tablets,Carvedilol,Tablet,18290.58,608034,,18290.58,0.030081508599848,Aug 17
2017-09-01,Carvedilol 12.5mg tablets,Carvedilol,Tablet,17319.61,576341,,17319.61,0.0300509767654913,Sep 17
2017-10-01,Carvedilol 12.5mg tablets,Carvedilol,Tablet,18362.4,596494,,18362.4,0.0307838804749084,Oct 17
2017-11-01,Carvedilol 12.5mg tablets,Carvedilol,Tablet,18497.86,601131,,18497.86,0.0307717618954937,Nov 17
2017-12-01,Carvedilol 12.5mg tablets,Carvedilol,Tablet,18612.49,604225,,18612.49,0.030803905829782,Dec 17
2018-01-01,Carvedilol 12.5mg tablets,Carvedilol,Tablet,16940.06,598901,,16940.06,0.0282852424691226,Jan 18
2018-02-01,Carvedilol 12.5mg tablets,Carvedilol,Tablet,15034,531493,,15034,0.0282863556058123,Feb 18
2018-03-01,Carvedilol 12.5mg tablets,Carvedilol,Tablet,16937.84,598604,,16937.84,0.0282955676874862,Mar 18
2018-04-01,Carvedilol 12.5mg tablets,Carvedilol,Tablet,11828.13,578868,,11828.13,0.0204332075706379,Apr 18
2018-05-01,Carvedilol 12.5mg tablets,Carvedilol,Tablet,12180.03,595588,,12180.03,0.0204504288199225,May 18
2018-06-01,Carvedilol 12.5mg tablets,Carvedilol,Tablet,11980.88,586113,,11980.88,0.02044124597134,Jun 18
2018-07-01,Carvedilol 12.5mg tablets,Carvedilol,Tablet,14343.04,596983,,14343.04,0.024025876783761,Jul 18
2018-08-01,Carvedilol 12.5mg tablets,Carvedilol,Tablet,19598.66,711184,,19598.66,0.0275577909514275,Aug 18
2018-09-01,Carvedilol 12.5mg tablets,Carvedilol,Tablet,18168.57,658822,,18168.57,0.0275773577688663,Sep 18
2018-10-01,Carvedilol 12.5mg tablets,Carvedilol,Tablet,19199.1,669993,,19199.1,0.0286556725219517,Oct 18
2018-11-01,Carvedilol 12.5mg tablets,Carvedilol,Tablet,17967.23,668692,,17967.23,0.0268692163208174,Nov 18
2018-12-01,Carvedilol 12.5mg tablets,Carvedilol,Tablet,20220.31,751874,,20220.31,0.0268932161505784,Dec 18
2019-01-01,Carvedilol 12.5mg tablets,Carvedilol,Tablet,17325.37,627733,,17325.37,0.027599903143534,Jan 19
2019-02-01,Carvedilol 12.5mg tablets,Carvedilol,Tablet,70636.51,582577,TRUE,16079.0687736506,0.121248367168632,Feb 19
2019-03-01,Carvedilol 12.5mg tablets,Carvedilol,Tablet,61802.89,628517,TRUE,17347.0083240645,0.0983312941416063,Mar 19
2019-04-01,Carvedilol 12.5mg tablets,Carvedilol,Tablet,46127.6,613023,TRUE,16919.3754247586,0.0752461163773627,Apr 19
2019-05-01,Carvedilol 12.5mg tablets,Carvedilol,Tablet,49739.3,631831,TRUE,17438.4744030822,0.0787224748389997,May 19
2019-06-01,Carvedilol 12.5mg tablets,Carvedilol,Tablet,41440.84,605557,TRUE,16713.314547889,0.0684342514412351,Jun 19
2019-07-01,Carvedilol 12.5mg tablets,Carvedilol,Tablet,27824.12,605373,,16708.2361657106,0.0459619441237056,Jul 19
2019-08-01,Carvedilol 12.5mg tablets,Carvedilol,Tablet,33452.77,648609,,17901.5455780244,0.0515761730102419,Aug 19
2019-09-01,Carvedilol 12.5mg tablets,Carvedilol,Tablet,30794.05,597032,,16478.0253735904,0.0515785586032239,Sep 19
2019-10-01,Carvedilol 12.5mg tablets,Carvedilol,Tablet,46529.22,640904,,17688.8883243035,0.072599359654488,Oct 19
2019-11-01,Carvedilol 12.5mg tablets,Carvedilol,Tablet,44082.74,607184,,16758.2195903035,0.0726019460328335,Nov 19
2019-12-01,Carvedilol 12.5mg tablets,Carvedilol,Tablet,45359.25,624827,,17245.1646814649,0.072594894266733,Dec 19
2020-01-01,Carvedilol 12.5mg tablets,Carvedilol,Tablet,43777.78,634289,,17506.314965009,0.0690186649934021,Jan 20
2020-02-01,Carvedilol 12.5mg tablets,Carvedilol,Tablet,39270.44,569001,,15704.372488574,0.0690164692153441,Feb 20
2020-03-01,Carvedilol 12.5mg tablets,Carvedilol,Tablet,46311.41,671135,,18523.2609962357,0.0690046115908126,Mar 20
2020-04-01,Carvedilol 12.5mg tablets,Carvedilol,Tablet,39247.09,626863,,17301.3580842651,0.0626087199276397,Apr 20
2020-05-01,Carvedilol 12.5mg tablets,Carvedilol,Tablet,36819.76,588126,,16232.2206361941,0.0626052240506286,May 20
2020-06-01,Carvedilol 12.5mg tablets,Carvedilol,Tablet,42144.01,604364,,16680.3878634388,0.0697328265747133,Jun 20
2020-07-01,Carvedilol 12.5mg tablets,Carvedilol,Tablet,42508.49,628974,,17359.6214798011,0.0675838587922553,Jul 20
2020-08-01,Carvedilol 12.5mg tablets,Carvedilol,Tablet,38430.09,568545,,15691.7869327405,0.067593752473419,Aug 20
2020-09-01,Carvedilol 12.5mg tablets,Carvedilol,Tablet,41590.13,615578,,16989.8931772903,0.0675627296622037,Sep 20
2020-10-01,Carvedilol 12.5mg tablets,Carvedilol,Tablet,37699.7,613037,,16919.7618234026,0.0614966143968472,Oct 20
2020-11-01,Carvedilol 12.5mg tablets,Carvedilol,Tablet,36514.12,593808,,16389.0432858556,0.0614914585185784,Nov 20
2020-12-01,Carvedilol 12.5mg tablets,Carvedilol,Tablet,39708.14,645834,,17824.9558468011,0.0614835081460561,Dec 20
2021-01-01,Carvedilol 12.5mg tablets,Carvedilol,Tablet,34968.15,585235,,16152.4293162061,0.0597506130016147,Jan 21
2021-02-01,Carvedilol 12.5mg tablets,Carvedilol,Tablet,33394.17,558985,,15427.9318586883,0.0597407264953442,Feb 21
