shortages_data.csv
month_full,product_pack,active_ingredients,dosage,value,quantity,shortage,base_no_shortage_estimate,price_per_piece,xaxis_months
2014-01-01,Carvedilol 25mg tablets,Carvedilol,Tablet,32331.69,583758,,32331.69,0.055385433689988,Jan 14
2014-02-01,Carvedilol 25mg tablets,Carvedilol,Tablet,29651.4,535405,,29651.4,0.0553812534436548,Feb 14
2014-03-01,Carvedilol 25mg tablets,Carvedilol,Tablet,32293.02,583013,,32293.02,0.0553898798140007,Mar 14
2014-04-01,Carvedilol 25mg tablets,Carvedilol,Tablet,19073.75,567021,,19073.75,0.0336385248518133,Apr 14
2014-05-01,Carvedilol 25mg tablets,Carvedilol,Tablet,20385.94,605813,,20385.94,0.0336505489317661,May 14
2014-06-01,Carvedilol 25mg tablets,Carvedilol,Tablet,19054.9,566187,,19054.9,0.0336547819006795,Jun 14
2014-07-01,Carvedilol 25mg tablets,Carvedilol,Tablet,33185.94,611243,,33185.94,0.0542925481355206,Jul 14
2014-08-01,Carvedilol 25mg tablets,Carvedilol,Tablet,30915.62,568929,,30915.62,0.0543400318844707,Aug 14
2014-09-01,Carvedilol 25mg tablets,Carvedilol,Tablet,31383.36,577667,,31383.36,0.0543277701513156,Sep 14
2014-10-01,Carvedilol 25mg tablets,Carvedilol,Tablet,33064.44,608776,,33064.44,0.0543129821149323,Oct 14
2014-11-01,Carvedilol 25mg tablets,Carvedilol,Tablet,29506.43,543021,,29506.43,0.0543375486399237,Nov 14
2014-12-01,Carvedilol 25mg tablets,Carvedilol,Tablet,34019.49,625900,,34019.49,0.0543529158012462,Dec 14
2015-01-01,Carvedilol 25mg tablets,Carvedilol,Tablet,30408.95,574662,,30408.95,0.0529162359787145,Jan 15
2015-02-01,Carvedilol 25mg tablets,Carvedilol,Tablet,28407.42,536257,,28407.42,0.0529735182943999,Feb 15
2015-03-01,Carvedilol 25mg tablets,Carvedilol,Tablet,30941.51,584633,,30941.51,0.0529246724013184,Mar 15
2015-04-01,Carvedilol 25mg tablets,Carvedilol,Tablet,30089.87,571818,,30089.87,0.0526214110083978,Apr 15
2015-05-01,Carvedilol 25mg tablets,Carvedilol,Tablet,30050.46,571469,,30050.46,0.0525845846406367,May 15
2015-06-01,Carvedilol 25mg tablets,Carvedilol,Tablet,30604,581839,,30604,0.0525987429512288,Jun 15
2015-07-01,Carvedilol 25mg tablets,Carvedilol,Tablet,31377.39,604593,,31377.39,0.0518983679930135,Jul 15
2015-08-01,Carvedilol 25mg tablets,Carvedilol,Tablet,28335.1,546285,,28335.1,0.0518687132174598,Aug 15
2015-09-01,Carvedilol 25mg tablets,Carvedilol,Tablet,30184.7,581574,,30184.7,0.0519017356346742,Sep 15
2015-10-01,Carvedilol 25mg tablets,Carvedilol,Tablet,31148.67,591880,,31148.67,0.0526266641886869,Oct 15
2015-11-01,Carvedilol 25mg tablets,Carvedilol,Tablet,29884.64,567946,,29884.64,0.0526188053089554,Nov 15
2015-12-01,Carvedilol 25mg tablets,Carvedilol,Tablet,33092.91,628479,,33092.91,0.0526555541235268,Dec 15
2016-01-01,Carvedilol 25mg tablets,Carvedilol,Tablet,25957.52,544487,,25957.52,0.0476733512462189,Jan 16
2016-02-01,Carvedilol 25mg tablets,Carvedilol,Tablet,26124.72,548292,,26124.72,0.04764745792388,Feb 16
2016-03-01,Carvedilol 25mg tablets,Carvedilol,Tablet,27893.34,585622,,27893.34,0.0476302802831861,Mar 16
2016-04-01,Carvedilol 25mg tablets,Carvedilol,Tablet,26660.54,584587,,26660.54,0.0456057695432844,Apr 16
2016-05-01,Carvedilol 25mg tablets,Carvedilol,Tablet,25871.28,568701,,25871.28,0.0454918841359519,May 16
2016-06-01,Carvedilol 25mg tablets,Carvedilol,Tablet,23858.88,578408,,23858.88,0.0412492220024619,Jun 16
2016-07-01,Carvedilol 25mg tablets,Carvedilol,Tablet,24098.48,579038,,24098.48,0.0416181321433136,Jul 16
2016-08-01,Carvedilol 25mg tablets,Carvedilol,Tablet,23930.81,575145,,23930.81,0.0416083074702901,Aug 16
2016-09-01,Carvedilol 25mg tablets,Carvedilol,Tablet,24210.18,582563,,24210.18,0.0415580460825696,Sep 16
2016-10-01,Carvedilol 25mg tablets,Carvedilol,Tablet,24124.07,565018,,24124.07,0.0426961087965339,Oct 16
2016-11-01,Carvedilol 25mg tablets,Carvedilol,Tablet,25012.68,586055,,25012.68,0.0426797484877699,Nov 16
2016-12-01,Carvedilol 25mg tablets,Carvedilol,Tablet,26177.24,613757,,26177.24,0.0426508210904316,Dec 16
2017-01-01,Carvedilol 25mg tablets,Carvedilol,Tablet,21395.38,556627,,21395.38,0.0384375533346388,Jan 17
2017-02-01,Carvedilol 25mg tablets,Carvedilol,Tablet,20201.6,526340,,20201.6,0.0383812744613748,Feb 17
2017-03-01,Carvedilol 25mg tablets,Carvedilol,Tablet,22787.46,593569,,22787.46,0.0383905830661642,Mar 17
2017-04-01,Carvedilol 25mg tablets,Carvedilol,Tablet,20818.28,542200,,20818.28,0.0383959424566581,Apr 17
2017-05-01,Carvedilol 25mg tablets,Carvedilol,Tablet,22552.86,587164,,22552.86,0.0384098139531715,May 17
2017-06-01,Carvedilol 25mg tablets,Carvedilol,Tablet,22681.88,590312,,22681.88,0.0384235455149142,Jun 17
2017-07-01,Carvedilol 25mg tablets,Carvedilol,Tablet,22268.02,563731,,22268.02,0.039501145049678,Jul 17
2017-08-01,Carvedilol 25mg tablets,Carvedilol,Tablet,20883.93,582324,,20883.93,0.0358630762256064,Aug 17
2017-09-01,Carvedilol 25mg tablets,Carvedilol,Tablet,19994.58,558291,,19994.58,0.0358139035019372,Sep 17
2017-10-01,Carvedilol 25mg tablets,Carvedilol,Tablet,20235.91,574919,,20235.91,0.0351978452616803,Oct 17
2017-11-01,Carvedilol 25mg tablets,Carvedilol,Tablet,20150.87,572864,,20150.87,0.0351756612389677,Nov 17
2017-12-01,Carvedilol 25mg tablets,Carvedilol,Tablet,20251.64,575299,,20251.64,0.0352019384702563,Dec 17
2018-01-01,Carvedilol 25mg tablets,Carvedilol,Tablet,20797.24,579442,,20797.24,0.0358918407709486,Jan 18
2018-02-01,Carvedilol 25mg tablets,Carvedilol,Tablet,18489.14,514183,,18489.14,0.0359582872245874,Feb 18
2018-03-01,Carvedilol 25mg tablets,Carvedilol,Tablet,20575.87,572848,,20575.87,0.0359185508197637,Mar 18
2018-04-01,Carvedilol 25mg tablets,Carvedilol,Tablet,19959.62,549643,,19959.62,0.0363137891322186,Apr 18
2018-05-01,Carvedilol 25mg tablets,Carvedilol,Tablet,20965.47,577309,,20965.47,0.0363158551139858,May 18
2018-06-01,Carvedilol 25mg tablets,Carvedilol,Tablet,20188.01,556616,,20188.01,0.0362691873751383,Jun 18
2018-07-01,Carvedilol 25mg tablets,Carvedilol,Tablet,16191.08,562285,,16191.08,0.0287951483678206,Jul 18
2018-08-01,Carvedilol 25mg tablets,Carvedilol,Tablet,16005.72,482782,,16005.72,0.0331531001570067,Aug 18
2018-09-01,Carvedilol 25mg tablets,Carvedilol,Tablet,17843.39,540408,,17843.39,0.0330183676037364,Sep 18
2018-10-01,Carvedilol 25mg tablets,Carvedilol,Tablet,22188.81,557813,,22188.81,0.0397782231679792,Oct 18
2018-11-01,Carvedilol 25mg tablets,Carvedilol,Tablet,101590.86,505573,TRUE,20110.7956217048,0.200942020242378,Nov 18
2018-12-01,Carvedilol 25mg tablets,Carvedilol,Tablet,120174.52,483407,TRUE,19229.0715269633,0.248599048007166,Dec 18
2019-01-01,Carvedilol 25mg tablets,Carvedilol,Tablet,27578.18,551287,TRUE,21929.2173156058,0.0500250867515468,Jan 19
2019-02-01,Carvedilol 25mg tablets,Carvedilol,Tablet,70808.69,501917,TRUE,19965.3664378026,0.141076492726885,Feb 19
2019-03-01,Carvedilol 25mg tablets,Carvedilol,Tablet,73758.76,533180,TRUE,21208.9530287032,0.138337447016017,Mar 19
2019-04-01,Carvedilol 25mg tablets,Carvedilol,Tablet,60599.53,518015,TRUE,20605.7162743608,0.116984122081407,Apr 19
2019-05-01,Carvedilol 25mg tablets,Carvedilol,Tablet,56569.88,562791,TRUE,22386.8259949302,0.100516674929059,May 19
2019-06-01,Carvedilol 25mg tablets,Carvedilol,Tablet,46389.37,515109,TRUE,20490.1207578346,0.0900573859124962,Jun 19
2019-07-01,Carvedilol 25mg tablets,Carvedilol,Tablet,62240.9,529630,,21067.7403364568,0.117517701036573,Jul 19
2019-08-01,Carvedilol 25mg tablets,Carvedilol,Tablet,74689.46,567550,,22576.1305589866,0.131599788564884,Aug 19
2019-09-01,Carvedilol 25mg tablets,Carvedilol,Tablet,68664.21,521774,,20755.2426152492,0.131597607393239,Sep 19
2019-10-01,Carvedilol 25mg tablets,Carvedilol,Tablet,59166.66,548247,,21808.2915171751,0.10791971501896,Oct 19
2019-11-01,Carvedilol 25mg tablets,Carvedilol,Tablet,58332.31,540935,,21517.4331493709,0.107836080120532,Nov 19
2019-12-01,Carvedilol 25mg tablets,Carvedilol,Tablet,59161.46,548553,,21820.4636534645,0.107850034545431,Dec 19
2020-01-01,Carvedilol 25mg tablets,Carvedilol,Tablet,47183.02,545819,,21711.7099913233,0.0864444440373091,Jan 20
2020-02-01,Carvedilol 25mg tablets,Carvedilol,Tablet,44026.09,509697,,20274.8410140495,0.0863769847576109,Feb 20
2020-03-01,Carvedilol 25mg tablets,Carvedilol,Tablet,50520.72,585185,,23277.6195245539,0.0863329032699061,Mar 20
2020-04-01,Carvedilol 25mg tablets,Carvedilol,Tablet,40524.97,536291,,21332.7030809788,0.0755652621431275,Apr 20
2020-05-01,Carvedilol 25mg tablets,Carvedilol,Tablet,39239.2,518452,,20623.0993578852,0.0756853093439701,May 20
2020-06-01,Carvedilol 25mg tablets,Carvedilol,Tablet,43952.08,522298,,20776.0864041892,0.084151346549288,Jun 20
2020-07-01,Carvedilol 25mg tablets,Carvedilol,Tablet,39518.44,552967,,21996.044730528,0.0714661815262032,Jul 20
2020-08-01,Carvedilol 25mg tablets,Carvedilol,Tablet,35274.69,494270,,19661.1823652371,0.0713672486697554,Aug 20
2020-09-01,Carvedilol 25mg tablets,Carvedilol,Tablet,38235.78,535391,,21296.9026801276,0.0714165535094912,Sep 20
2020-10-01,Carvedilol 25mg tablets,Carvedilol,Tablet,37742.86,531463,,21140.6538195237,0.0710169099259967,Oct 20
2020-11-01,Carvedilol 25mg tablets,Carvedilol,Tablet,36880.12,519081,,20648.1198602578,0.0710488729119348,Nov 20
2020-12-01,Carvedilol 25mg tablets,Carvedilol,Tablet,39468,556218,,22125.3637340471,0.0709577899312859,Dec 20
2021-01-01,Carvedilol 25mg tablets,Carvedilol,Tablet,37667.58,511973,,20365.3762499798,0.0735733720332908,Jan 21
2021-02-01,Carvedilol 25mg tablets,Carvedilol,Tablet,35350.29,480258,,19103.8099022074,0.0736068738053296,Feb 21
