shortages_data.csv
month_full,product_pack,active_ingredients,dosage,value,quantity,shortage,base_no_shortage_estimate,price_per_piece,xaxis_months
2014-01-01,Carvedilol 3.125mg tablets,Carvedilol,Tablet,28607.12,537480,,28607.12,0.0532245292848106,Jan 14
2014-02-01,Carvedilol 3.125mg tablets,Carvedilol,Tablet,25522.35,479502,,25522.35,0.0532267852897381,Feb 14
2014-03-01,Carvedilol 3.125mg tablets,Carvedilol,Tablet,27704.41,520489,,27704.41,0.0532276570686412,Mar 14
2014-04-01,Carvedilol 3.125mg tablets,Carvedilol,Tablet,23897.86,526500,,23897.86,0.0453900474833808,Apr 14
2014-05-01,Carvedilol 3.125mg tablets,Carvedilol,Tablet,24770.13,545865,,24770.13,0.0453777582369267,May 14
2014-06-01,Carvedilol 3.125mg tablets,Carvedilol,Tablet,23402.96,515639,,23402.96,0.0453863264803477,Jun 14
2014-07-01,Carvedilol 3.125mg tablets,Carvedilol,Tablet,25838.59,552016,,25838.59,0.0468076831106345,Jul 14
2014-08-01,Carvedilol 3.125mg tablets,Carvedilol,Tablet,24087.48,514517,,24087.48,0.0468157126003611,Aug 14
2014-09-01,Carvedilol 3.125mg tablets,Carvedilol,Tablet,24947.39,532922,,24947.39,0.0468124603600527,Sep 14
2014-10-01,Carvedilol 3.125mg tablets,Carvedilol,Tablet,28419.62,552539,,28419.62,0.0514345955670097,Oct 14
2014-11-01,Carvedilol 3.125mg tablets,Carvedilol,Tablet,26256.85,510508,,26256.85,0.0514327885165365,Nov 14
2014-12-01,Carvedilol 3.125mg tablets,Carvedilol,Tablet,29233.85,568331,,29233.85,0.0514380704202305,Dec 14
2015-01-01,Carvedilol 3.125mg tablets,Carvedilol,Tablet,24139.35,527842,,24139.35,0.0457321509087947,Jan 15
2015-02-01,Carvedilol 3.125mg tablets,Carvedilol,Tablet,21978.25,480629,,21978.25,0.0457280979716164,Feb 15
2015-03-01,Carvedilol 3.125mg tablets,Carvedilol,Tablet,24238.22,530073,,24238.22,0.0457261924300993,Mar 15
2015-04-01,Carvedilol 3.125mg tablets,Carvedilol,Tablet,23845.04,529465,,23845.04,0.0450361024808061,Apr 15
2015-05-01,Carvedilol 3.125mg tablets,Carvedilol,Tablet,23492.09,521794,,23492.09,0.0450217710437452,May 15
2015-06-01,Carvedilol 3.125mg tablets,Carvedilol,Tablet,24439.7,542612,,24439.7,0.0450408394948877,Jun 15
2015-07-01,Carvedilol 3.125mg tablets,Carvedilol,Tablet,23447.59,565696,,23447.59,0.0414490998698948,Jul 15
2015-08-01,Carvedilol 3.125mg tablets,Carvedilol,Tablet,21320.86,514437,,21320.86,0.0414450360296791,Aug 15
2015-09-01,Carvedilol 3.125mg tablets,Carvedilol,Tablet,22536.03,543296,,22536.03,0.0414802060018848,Sep 15
2015-10-01,Carvedilol 3.125mg tablets,Carvedilol,Tablet,22571.8,554018,,22571.8,0.0407419975524261,Oct 15
2015-11-01,Carvedilol 3.125mg tablets,Carvedilol,Tablet,21624.08,530733,,21624.08,0.0407438014971747,Nov 15
2015-12-01,Carvedilol 3.125mg tablets,Carvedilol,Tablet,24011.95,589324,,24011.95,0.0407449043310641,Dec 15
2016-01-01,Carvedilol 3.125mg tablets,Carvedilol,Tablet,18979.67,520343,,18979.67,0.0364753057118093,Jan 16
2016-02-01,Carvedilol 3.125mg tablets,Carvedilol,Tablet,18907.52,518461,,18907.52,0.0364685482611035,Feb 16
2016-03-01,Carvedilol 3.125mg tablets,Carvedilol,Tablet,20112.91,551310,,20112.91,0.0364820337015472,Mar 16
2016-04-01,Carvedilol 3.125mg tablets,Carvedilol,Tablet,19508.82,556604,,19508.82,0.0350497301492623,Apr 16
2016-05-01,Carvedilol 3.125mg tablets,Carvedilol,Tablet,18711.48,533937,,18711.48,0.035044359165969,May 16
2016-06-01,Carvedilol 3.125mg tablets,Carvedilol,Tablet,18007.99,565413,,18007.99,0.0318492677034309,Jun 16
2016-07-01,Carvedilol 3.125mg tablets,Carvedilol,Tablet,17351.56,551255,,17351.56,0.0314764673336296,Jul 16
2016-08-01,Carvedilol 3.125mg tablets,Carvedilol,Tablet,17391.62,552927,,17391.62,0.0314537362074921,Aug 16
2016-09-01,Carvedilol 3.125mg tablets,Carvedilol,Tablet,17731.19,563605,,17731.19,0.0314603135174457,Sep 16
2016-10-01,Carvedilol 3.125mg tablets,Carvedilol,Tablet,16866.97,541923,,16866.97,0.031124292565549,Oct 16
2016-11-01,Carvedilol 3.125mg tablets,Carvedilol,Tablet,17276.89,555146,,17276.89,0.0311213446552799,Nov 16
2016-12-01,Carvedilol 3.125mg tablets,Carvedilol,Tablet,18088.86,581182,,18088.86,0.0311242605586546,Dec 16
2017-01-01,Carvedilol 3.125mg tablets,Carvedilol,Tablet,15691.6,535471,,15691.6,0.0293042947237105,Jan 17
2017-02-01,Carvedilol 3.125mg tablets,Carvedilol,Tablet,14884.97,507494,,14884.97,0.0293303369103871,Feb 17
2017-03-01,Carvedilol 3.125mg tablets,Carvedilol,Tablet,17250.41,587936,,17250.41,0.0293406255102596,Mar 17
2017-04-01,Carvedilol 3.125mg tablets,Carvedilol,Tablet,15149.01,523003,,15149.01,0.0289654361447258,Apr 17
2017-05-01,Carvedilol 3.125mg tablets,Carvedilol,Tablet,16235.56,560509,,16235.56,0.0289657436365875,May 17
2017-06-01,Carvedilol 3.125mg tablets,Carvedilol,Tablet,16681.8,575777,,16681.8,0.0289726751850109,Jun 17
2017-07-01,Carvedilol 3.125mg tablets,Carvedilol,Tablet,17577.31,565106,,17577.31,0.0311044476611468,Jul 17
2017-08-01,Carvedilol 3.125mg tablets,Carvedilol,Tablet,16303.44,569755,,16303.44,0.028614825670683,Aug 17
2017-09-01,Carvedilol 3.125mg tablets,Carvedilol,Tablet,16005.21,559611,,16005.21,0.0286005993449021,Sep 17
2017-10-01,Carvedilol 3.125mg tablets,Carvedilol,Tablet,15401.4,566677,,15401.4,0.027178445569522,Oct 17
2017-11-01,Carvedilol 3.125mg tablets,Carvedilol,Tablet,15827.3,582315,,15827.3,0.0271799627349459,Nov 17
2017-12-01,Carvedilol 3.125mg tablets,Carvedilol,Tablet,15504.57,570466,,15504.57,0.0271787801551714,Dec 17
2018-01-01,Carvedilol 3.125mg tablets,Carvedilol,Tablet,14940.35,571339,,14940.35,0.0261497114672725,Jan 18
2018-02-01,Carvedilol 3.125mg tablets,Carvedilol,Tablet,13700.42,524612,,13700.42,0.0261153385740319,Feb 18
2018-03-01,Carvedilol 3.125mg tablets,Carvedilol,Tablet,15183.13,580420,,15183.13,0.0261588677164812,Mar 18
2018-04-01,Carvedilol 3.125mg tablets,Carvedilol,Tablet,10941.9,555204,,10941.9,0.0197078911535219,Apr 18
2018-05-01,Carvedilol 3.125mg tablets,Carvedilol,Tablet,11539.56,584326,,11539.56,0.019748496558428,May 18
2018-06-01,Carvedilol 3.125mg tablets,Carvedilol,Tablet,11452.19,579478,,11452.19,0.0197629418200518,Jun 18
2018-07-01,Carvedilol 3.125mg tablets,Carvedilol,Tablet,14264.08,586406,,14264.08,0.0243245805806898,Jul 18
2018-08-01,Carvedilol 3.125mg tablets,Carvedilol,Tablet,16393.94,579548,,16393.94,0.0282874585021431,Aug 18
2018-09-01,Carvedilol 3.125mg tablets,Carvedilol,Tablet,15589.7,551090,,15589.7,0.0282888457420748,Sep 18
2018-10-01,Carvedilol 3.125mg tablets,Carvedilol,Tablet,19862.93,604156,,19862.93,0.0328771542449301,Oct 18
2018-11-01,Carvedilol 3.125mg tablets,Carvedilol,Tablet,17577.35,571492,,17577.35,0.0307569484787189,Nov 18
2018-12-01,Carvedilol 3.125mg tablets,Carvedilol,Tablet,18138.18,589441,,18138.18,0.0307718329739533,Dec 18
2019-01-01,Carvedilol 3.125mg tablets,Carvedilol,Tablet,18272.29,593427,TRUE,18260.8365262342,0.0307911335345375,Jan 19
2019-02-01,Carvedilol 3.125mg tablets,Carvedilol,Tablet,40503.78,541393,TRUE,16659.6549692675,0.0748140075693627,Feb 19
2019-03-01,Carvedilol 3.125mg tablets,Carvedilol,Tablet,31138.44,579910,TRUE,17844.8936599253,0.053695297546171,Mar 19
2019-04-01,Carvedilol 3.125mg tablets,Carvedilol,Tablet,24654.48,568644,TRUE,17498.2181896407,0.0433566167936354,Apr 19
2019-05-01,Carvedilol 3.125mg tablets,Carvedilol,Tablet,25665.15,616523,TRUE,18971.5427806006,0.0416288605615687,May 19
2019-06-01,Carvedilol 3.125mg tablets,Carvedilol,Tablet,24016.54,572606,TRUE,17620.1361918835,0.0419425224325278,Jun 19
2019-07-01,Carvedilol 3.125mg tablets,Carvedilol,Tablet,30356.37,597839,,18396.6018533153,0.0507768312204456,Jul 19
2019-08-01,Carvedilol 3.125mg tablets,Carvedilol,Tablet,35709.18,620515,,19094.3839378326,0.0575476499359403,Aug 19
2019-09-01,Carvedilol 3.125mg tablets,Carvedilol,Tablet,33969.5,590208,,18161.781995891,0.057555133105617,Sep 19
2019-10-01,Carvedilol 3.125mg tablets,Carvedilol,Tablet,29562.87,616298,,18964.6191181815,0.047968466553518,Oct 19
2019-11-01,Carvedilol 3.125mg tablets,Carvedilol,Tablet,28934.01,603440,,18568.9548898024,0.0479484455786822,Nov 19
2019-12-01,Carvedilol 3.125mg tablets,Carvedilol,Tablet,29479.4,614305,,18903.2908550644,0.0479882143235038,Dec 19
2020-01-01,Carvedilol 3.125mg tablets,Carvedilol,Tablet,26585.98,619076,,19050.1032701831,0.0429446142315322,Jan 20
2020-02-01,Carvedilol 3.125mg tablets,Carvedilol,Tablet,24510.92,570785,,17564.1006840379,0.0429424739612989,Feb 20
2020-03-01,Carvedilol 3.125mg tablets,Carvedilol,Tablet,28750.84,669481,,20601.1575112352,0.0429449678183548,Mar 20
2020-04-01,Carvedilol 3.125mg tablets,Carvedilol,Tablet,25963.79,619551,,19064.7198908457,0.0419074297354052,Apr 20
2020-05-01,Carvedilol 3.125mg tablets,Carvedilol,Tablet,24328.59,580923,,17876.0655267279,0.0418791991365465,May 20
2020-06-01,Carvedilol 3.125mg tablets,Carvedilol,Tablet,28180,605836,,18642.684201608,0.0465142381766683,Jun 20
2020-07-01,Carvedilol 3.125mg tablets,Carvedilol,Tablet,28064.26,627641,,19313.664019605,0.0447138730580061,Jul 20
2020-08-01,Carvedilol 3.125mg tablets,Carvedilol,Tablet,25384.37,567604,,17466.2154833478,0.0447219716562956,Aug 20
2020-09-01,Carvedilol 3.125mg tablets,Carvedilol,Tablet,27299.78,610248,,18778.449528689,0.0447355501369935,Sep 20
2020-10-01,Carvedilol 3.125mg tablets,Carvedilol,Tablet,26248.39,621897,,19136.9106110026,0.0422069731804463,Oct 20
2020-11-01,Carvedilol 3.125mg tablets,Carvedilol,Tablet,25263.5,598880,,18428.6353314411,0.0421845778787069,Nov 20
2020-12-01,Carvedilol 3.125mg tablets,Carvedilol,Tablet,27510.56,651645,,20052.3110983118,0.0422170967321164,Dec 20
2021-01-01,Carvedilol 3.125mg tablets,Carvedilol,Tablet,27484.67,595744,,18332.1348632348,0.046135034511468,Jan 21
2021-02-01,Carvedilol 3.125mg tablets,Carvedilol,Tablet,26323.26,570735,,17562.5620923892,0.0461216851954059,Feb 21
