shortages_data.csv
month_full,product_pack,active_ingredients,dosage,value,quantity,shortage,base_no_shortage_estimate,price_per_piece,xaxis_months
2014-01-01,Carvedilol 6.25mg tablets,Carvedilol,Tablet,32187.91,566679,,32187.91,0.0568009578615054,Jan 14
2014-02-01,Carvedilol 6.25mg tablets,Carvedilol,Tablet,28521.89,502048,,28521.89,0.0568110818089107,Feb 14
2014-03-01,Carvedilol 6.25mg tablets,Carvedilol,Tablet,30844.6,542977,,30844.6,0.0568064577320955,Mar 14
2014-04-01,Carvedilol 6.25mg tablets,Carvedilol,Tablet,29027.61,556586,,29027.61,0.0521529646811095,Apr 14
2014-05-01,Carvedilol 6.25mg tablets,Carvedilol,Tablet,30017.98,575580,,30017.98,0.0521525765314987,May 14
2014-06-01,Carvedilol 6.25mg tablets,Carvedilol,Tablet,28799.19,552154,,28799.19,0.0521578943555602,Jun 14
2014-07-01,Carvedilol 6.25mg tablets,Carvedilol,Tablet,28794.04,584067,,28794.04,0.0492992071115129,Jul 14
2014-08-01,Carvedilol 6.25mg tablets,Carvedilol,Tablet,27043.64,548509,,27043.64,0.049303912971346,Aug 14
2014-09-01,Carvedilol 6.25mg tablets,Carvedilol,Tablet,27598.3,559732,,27598.3,0.0493062751459627,Sep 14
2014-10-01,Carvedilol 6.25mg tablets,Carvedilol,Tablet,31727.05,584273,,31727.05,0.0543017561995848,Oct 14
2014-11-01,Carvedilol 6.25mg tablets,Carvedilol,Tablet,28718.35,528872,,28718.35,0.0543011352463356,Nov 14
2014-12-01,Carvedilol 6.25mg tablets,Carvedilol,Tablet,33036.08,608334,,33036.08,0.0543058254182735,Dec 14
2015-01-01,Carvedilol 6.25mg tablets,Carvedilol,Tablet,27659.22,545143,,27659.22,0.0507375495970782,Jan 15
2015-02-01,Carvedilol 6.25mg tablets,Carvedilol,Tablet,26524.36,522796,,26524.36,0.0507355832867887,Feb 15
2015-03-01,Carvedilol 6.25mg tablets,Carvedilol,Tablet,28669.59,565083,,28669.59,0.0507351840349117,Mar 15
2015-04-01,Carvedilol 6.25mg tablets,Carvedilol,Tablet,26228.14,560179,,26228.14,0.0468209982880472,Apr 15
2015-05-01,Carvedilol 6.25mg tablets,Carvedilol,Tablet,25603.15,546768,,25603.15,0.0468263504813742,May 15
2015-06-01,Carvedilol 6.25mg tablets,Carvedilol,Tablet,26672.49,569675,,26672.49,0.0468205380260675,Jun 15
2015-07-01,Carvedilol 6.25mg tablets,Carvedilol,Tablet,29283,597941,,29283,0.0489730592148724,Jul 15
2015-08-01,Carvedilol 6.25mg tablets,Carvedilol,Tablet,26692.82,545202,,26692.82,0.0489595049174434,Aug 15
2015-09-01,Carvedilol 6.25mg tablets,Carvedilol,Tablet,28512.69,582393,,28512.69,0.0489578171440934,Sep 15
2015-10-01,Carvedilol 6.25mg tablets,Carvedilol,Tablet,27145.31,584315,,27145.31,0.0464566372590127,Oct 15
2015-11-01,Carvedilol 6.25mg tablets,Carvedilol,Tablet,26079.89,561452,,26079.89,0.0464507918753518,Nov 15
2015-12-01,Carvedilol 6.25mg tablets,Carvedilol,Tablet,28914,622131,,28914,0.0464757422472116,Dec 15
2016-01-01,Carvedilol 6.25mg tablets,Carvedilol,Tablet,22532.89,562728,,22532.89,0.0400422406562318,Jan 16
2016-02-01,Carvedilol 6.25mg tablets,Carvedilol,Tablet,22175.08,553713,,22175.08,0.0400479670876429,Feb 16
2016-03-01,Carvedilol 6.25mg tablets,Carvedilol,Tablet,23286.46,581680,,23286.46,0.0400331109888599,Mar 16
2016-04-01,Carvedilol 6.25mg tablets,Carvedilol,Tablet,23119.83,598878,,23119.83,0.0386052418021701,Apr 16
2016-05-01,Carvedilol 6.25mg tablets,Carvedilol,Tablet,22074.83,571579,,22074.83,0.0386207855781965,May 16
2016-06-01,Carvedilol 6.25mg tablets,Carvedilol,Tablet,20596.88,587718,,20596.88,0.0350455150259138,Jun 16
2016-07-01,Carvedilol 6.25mg tablets,Carvedilol,Tablet,20469.11,589713,,20469.11,0.0347102912772823,Jul 16
2016-08-01,Carvedilol 6.25mg tablets,Carvedilol,Tablet,20459.46,589877,,20459.46,0.0346842816383755,Aug 16
2016-09-01,Carvedilol 6.25mg tablets,Carvedilol,Tablet,20719.23,597102,,20719.23,0.0346996493061487,Sep 16
2016-10-01,Carvedilol 6.25mg tablets,Carvedilol,Tablet,20655.73,589419,,20655.73,0.0350442215130493,Oct 16
2016-11-01,Carvedilol 6.25mg tablets,Carvedilol,Tablet,21104.11,601968,,21104.11,0.0350585247056322,Nov 16
2016-12-01,Carvedilol 6.25mg tablets,Carvedilol,Tablet,22059.52,629573,,22059.52,0.0350388596715552,Dec 16
2017-01-01,Carvedilol 6.25mg tablets,Carvedilol,Tablet,18867.99,579131,,18867.99,0.0325798308154804,Jan 17
2017-02-01,Carvedilol 6.25mg tablets,Carvedilol,Tablet,18034.63,554166,,18034.63,0.0325437323834375,Feb 17
2017-03-01,Carvedilol 6.25mg tablets,Carvedilol,Tablet,20534.16,630892,,20534.16,0.0325478211801703,Mar 17
2017-04-01,Carvedilol 6.25mg tablets,Carvedilol,Tablet,18373.15,577083,,18373.15,0.0318379678486457,Apr 17
2017-05-01,Carvedilol 6.25mg tablets,Carvedilol,Tablet,19631.19,616873,,19631.19,0.0318237141194379,May 17
2017-06-01,Carvedilol 6.25mg tablets,Carvedilol,Tablet,20155.97,632643,,20155.97,0.0318599431274826,Jun 17
2017-07-01,Carvedilol 6.25mg tablets,Carvedilol,Tablet,19226.67,610785,,19226.67,0.0314786217736192,Jul 17
2017-08-01,Carvedilol 6.25mg tablets,Carvedilol,Tablet,17624.53,615938,,17624.53,0.0286141299936033,Aug 17
2017-09-01,Carvedilol 6.25mg tablets,Carvedilol,Tablet,17346.04,606530,,17346.04,0.0285988162168401,Sep 17
2017-10-01,Carvedilol 6.25mg tablets,Carvedilol,Tablet,17619.75,615276,,17619.75,0.0286371482066585,Oct 17
2017-11-01,Carvedilol 6.25mg tablets,Carvedilol,Tablet,18073.62,631546,,18073.62,0.0286180579086876,Nov 17
2017-12-01,Carvedilol 6.25mg tablets,Carvedilol,Tablet,17866.22,624137,,17866.22,0.0286254780601054,Dec 17
2018-01-01,Carvedilol 6.25mg tablets,Carvedilol,Tablet,17138.6,638649,,17138.6,0.0268357110087074,Jan 18
2018-02-01,Carvedilol 6.25mg tablets,Carvedilol,Tablet,15275.69,569235,,15275.69,0.0268354721687879,Feb 18
2018-03-01,Carvedilol 6.25mg tablets,Carvedilol,Tablet,17108.4,637560,,17108.4,0.0268341803124412,Mar 18
2018-04-01,Carvedilol 6.25mg tablets,Carvedilol,Tablet,16995.47,616999,,16995.47,0.0275453768968831,Apr 18
2018-05-01,Carvedilol 6.25mg tablets,Carvedilol,Tablet,18119.7,657845,,18119.7,0.0275440263283904,May 18
2018-06-01,Carvedilol 6.25mg tablets,Carvedilol,Tablet,17184.87,624062,,17184.87,0.0275371197092597,Jun 18
2018-07-01,Carvedilol 6.25mg tablets,Carvedilol,Tablet,15442.63,653671,,15442.63,0.0236244685782297,Jul 18
2018-08-01,Carvedilol 6.25mg tablets,Carvedilol,Tablet,18213.01,661323,,18213.01,0.0275402639859796,Aug 18
2018-09-01,Carvedilol 6.25mg tablets,Carvedilol,Tablet,16712.95,606460,,16712.95,0.027558206641823,Sep 18
2018-10-01,Carvedilol 6.25mg tablets,Carvedilol,Tablet,21185.12,665540,,21185.12,0.0318314751930763,Oct 18
2018-11-01,Carvedilol 6.25mg tablets,Carvedilol,Tablet,19905.86,669342,,19905.86,0.029739445604788,Nov 18
2018-12-01,Carvedilol 6.25mg tablets,Carvedilol,Tablet,21042.45,708166,,21042.45,0.0297140077326503,Dec 18
2019-01-01,Carvedilol 6.25mg tablets,Carvedilol,Tablet,23812.51,738977,TRUE,21957.9682922507,0.0322236145373943,Jan 19
2019-02-01,Carvedilol 6.25mg tablets,Carvedilol,Tablet,21279.93,715403,TRUE,21257.4902739612,0.0297453742855426,Feb 19
2019-03-01,Carvedilol 6.25mg tablets,Carvedilol,Tablet,20847.98,700232,TRUE,20806.6990626492,0.0297729609615099,Mar 19
2019-04-01,Carvedilol 6.25mg tablets,Carvedilol,Tablet,23930.49,689186,,20478.4781332343,0.0347228324429109,Apr 19
2019-05-01,Carvedilol 6.25mg tablets,Carvedilol,Tablet,25333.75,729169,,21666.5333044089,0.0347433173928129,May 19
2019-06-01,Carvedilol 6.25mg tablets,Carvedilol,Tablet,23989.4,690834,,20527.4468179777,0.0347252740889997,Jun 19
2019-07-01,Carvedilol 6.25mg tablets,Carvedilol,Tablet,32221.52,692925,,20589.5788081467,0.0465007324024967,Jul 19
2019-08-01,Carvedilol 6.25mg tablets,Carvedilol,Tablet,39376.54,749157,,22260.4568909691,0.0525611320457528,Aug 19
2019-09-01,Carvedilol 6.25mg tablets,Carvedilol,Tablet,36674.22,697822,,20735.0883040135,0.0525552648096506,Sep 19
2019-10-01,Carvedilol 6.25mg tablets,Carvedilol,Tablet,37577.99,740207,,21994.5165217619,0.0507668665657039,Oct 19
2019-11-01,Carvedilol 6.25mg tablets,Carvedilol,Tablet,36331.86,715703,,21266.404476281,0.050763878312652,Nov 19
2019-12-01,Carvedilol 6.25mg tablets,Carvedilol,Tablet,36986.73,728851,,21657.0842499499,0.0507466272255921,Dec 19
2020-01-01,Carvedilol 6.25mg tablets,Carvedilol,Tablet,35351.06,738047,,21930.3342650593,0.0478981148897022,Jan 20
2020-02-01,Carvedilol 6.25mg tablets,Carvedilol,Tablet,32319.3,674955,,20055.618089191,0.0478836366868902,Feb 20
2020-03-01,Carvedilol 6.25mg tablets,Carvedilol,Tablet,37681.82,786893,,23381.7446867684,0.047886841031754,Mar 20
2020-04-01,Carvedilol 6.25mg tablets,Carvedilol,Tablet,33568.59,733746,,21802.5343178012,0.0457496054492972,Apr 20
2020-05-01,Carvedilol 6.25mg tablets,Carvedilol,Tablet,31816.54,695403,,20663.2101193082,0.0457526642824377,May 20
2020-06-01,Carvedilol 6.25mg tablets,Carvedilol,Tablet,36963.36,728396,,21643.5643764315,0.0507462424285691,Jun 20
2020-07-01,Carvedilol 6.25mg tablets,Carvedilol,Tablet,36938.17,749079,,22258.1391983659,0.049311447791221,Jul 20
2020-08-01,Carvedilol 6.25mg tablets,Carvedilol,Tablet,33714.74,683517,,20310.0294233979,0.0493253862010747,Aug 20
2020-09-01,Carvedilol 6.25mg tablets,Carvedilol,Tablet,35958.7,729161,,21666.295592347,0.0493151718207639,Sep 20
2020-10-01,Carvedilol 6.25mg tablets,Carvedilol,Tablet,34532.05,748775,,22249.1061400152,0.0461180594971787,Oct 20
2020-11-01,Carvedilol 6.25mg tablets,Carvedilol,Tablet,33280.09,721780,,21446.9765012723,0.0461083571171271,Nov 20
2020-12-01,Carvedilol 6.25mg tablets,Carvedilol,Tablet,36342.39,787841,,23409.9135660989,0.0461290920376066,Dec 20
2021-01-01,Carvedilol 6.25mg tablets,Carvedilol,Tablet,33969.39,731149,,21725.3670397195,0.0464602837451737,Jan 21
2021-02-01,Carvedilol 6.25mg tablets,Carvedilol,Tablet,32076.83,690294,,20511.4012538021,0.0464683598582633,Feb 21
