shortages_data.csv
month_full,product_pack,active_ingredients,dosage,value,quantity,shortage,base_no_shortage_estimate,price_per_piece,xaxis_months
2014-01-01,Doxazosin 1mg tablets,Doxazosin,Tablet,81596.18,2511038,,81596.18,0.0324950000756659,Jan 14
2014-02-01,Doxazosin 1mg tablets,Doxazosin,Tablet,74511.79,2289653,,74511.79,0.0325428307258786,Feb 14
2014-03-01,Doxazosin 1mg tablets,Doxazosin,Tablet,80181.48,2459733,,80181.48,0.0325976355970343,Mar 14
2014-04-01,Doxazosin 1mg tablets,Doxazosin,Tablet,74857.3,2460029,,74857.3,0.0304294380269501,Apr 14
2014-05-01,Doxazosin 1mg tablets,Doxazosin,Tablet,76754.09,2530743,,76754.09,0.0303286781787009,May 14
2014-06-01,Doxazosin 1mg tablets,Doxazosin,Tablet,72857.04,2401786,,72857.04,0.0303345260568594,Jun 14
2014-07-01,Doxazosin 1mg tablets,Doxazosin,Tablet,78406.53,2550835,,78406.53,0.0307375937683151,Jul 14
2014-08-01,Doxazosin 1mg tablets,Doxazosin,Tablet,73486.36,2400522,,73486.36,0.0306126584134617,Aug 14
2014-09-01,Doxazosin 1mg tablets,Doxazosin,Tablet,76033.43,2473438,,76033.43,0.0307399781195243,Sep 14
2014-10-01,Doxazosin 1mg tablets,Doxazosin,Tablet,85434.62,2574840,,85434.62,0.0331805549082661,Oct 14
2014-11-01,Doxazosin 1mg tablets,Doxazosin,Tablet,78513.86,2366089,,78513.86,0.0331829698713785,Nov 14
2014-12-01,Doxazosin 1mg tablets,Doxazosin,Tablet,88612.75,2671634,,88612.75,0.0331679975625404,Dec 14
2015-01-01,Doxazosin 1mg tablets,Doxazosin,Tablet,82949.46,2497824,,82949.46,0.0332086888427688,Jan 15
2015-02-01,Doxazosin 1mg tablets,Doxazosin,Tablet,77164.96,2325044,,77164.96,0.0331886020221553,Feb 15
2015-03-01,Doxazosin 1mg tablets,Doxazosin,Tablet,85818.35,2587069,,85818.35,0.0331720375451911,Mar 15
2015-04-01,Doxazosin 1mg tablets,Doxazosin,Tablet,83779.46,2522404,,83779.46,0.0332141322325845,Apr 15
2015-05-01,Doxazosin 1mg tablets,Doxazosin,Tablet,82492.72,2481493,,82492.72,0.0332431806174751,May 15
2015-06-01,Doxazosin 1mg tablets,Doxazosin,Tablet,84678.41,2549984,,84678.41,0.0332074279681755,Jun 15
2015-07-01,Doxazosin 1mg tablets,Doxazosin,Tablet,84959.44,2674190,,84959.44,0.0317701584404997,Jul 15
2015-08-01,Doxazosin 1mg tablets,Doxazosin,Tablet,77293.68,2433282,,77293.68,0.031765196142494,Aug 15
2015-09-01,Doxazosin 1mg tablets,Doxazosin,Tablet,82509.87,2589715,,82509.87,0.0318605985600732,Sep 15
2015-10-01,Doxazosin 1mg tablets,Doxazosin,Tablet,81978.7,2612090,,81978.7,0.0313843320865667,Oct 15
2015-11-01,Doxazosin 1mg tablets,Doxazosin,Tablet,78551.46,2500108,,78551.46,0.031419226689407,Nov 15
2015-12-01,Doxazosin 1mg tablets,Doxazosin,Tablet,87994.87,2796630,,87994.87,0.031464609190347,Dec 15
2016-01-01,Doxazosin 1mg tablets,Doxazosin,Tablet,71459,2472818,,71459,0.0288977999998382,Jan 16
2016-02-01,Doxazosin 1mg tablets,Doxazosin,Tablet,72148.73,2493343,,72148.73,0.0289365442299756,Feb 16
2016-03-01,Doxazosin 1mg tablets,Doxazosin,Tablet,76095.4,2634383,,76095.4,0.0288854733727024,Mar 16
2016-04-01,Doxazosin 1mg tablets,Doxazosin,Tablet,76310.78,2673216,,76310.78,0.0285464324618736,Apr 16
2016-05-01,Doxazosin 1mg tablets,Doxazosin,Tablet,73005.89,2560991,,73005.89,0.0285068904966866,May 16
2016-06-01,Doxazosin 1mg tablets,Doxazosin,Tablet,68628.95,2673046,,68628.95,0.0256744365790937,Jun 16
2016-07-01,Doxazosin 1mg tablets,Doxazosin,Tablet,66924.65,2601667,,66924.65,0.0257237571141887,Jul 16
2016-08-01,Doxazosin 1mg tablets,Doxazosin,Tablet,67712.92,2633170,,67712.92,0.0257153620920791,Aug 16
2016-09-01,Doxazosin 1mg tablets,Doxazosin,Tablet,68500.85,2670522,,68500.85,0.0256507342010289,Sep 16
2016-10-01,Doxazosin 1mg tablets,Doxazosin,Tablet,66607.91,2563142,,66607.91,0.0259868200825393,Oct 16
2016-11-01,Doxazosin 1mg tablets,Doxazosin,Tablet,70049.49,2695323,,70049.49,0.0259892747548253,Nov 16
2016-12-01,Doxazosin 1mg tablets,Doxazosin,Tablet,72322.6,2781975,,72322.6,0.025996854752469,Dec 16
2017-01-01,Doxazosin 1mg tablets,Doxazosin,Tablet,66033.78,2575627,,66033.78,0.0256379436929338,Jan 17
2017-02-01,Doxazosin 1mg tablets,Doxazosin,Tablet,63040.06,2452978,,63040.06,0.0256993988531491,Feb 17
2017-03-01,Doxazosin 1mg tablets,Doxazosin,Tablet,72475.73,2824908,,72475.73,0.0256559611852846,Mar 17
2017-04-01,Doxazosin 1mg tablets,Doxazosin,Tablet,66778.36,2533473,,66778.36,0.0263584257657374,Apr 17
2017-05-01,Doxazosin 1mg tablets,Doxazosin,Tablet,72183.1,2737672,,72183.1,0.0263665990666523,May 17
2017-06-01,Doxazosin 1mg tablets,Doxazosin,Tablet,72291.93,2746742,,72291.93,0.0263191555668498,Jun 17
2017-07-01,Doxazosin 1mg tablets,Doxazosin,Tablet,68527.15,2670485,,68527.15,0.0256609379944093,Jul 17
2017-08-01,Doxazosin 1mg tablets,Doxazosin,Tablet,63702.74,2716228,,63702.74,0.0234526483049287,Aug 17
2017-09-01,Doxazosin 1mg tablets,Doxazosin,Tablet,62976.16,2676487,,62976.16,0.0235294100064749,Sep 17
2017-10-01,Doxazosin 1mg tablets,Doxazosin,Tablet,65484.86,2707857,,65484.86,0.0241832785113837,Oct 17
2017-11-01,Doxazosin 1mg tablets,Doxazosin,Tablet,65293.19,2688544,,65293.19,0.0242857063153886,Nov 17
2017-12-01,Doxazosin 1mg tablets,Doxazosin,Tablet,67109.16,2773256,,67109.16,0.0241986891942179,Dec 17
2018-01-01,Doxazosin 1mg tablets,Doxazosin,Tablet,59961.17,2756496,,59961.17,0.0217526780376246,Jan 18
2018-02-01,Doxazosin 1mg tablets,Doxazosin,Tablet,49236.11,2249855,,49236.11,0.0218841258658891,Feb 18
2018-03-01,Doxazosin 1mg tablets,Doxazosin,Tablet,46462.06,2113669,,46462.06,0.0219817104759544,Mar 18
2018-04-01,Doxazosin 1mg tablets,Doxazosin,Tablet,86162.37,2530903,TRUE,55633.5769887243,0.0340441218015862,Apr 18
2018-05-01,Doxazosin 1mg tablets,Doxazosin,Tablet,84890.15,2645520,TRUE,58153.0546983468,0.0320882662009737,May 18
2018-06-01,Doxazosin 1mg tablets,Doxazosin,Tablet,72955.61,2530149,TRUE,55617.0027790255,0.0288345113271985,Jun 18
2018-07-01,Doxazosin 1mg tablets,Doxazosin,Tablet,79905.03,2577235,,56652.0335984963,0.031004169196833,Jul 18
2018-08-01,Doxazosin 1mg tablets,Doxazosin,Tablet,94683.48,2631416,,57843.024653794,0.0359819504023689,Aug 18
2018-09-01,Doxazosin 1mg tablets,Doxazosin,Tablet,89535.78,2490513,,54745.7357026006,0.0359507378600312,Sep 18
2018-10-01,Doxazosin 1mg tablets,Doxazosin,Tablet,87217.12,2686599,,59056.0413829885,0.0324637655266007,Oct 18
2018-11-01,Doxazosin 1mg tablets,Doxazosin,Tablet,80251.84,2657072,,58406.987417765,0.0302031107926319,Nov 18
2018-12-01,Doxazosin 1mg tablets,Doxazosin,Tablet,80689.21,2665743,,58597.590829302,0.0302689381534529,Dec 18
2019-01-01,Doxazosin 1mg tablets,Doxazosin,Tablet,86088.69,2716785,,59719.5812954157,0.0316877080814271,Jan 19
2019-02-01,Doxazosin 1mg tablets,Doxazosin,Tablet,78109.98,2471101,,54319.0267388413,0.0316093838333601,Feb 19
2019-03-01,Doxazosin 1mg tablets,Doxazosin,Tablet,85728.4,2702218,,59399.3737189125,0.031725197596937,Mar 19
2019-04-01,Doxazosin 1mg tablets,Doxazosin,Tablet,82995.55,2654790,,58356.8251544589,0.0312625669073637,Apr 19
2019-05-01,Doxazosin 1mg tablets,Doxazosin,Tablet,88685.88,2838079,,62385.8308858861,0.0312485593248109,May 19
2019-06-01,Doxazosin 1mg tablets,Doxazosin,Tablet,82029.83,2622188,,57640.1774295218,0.0312829705574124,Jun 19
2019-07-01,Doxazosin 1mg tablets,Doxazosin,Tablet,94017.09,2714172,,59662.143085942,0.0346393264686247,Jul 19
2019-08-01,Doxazosin 1mg tablets,Doxazosin,Tablet,111501.27,2851032,,62670.5599816811,0.0391090910238819,Aug 19
2019-09-01,Doxazosin 1mg tablets,Doxazosin,Tablet,105339.41,2683744,,58993.2835995797,0.0392509158846745,Sep 19
2019-10-01,Doxazosin 1mg tablets,Doxazosin,Tablet,108444.15,2843455,,62504.0045614048,0.038138162903932,Oct 19
2019-11-01,Doxazosin 1mg tablets,Doxazosin,Tablet,104780.66,2750488,,60460.4308835868,0.038095297998028,Nov 19
2019-12-01,Doxazosin 1mg tablets,Doxazosin,Tablet,107825.66,2832302,,62258.8425444665,0.0380699727642038,Dec 19
2020-01-01,Doxazosin 1mg tablets,Doxazosin,Tablet,103447.44,2880697,,63322.6474229503,0.0359105591459289,Jan 20
2020-02-01,Doxazosin 1mg tablets,Doxazosin,Tablet,95111.53,2649322,,58236.6291615764,0.035900328461395,Feb 20
2020-03-01,Doxazosin 1mg tablets,Doxazosin,Tablet,112481.99,3128803,,68776.4416822975,0.0359504864959539,Mar 20
2020-04-01,Doxazosin 1mg tablets,Doxazosin,Tablet,97554.27,2796072,,61462.4451739227,0.0348897560577839,Apr 20
2020-05-01,Doxazosin 1mg tablets,Doxazosin,Tablet,95047.43,2724620,,59891.8079969948,0.0348846554748919,May 20
2020-06-01,Doxazosin 1mg tablets,Doxazosin,Tablet,106863.48,2782183,,61157.1411971222,0.0384099392455493,Jun 20
2020-07-01,Doxazosin 1mg tablets,Doxazosin,Tablet,107580.63,2907381,,63909.2073852907,0.0370025909916863,Jul 20
2020-08-01,Doxazosin 1mg tablets,Doxazosin,Tablet,97548.09,2634017,,57900.1990827419,0.0370339637139776,Aug 20
2020-09-01,Doxazosin 1mg tablets,Doxazosin,Tablet,105837.22,2861895,,62909.3473025814,0.036981517491033,Sep 20
2020-10-01,Doxazosin 1mg tablets,Doxazosin,Tablet,105167.05,2930626,,64420.1722453043,0.0358855241166904,Oct 20
2020-11-01,Doxazosin 1mg tablets,Doxazosin,Tablet,100856.57,2808404,,61733.5236275122,0.0359124150229098,Nov 20
2020-12-01,Doxazosin 1mg tablets,Doxazosin,Tablet,111541.82,3107000,,68297.1744487902,0.0359001673640167,Dec 20
2021-01-01,Doxazosin 1mg tablets,Doxazosin,Tablet,105438.99,2825589,,62111.2793220414,0.0373157561131502,Jan 21
2021-02-01,Doxazosin 1mg tablets,Doxazosin,Tablet,101030.55,2708688,,59541.5953856919,0.0372987032836562,Feb 21
