shortages_data.csv
month_full,product_pack,active_ingredients,dosage,value,quantity,shortage,base_no_shortage_estimate,price_per_piece,xaxis_months
2014-01-01,Doxazosin 2mg tablets,Doxazosin,Tablet,175301.02,5074698,,175301.02,0.0345441285373041,Jan 14
2014-02-01,Doxazosin 2mg tablets,Doxazosin,Tablet,158109.41,4579881,,158109.41,0.0345226022248176,Feb 14
2014-03-01,Doxazosin 2mg tablets,Doxazosin,Tablet,173487.5,5003575,,173487.5,0.0346727090130557,Mar 14
2014-04-01,Doxazosin 2mg tablets,Doxazosin,Tablet,157324.69,4967081,,157324.69,0.0316734697904061,Apr 14
2014-05-01,Doxazosin 2mg tablets,Doxazosin,Tablet,164037.86,5183925,,164037.86,0.0316435635160617,May 14
2014-06-01,Doxazosin 2mg tablets,Doxazosin,Tablet,154287.17,4877663,,154287.17,0.0316313714170085,Jun 14
2014-07-01,Doxazosin 2mg tablets,Doxazosin,Tablet,167787.18,5251774,,167787.18,0.0319486672503425,Jul 14
2014-08-01,Doxazosin 2mg tablets,Doxazosin,Tablet,157171.62,4911723,,157171.62,0.0319992841615865,Aug 14
2014-09-01,Doxazosin 2mg tablets,Doxazosin,Tablet,162639.98,5080886,,162639.98,0.0320101612199132,Sep 14
2014-10-01,Doxazosin 2mg tablets,Doxazosin,Tablet,181760.82,5295979,,181760.82,0.034320532615405,Oct 14
2014-11-01,Doxazosin 2mg tablets,Doxazosin,Tablet,167102.76,4839645,,167102.76,0.0345278961576727,Nov 14
2014-12-01,Doxazosin 2mg tablets,Doxazosin,Tablet,189379.46,5505051,,189379.46,0.0344010364299986,Dec 14
2015-01-01,Doxazosin 2mg tablets,Doxazosin,Tablet,176492.88,5081349,,176492.88,0.034733469399563,Jan 15
2015-02-01,Doxazosin 2mg tablets,Doxazosin,Tablet,165178.36,4756583,,165178.36,0.0347262646315643,Feb 15
2015-03-01,Doxazosin 2mg tablets,Doxazosin,Tablet,183539.56,5276320,,183539.56,0.034785524759681,Mar 15
2015-04-01,Doxazosin 2mg tablets,Doxazosin,Tablet,179866.98,5176350,,179866.98,0.0347478396939929,Apr 15
2015-05-01,Doxazosin 2mg tablets,Doxazosin,Tablet,176384.96,5089293,,176384.96,0.0346580477877772,May 15
2015-06-01,Doxazosin 2mg tablets,Doxazosin,Tablet,182182.76,5262022,,182182.76,0.0346221965624621,Jun 15
2015-07-01,Doxazosin 2mg tablets,Doxazosin,Tablet,181230.64,5503169,,181230.64,0.032932050605751,Jul 15
2015-08-01,Doxazosin 2mg tablets,Doxazosin,Tablet,164285.93,4997770,,164285.93,0.0328718468436923,Aug 15
2015-09-01,Doxazosin 2mg tablets,Doxazosin,Tablet,175069.31,5321951,,175069.31,0.0328957012193461,Sep 15
2015-10-01,Doxazosin 2mg tablets,Doxazosin,Tablet,174249.22,5373190,,174249.22,0.0324293799400356,Oct 15
2015-11-01,Doxazosin 2mg tablets,Doxazosin,Tablet,168318.89,5183391,,168318.89,0.0324727364769511,Nov 15
2015-12-01,Doxazosin 2mg tablets,Doxazosin,Tablet,187691.19,5793071,,187691.19,0.0323992559386895,Dec 15
2016-01-01,Doxazosin 2mg tablets,Doxazosin,Tablet,154901.3,5148966,,154901.3,0.0300839624887793,Jan 16
2016-02-01,Doxazosin 2mg tablets,Doxazosin,Tablet,156183.84,5213454,,156183.84,0.0299578436867382,Feb 16
2016-03-01,Doxazosin 2mg tablets,Doxazosin,Tablet,165880.03,5504997,,165880.03,0.0301326285918049,Mar 16
2016-04-01,Doxazosin 2mg tablets,Doxazosin,Tablet,165624.35,5586862,,165624.35,0.0296453268400043,Apr 16
2016-05-01,Doxazosin 2mg tablets,Doxazosin,Tablet,159411.58,5390526,,159411.58,0.0295725463526194,May 16
2016-06-01,Doxazosin 2mg tablets,Doxazosin,Tablet,150134.81,5599110,,150134.81,0.0268140490185047,Jun 16
2016-07-01,Doxazosin 2mg tablets,Doxazosin,Tablet,144431.14,5490917,,144431.14,0.0263036465493833,Jul 16
2016-08-01,Doxazosin 2mg tablets,Doxazosin,Tablet,146902.8,5558134,,146902.8,0.0264302371983115,Aug 16
2016-09-01,Doxazosin 2mg tablets,Doxazosin,Tablet,147291.11,5592216,,147291.11,0.0263385945750307,Sep 16
2016-10-01,Doxazosin 2mg tablets,Doxazosin,Tablet,147913.63,5442461,,147913.63,0.0271777105982018,Oct 16
2016-11-01,Doxazosin 2mg tablets,Doxazosin,Tablet,153135.67,5652514,,153135.67,0.0270916038421134,Nov 16
2016-12-01,Doxazosin 2mg tablets,Doxazosin,Tablet,158642.14,5856397,,158642.14,0.0270886929284336,Dec 16
2017-01-01,Doxazosin 2mg tablets,Doxazosin,Tablet,147871.87,5463756,,147871.87,0.0270641423226074,Jan 17
2017-02-01,Doxazosin 2mg tablets,Doxazosin,Tablet,139099.19,5132049,,139099.19,0.0271040260917228,Feb 17
2017-03-01,Doxazosin 2mg tablets,Doxazosin,Tablet,160669,5948176,,160669,0.0270114737694379,Mar 17
2017-04-01,Doxazosin 2mg tablets,Doxazosin,Tablet,145718.36,5294305,,145718.36,0.0275236050813091,Apr 17
2017-05-01,Doxazosin 2mg tablets,Doxazosin,Tablet,158247.75,5784811,,158247.75,0.0273557338346923,May 17
2017-06-01,Doxazosin 2mg tablets,Doxazosin,Tablet,158305.28,5775275,,158305.28,0.0274108644177117,Jun 17
2017-07-01,Doxazosin 2mg tablets,Doxazosin,Tablet,149147.67,5610254,,149147.67,0.0265848337704496,Jul 17
2017-08-01,Doxazosin 2mg tablets,Doxazosin,Tablet,139025.39,5727064,,139025.39,0.0242751591391331,Aug 17
2017-09-01,Doxazosin 2mg tablets,Doxazosin,Tablet,135869.98,5617756,,135869.98,0.0241858101348652,Sep 17
2017-10-01,Doxazosin 2mg tablets,Doxazosin,Tablet,142270.82,5704545,,142270.82,0.0249399066884388,Oct 17
2017-11-01,Doxazosin 2mg tablets,Doxazosin,Tablet,145211.82,5835169,,145211.82,0.0248856237068712,Nov 17
2017-12-01,Doxazosin 2mg tablets,Doxazosin,Tablet,145609.18,5860724,,145609.18,0.0248449133588273,Dec 17
2018-01-01,Doxazosin 2mg tablets,Doxazosin,Tablet,131273.44,5861362,,131273.44,0.0223964054770888,Jan 18
2018-02-01,Doxazosin 2mg tablets,Doxazosin,Tablet,120439.23,5380395,,120439.23,0.0223848304817769,Feb 18
2018-03-01,Doxazosin 2mg tablets,Doxazosin,Tablet,142272.76,6345248,,142272.76,0.0224219384332969,Mar 18
2018-04-01,Doxazosin 2mg tablets,Doxazosin,Tablet,111537.35,6024285,,111537.35,0.0185146204072351,Apr 18
2018-05-01,Doxazosin 2mg tablets,Doxazosin,Tablet,138587.16,6313333,TRUE,116888.96399947,0.0219515048548841,May 18
2018-06-01,Doxazosin 2mg tablets,Doxazosin,Tablet,153977.75,6021038,TRUE,111477.233027538,0.0255732898546729,Jun 18
2018-07-01,Doxazosin 2mg tablets,Doxazosin,Tablet,135178.96,6047114,,111960.020269277,0.0223542933042109,Jul 18
2018-08-01,Doxazosin 2mg tablets,Doxazosin,Tablet,160551.84,6155800,,113972.300302858,0.0260813931576724,Aug 18
2018-09-01,Doxazosin 2mg tablets,Doxazosin,Tablet,148058.63,5722664,,105952.951678149,0.0258723262452592,Sep 18
2018-10-01,Doxazosin 2mg tablets,Doxazosin,Tablet,186677.09,6260961,,115919.316299503,0.0298160442142987,Oct 18
2018-11-01,Doxazosin 2mg tablets,Doxazosin,Tablet,172418.37,6140144,,113682.435405762,0.0280805091867552,Nov 18
2018-12-01,Doxazosin 2mg tablets,Doxazosin,Tablet,172832.08,6133776,,113564.534303009,0.0281771098259865,Dec 18
2019-01-01,Doxazosin 2mg tablets,Doxazosin,Tablet,189056.77,6260614,,115912.891726221,0.0301978000879786,Jan 19
2019-02-01,Doxazosin 2mg tablets,Doxazosin,Tablet,171413.85,5659623,,104785.771493057,0.030287149868463,Feb 19
2019-03-01,Doxazosin 2mg tablets,Doxazosin,Tablet,187123.8,6179677,,114414.373894321,0.0302805146612032,Mar 19
2019-04-01,Doxazosin 2mg tablets,Doxazosin,Tablet,189950.49,6079803,,112565.244695769,0.0312428692179664,Apr 19
2019-05-01,Doxazosin 2mg tablets,Doxazosin,Tablet,204467.52,6548152,,121236.548648877,0.0312252250711346,May 19
2019-06-01,Doxazosin 2mg tablets,Doxazosin,Tablet,186597.86,5994525,,110986.354896681,0.0311280476768384,Jun 19
2019-07-01,Doxazosin 2mg tablets,Doxazosin,Tablet,208159.36,6216288,,115092.21266205,0.0334861190472514,Jul 19
2019-08-01,Doxazosin 2mg tablets,Doxazosin,Tablet,250401.32,6602566,,122244.003203716,0.0379248492177132,Aug 19
2019-09-01,Doxazosin 2mg tablets,Doxazosin,Tablet,232754.42,6143270,,113740.312109155,0.0378877080121824,Sep 19
2019-10-01,Doxazosin 2mg tablets,Doxazosin,Tablet,246294.17,6568703,,121617.042612866,0.0374950991086064,Oct 19
2019-11-01,Doxazosin 2mg tablets,Doxazosin,Tablet,236542.26,6313083,,116884.335344369,0.0374685807235546,Nov 19
2019-12-01,Doxazosin 2mg tablets,Doxazosin,Tablet,243863.12,6504545,,120429.181596779,0.0374911880846393,Dec 19
2020-01-01,Doxazosin 2mg tablets,Doxazosin,Tablet,235799.04,6607506,,122335.465428528,0.0356865419418461,Jan 20
2020-02-01,Doxazosin 2mg tablets,Doxazosin,Tablet,216113.01,6058095,,112163.329315969,0.0356734270426594,Feb 20
2020-03-01,Doxazosin 2mg tablets,Doxazosin,Tablet,253302.04,7105463,,131554.950262654,0.0356489140820239,Mar 20
2020-04-01,Doxazosin 2mg tablets,Doxazosin,Tablet,227736.06,6374702,,118025.187739242,0.0357249734968003,Apr 20
2020-05-01,Doxazosin 2mg tablets,Doxazosin,Tablet,221978.54,6218964,,115141.75778626,0.0356938133103842,May 20
2020-06-01,Doxazosin 2mg tablets,Doxazosin,Tablet,251894.96,6355435,,117668.466547856,0.0396345741872901,Jun 20
2020-07-01,Doxazosin 2mg tablets,Doxazosin,Tablet,263507.62,6663325,,123368.933025039,0.0395459654151644,Jul 20
2020-08-01,Doxazosin 2mg tablets,Doxazosin,Tablet,237594.59,6006184,,111202.216856009,0.0395583268844245,Aug 20
2020-09-01,Doxazosin 2mg tablets,Doxazosin,Tablet,257097.89,6481890,,120009.732871453,0.0396640316327491,Sep 20
2020-10-01,Doxazosin 2mg tablets,Doxazosin,Tablet,246152.9,6584972,,121918.256972271,0.0373810093649601,Oct 20
2020-11-01,Doxazosin 2mg tablets,Doxazosin,Tablet,237590.42,6343544,,117448.309196593,0.037453893281106,Nov 20
2020-12-01,Doxazosin 2mg tablets,Doxazosin,Tablet,258416.42,6905056,,127844.490730701,0.0374242323306285,Dec 20
2021-01-01,Doxazosin 2mg tablets,Doxazosin,Tablet,247528.61,6353004,,117623.457505646,0.0389624514639059,Jan 21
2021-02-01,Doxazosin 2mg tablets,Doxazosin,Tablet,233793.7,6021948,,111494.081332108,0.0388235999380931,Feb 21
