shortages_data.csv
month_full,product_pack,active_ingredients,dosage,value,quantity,shortage,base_no_shortage_estimate,price_per_piece,xaxis_months
2014-01-01,Doxazosin 4mg tablets,Doxazosin,Tablet,521399.13,13394495,,521399.13,0.0389263746038951,Jan 14
2014-02-01,Doxazosin 4mg tablets,Doxazosin,Tablet,474514.56,12191164,,474514.56,0.0389228264011541,Feb 14
2014-03-01,Doxazosin 4mg tablets,Doxazosin,Tablet,513332,13190684,,513332,0.0389162533193881,Mar 14
2014-04-01,Doxazosin 4mg tablets,Doxazosin,Tablet,483763.15,13143682,,483763.15,0.0368057557996306,Apr 14
2014-05-01,Doxazosin 4mg tablets,Doxazosin,Tablet,505639.98,13745519,,505639.98,0.0367858048866689,May 14
2014-06-01,Doxazosin 4mg tablets,Doxazosin,Tablet,478368.33,13001750,,478368.33,0.0367926109946738,Jun 14
2014-07-01,Doxazosin 4mg tablets,Doxazosin,Tablet,506188.42,13893306,,506188.42,0.0364339790687688,Jul 14
2014-08-01,Doxazosin 4mg tablets,Doxazosin,Tablet,474781.26,13032436,,474781.26,0.0364307378912124,Aug 14
2014-09-01,Doxazosin 4mg tablets,Doxazosin,Tablet,487948.95,13389462,,487948.95,0.0364427599854274,Sep 14
2014-10-01,Doxazosin 4mg tablets,Doxazosin,Tablet,548947.51,13980920,,548947.51,0.0392640477164593,Oct 14
2014-11-01,Doxazosin 4mg tablets,Doxazosin,Tablet,498323.66,12688984,,498323.66,0.0392721481877509,Nov 14
2014-12-01,Doxazosin 4mg tablets,Doxazosin,Tablet,569504.68,14495185,,569504.68,0.039289231562067,Dec 14
2015-01-01,Doxazosin 4mg tablets,Doxazosin,Tablet,530836.6,13387828,,530836.6,0.0396506886703355,Jan 15
2015-02-01,Doxazosin 4mg tablets,Doxazosin,Tablet,494091.04,12460494,,494091.04,0.0396526044633543,Feb 15
2015-03-01,Doxazosin 4mg tablets,Doxazosin,Tablet,544345.63,13724579,,544345.63,0.0396621003820955,Mar 15
2015-04-01,Doxazosin 4mg tablets,Doxazosin,Tablet,541287.85,13529336,,541287.85,0.0400084564386604,Apr 15
2015-05-01,Doxazosin 4mg tablets,Doxazosin,Tablet,532712.58,13315478,,532712.58,0.0400070188993591,May 15
2015-06-01,Doxazosin 4mg tablets,Doxazosin,Tablet,547607.43,13684831,,547607.43,0.0400156516364725,Jun 15
2015-07-01,Doxazosin 4mg tablets,Doxazosin,Tablet,539825.3,14383499,,539825.3,0.037530874789229,Jul 15
2015-08-01,Doxazosin 4mg tablets,Doxazosin,Tablet,488425.52,13014583,,488425.52,0.0375290948622787,Aug 15
2015-09-01,Doxazosin 4mg tablets,Doxazosin,Tablet,522232.19,13918528,,522232.19,0.0375206480168018,Sep 15
2015-10-01,Doxazosin 4mg tablets,Doxazosin,Tablet,521915.66,14036963,,521915.66,0.0371815228123063,Oct 15
2015-11-01,Doxazosin 4mg tablets,Doxazosin,Tablet,503360.7,13544520,,503360.7,0.037163421073615,Nov 15
2015-12-01,Doxazosin 4mg tablets,Doxazosin,Tablet,562469.36,15132626,,562469.36,0.0371693161517373,Dec 15
2016-01-01,Doxazosin 4mg tablets,Doxazosin,Tablet,450320.81,13381108,,450320.81,0.033653476976645,Jan 16
2016-02-01,Doxazosin 4mg tablets,Doxazosin,Tablet,462122.65,13737662,,462122.65,0.0336391046744344,Feb 16
2016-03-01,Doxazosin 4mg tablets,Doxazosin,Tablet,490940.14,14599232,,490940.14,0.0336278059010227,Mar 16
2016-04-01,Doxazosin 4mg tablets,Doxazosin,Tablet,480214.43,15069099,,480214.43,0.0318674945330175,Apr 16
2016-05-01,Doxazosin 4mg tablets,Doxazosin,Tablet,456462.49,14331417,,456462.49,0.0318504785674717,May 16
2016-06-01,Doxazosin 4mg tablets,Doxazosin,Tablet,435103.25,14989229,,435103.25,0.029027727176628,Jun 16
2016-07-01,Doxazosin 4mg tablets,Doxazosin,Tablet,422690.24,14549827,,422690.24,0.0290512210213908,Jul 16
2016-08-01,Doxazosin 4mg tablets,Doxazosin,Tablet,430799.73,14834002,,430799.73,0.029041369281196,Aug 16
2016-09-01,Doxazosin 4mg tablets,Doxazosin,Tablet,431815.59,14868271,,431815.59,0.0290427575607144,Sep 16
2016-10-01,Doxazosin 4mg tablets,Doxazosin,Tablet,428331.44,14399243,,428331.44,0.0297468026617788,Oct 16
2016-11-01,Doxazosin 4mg tablets,Doxazosin,Tablet,443297.98,14907668,,443297.98,0.0297362390952093,Nov 16
2016-12-01,Doxazosin 4mg tablets,Doxazosin,Tablet,461444.31,15504960,,461444.31,0.0297610771004891,Dec 16
2017-01-01,Doxazosin 4mg tablets,Doxazosin,Tablet,433160.14,14380666,,433160.14,0.0301210069130317,Jan 17
2017-02-01,Doxazosin 4mg tablets,Doxazosin,Tablet,407971.51,13552289,,407971.51,0.0301035131408429,Feb 17
2017-03-01,Doxazosin 4mg tablets,Doxazosin,Tablet,468443.41,15562269,,468443.41,0.0301012281692342,Mar 17
2017-04-01,Doxazosin 4mg tablets,Doxazosin,Tablet,408761.9,13906633,,408761.9,0.0293933046194575,Apr 17
2017-05-01,Doxazosin 4mg tablets,Doxazosin,Tablet,446468.98,15177396,,446468.98,0.0294167049472782,May 17
2017-06-01,Doxazosin 4mg tablets,Doxazosin,Tablet,442949.62,15064909,,442949.62,0.0294027411649151,Jun 17
2017-07-01,Doxazosin 4mg tablets,Doxazosin,Tablet,434238.92,14757923,,434238.92,0.0294241215379698,Jul 17
2017-08-01,Doxazosin 4mg tablets,Doxazosin,Tablet,401658.5,14925316,,401658.5,0.0269112225161598,Aug 17
2017-09-01,Doxazosin 4mg tablets,Doxazosin,Tablet,393989.11,14610784,,393989.11,0.0269656378466754,Sep 17
2017-10-01,Doxazosin 4mg tablets,Doxazosin,Tablet,387876.66,14801052,,387876.66,0.0262060196802227,Oct 17
2017-11-01,Doxazosin 4mg tablets,Doxazosin,Tablet,394221.54,15048777,,394221.54,0.0261962510308977,Nov 17
2017-12-01,Doxazosin 4mg tablets,Doxazosin,Tablet,398849,15210493,,398849,0.0262219640086617,Dec 17
2018-01-01,Doxazosin 4mg tablets,Doxazosin,Tablet,359795.38,15157264,,359795.38,0.0237374885071607,Jan 18
2018-02-01,Doxazosin 4mg tablets,Doxazosin,Tablet,327547.55,13802227,,327547.55,0.0237314999963412,Feb 18
2018-03-01,Doxazosin 4mg tablets,Doxazosin,Tablet,362948.25,15289388,,362948.25,0.0237385727931033,Mar 18
2018-04-01,Doxazosin 4mg tablets,Doxazosin,Tablet,314870.63,14565247,,314870.63,0.0216179396065168,Apr 18
2018-05-01,Doxazosin 4mg tablets,Doxazosin,Tablet,500507.85,15514541,TRUE,335392.410360829,0.032260564460141,May 18
2018-06-01,Doxazosin 4mg tablets,Doxazosin,Tablet,422379.27,15076150,TRUE,325915.300198788,0.0280163881362284,Jun 18
2018-07-01,Doxazosin 4mg tablets,Doxazosin,Tablet,464289.42,15229440,TRUE,329229.114161071,0.0304863094112456,Jul 18
2018-08-01,Doxazosin 4mg tablets,Doxazosin,Tablet,481779.46,15609353,,337442.050450802,0.0308647936913208,Aug 18
2018-09-01,Doxazosin 4mg tablets,Doxazosin,Tablet,448492.4,14534871,,314213.963466512,0.0308563041254374,Sep 18
2018-10-01,Doxazosin 4mg tablets,Doxazosin,Tablet,603443.67,15750346,,340490.028609743,0.0383130421388838,Oct 18
2018-11-01,Doxazosin 4mg tablets,Doxazosin,Tablet,552652,15581435,,336838.520812867,0.0354686201880636,Nov 18
2018-12-01,Doxazosin 4mg tablets,Doxazosin,Tablet,553725.44,15609295,,337440.796610305,0.0354740838711806,Dec 18
2019-01-01,Doxazosin 4mg tablets,Doxazosin,Tablet,568900.47,15877024,,343228.545963218,0.0358316816803955,Jan 19
2019-02-01,Doxazosin 4mg tablets,Doxazosin,Tablet,515810.99,14390991,,311103.574315927,0.035842631685337,Feb 19
2019-03-01,Doxazosin 4mg tablets,Doxazosin,Tablet,559671.58,15641925,,338146.189979665,0.0357802239813834,Mar 19
2019-04-01,Doxazosin 4mg tablets,Doxazosin,Tablet,549548.44,15365635,,332173.369445781,0.0357647724939451,Apr 19
2019-05-01,Doxazosin 4mg tablets,Doxazosin,Tablet,592526.51,16564114,,358082.01608746,0.0357716995910557,May 19
2019-06-01,Doxazosin 4mg tablets,Doxazosin,Tablet,547968.12,15318435,,331153.002696353,0.0357718082819818,Jun 19
2019-07-01,Doxazosin 4mg tablets,Doxazosin,Tablet,604592.41,15801573,,341597.450801967,0.0382615332030552,Jul 19
2019-08-01,Doxazosin 4mg tablets,Doxazosin,Tablet,729776.28,16740868,,361903.07338467,0.0435924995048047,Aug 19
2019-09-01,Doxazosin 4mg tablets,Doxazosin,Tablet,674701.8,15482296,,334695.339898217,0.0435789239528814,Sep 19
2019-10-01,Doxazosin 4mg tablets,Doxazosin,Tablet,699156.16,16435194,,355295.031313387,0.0425401829756314,Oct 19
2019-11-01,Doxazosin 4mg tablets,Doxazosin,Tablet,668945.27,15729593,,340041.391509089,0.0425278181069275,Nov 19
2019-12-01,Doxazosin 4mg tablets,Doxazosin,Tablet,689798.06,16220407,,350651.778919122,0.0425265568243756,Dec 19
2020-01-01,Doxazosin 4mg tablets,Doxazosin,Tablet,691143.28,16382387,,354153.452776586,0.042188191501031,Jan 20
2020-02-01,Doxazosin 4mg tablets,Doxazosin,Tablet,634364.43,15044734,,325236.15100811,0.0421652140875339,Feb 20
2020-03-01,Doxazosin 4mg tablets,Doxazosin,Tablet,747373.49,17722436,,383122.551128359,0.0421710361938957,Mar 20
2020-04-01,Doxazosin 4mg tablets,Doxazosin,Tablet,669097.65,16007906,,346057.945134798,0.041797949713098,Apr 20
2020-05-01,Doxazosin 4mg tablets,Doxazosin,Tablet,649696.67,15541633,,335978.083580649,0.0418036296443237,May 20
2020-06-01,Doxazosin 4mg tablets,Doxazosin,Tablet,735789.3,15844967,,342535.539673252,0.0464367833647113,Jun 20
2020-07-01,Doxazosin 4mg tablets,Doxazosin,Tablet,739399.75,16419776,,354961.725920534,0.0450310497536629,Jul 20
2020-08-01,Doxazosin 4mg tablets,Doxazosin,Tablet,664913.38,14772099,,319342.344043487,0.0450114354094161,Aug 20
2020-09-01,Doxazosin 4mg tablets,Doxazosin,Tablet,715982.5,15906380,,343863.162198307,0.0450122843789725,Sep 20
2020-10-01,Doxazosin 4mg tablets,Doxazosin,Tablet,685186.07,15983544,,345531.288890104,0.0428682193385898,Oct 20
2020-11-01,Doxazosin 4mg tablets,Doxazosin,Tablet,657783.88,15344307,,331712.302029853,0.042868268993836,Nov 20
2020-12-01,Doxazosin 4mg tablets,Doxazosin,Tablet,714101.99,16661042,,360177.39973764,0.0428605839898849,Dec 20
2021-01-01,Doxazosin 4mg tablets,Doxazosin,Tablet,672004.75,15174565,,328042.829725164,0.04428494325867,Jan 21
2021-02-01,Doxazosin 4mg tablets,Doxazosin,Tablet,631483.81,14258991,,308250.006287867,0.0442867107497298,Feb 21
