shortages_data.csv
month_full,product_pack,active_ingredients,dosage,value,quantity,shortage,base_no_shortage_estimate,price_per_piece,xaxis_months
2014-01-01,Enalapril 5mg tablets,Enalapril,Tablet,49860.03,1390175,,49860.03,0.0358660096750409,Jan 14
2014-02-01,Enalapril 5mg tablets,Enalapril,Tablet,44586.62,1238468,,44586.62,0.0360014307999884,Feb 14
2014-03-01,Enalapril 5mg tablets,Enalapril,Tablet,47511.43,1324108,,47511.43,0.0358818389436511,Mar 14
2014-04-01,Enalapril 5mg tablets,Enalapril,Tablet,43775.73,1304266,,43775.73,0.0335634985501424,Apr 14
2014-05-01,Enalapril 5mg tablets,Enalapril,Tablet,45797.59,1371667,,45797.59,0.0333882713515744,May 14
2014-06-01,Enalapril 5mg tablets,Enalapril,Tablet,42777.96,1274228,,42777.96,0.0335716684926089,Jun 14
2014-07-01,Enalapril 5mg tablets,Enalapril,Tablet,46818.31,1369244,,46818.31,0.0341928173503043,Jul 14
2014-08-01,Enalapril 5mg tablets,Enalapril,Tablet,43449.82,1271832,,43449.82,0.0341631756395499,Aug 14
2014-09-01,Enalapril 5mg tablets,Enalapril,Tablet,44506.87,1302303,,44506.87,0.0341755106146573,Sep 14
2014-10-01,Enalapril 5mg tablets,Enalapril,Tablet,51078.3,1352471,,51078.3,0.0377666508191303,Oct 14
2014-11-01,Enalapril 5mg tablets,Enalapril,Tablet,45847.72,1214422,,45847.72,0.0377527086959887,Nov 14
2014-12-01,Enalapril 5mg tablets,Enalapril,Tablet,51466.88,1357397,,51466.88,0.0379158639661057,Dec 14
2015-01-01,Enalapril 5mg tablets,Enalapril,Tablet,45893.51,1254848,,45893.51,0.036572963418677,Jan 15
2015-02-01,Enalapril 5mg tablets,Enalapril,Tablet,42276.15,1146911,,42276.15,0.0368608810971383,Feb 15
2015-03-01,Enalapril 5mg tablets,Enalapril,Tablet,46104.86,1260147,,46104.86,0.0365868902596284,Mar 15
2015-04-01,Enalapril 5mg tablets,Enalapril,Tablet,45128.64,1234859,,45128.64,0.0365455813173812,Apr 15
2015-05-01,Enalapril 5mg tablets,Enalapril,Tablet,43915.47,1195918,,43915.47,0.0367211380713393,May 15
2015-06-01,Enalapril 5mg tablets,Enalapril,Tablet,45050.71,1231149,,45050.71,0.0365924108292335,Jun 15
2015-07-01,Enalapril 5mg tablets,Enalapril,Tablet,44329.97,1284738,,44329.97,0.034505066402644,Jul 15
2015-08-01,Enalapril 5mg tablets,Enalapril,Tablet,39723.08,1150787,,39723.08,0.0345181862499316,Aug 15
2015-09-01,Enalapril 5mg tablets,Enalapril,Tablet,41897.59,1218393,,41897.59,0.0343875826601105,Sep 15
2015-10-01,Enalapril 5mg tablets,Enalapril,Tablet,49638.52,1221013,,49638.52,0.0406535556951482,Oct 15
2015-11-01,Enalapril 5mg tablets,Enalapril,Tablet,46867.36,1155815,,46867.36,0.0405491882351414,Nov 15
2015-12-01,Enalapril 5mg tablets,Enalapril,Tablet,51804.12,1281679,,51804.12,0.0404189504548331,Dec 15
2016-01-01,Enalapril 5mg tablets,Enalapril,Tablet,49204.29,1125926,,49204.29,0.0437011757433437,Jan 16
2016-02-01,Enalapril 5mg tablets,Enalapril,Tablet,48633.87,1115845,,48633.87,0.0435847900021957,Feb 16
2016-03-01,Enalapril 5mg tablets,Enalapril,Tablet,51044.85,1164704,,51044.85,0.0438264571942742,Mar 16
2016-04-01,Enalapril 5mg tablets,Enalapril,Tablet,41453.6,1168587,,41453.6,0.035473268143493,Apr 16
2016-05-01,Enalapril 5mg tablets,Enalapril,Tablet,40070.83,1130075,,40070.83,0.0354585580603057,May 16
2016-06-01,Enalapril 5mg tablets,Enalapril,Tablet,37332.42,1158410,,37332.42,0.0322272943085781,Jun 16
2016-07-01,Enalapril 5mg tablets,Enalapril,Tablet,37276.99,1139899,,37276.99,0.0327020113185466,Jul 16
2016-08-01,Enalapril 5mg tablets,Enalapril,Tablet,37184.41,1142899,,37184.41,0.0325351671495032,Aug 16
2016-09-01,Enalapril 5mg tablets,Enalapril,Tablet,37250.39,1143012,,37250.39,0.0325896753489902,Sep 16
2016-10-01,Enalapril 5mg tablets,Enalapril,Tablet,35438.95,1096747,,35438.95,0.032312784990522,Oct 16
2016-11-01,Enalapril 5mg tablets,Enalapril,Tablet,35988.17,1121728,,35988.17,0.0320827954726993,Nov 16
2016-12-01,Enalapril 5mg tablets,Enalapril,Tablet,37562.22,1159106,,37562.22,0.0324061992604645,Dec 16
2017-01-01,Enalapril 5mg tablets,Enalapril,Tablet,33469.19,1075512,,33469.19,0.0311193087571315,Jan 17
2017-02-01,Enalapril 5mg tablets,Enalapril,Tablet,31508.18,1013327,,31508.18,0.0310937930204169,Feb 17
2017-03-01,Enalapril 5mg tablets,Enalapril,Tablet,35554.31,1141210,,35554.31,0.0311549232831819,Mar 17
2017-04-01,Enalapril 5mg tablets,Enalapril,Tablet,40230.41,1024727,,40230.41,0.0392596369569651,Apr 17
2017-05-01,Enalapril 5mg tablets,Enalapril,Tablet,43198.19,1099080,,43198.19,0.0393039542162536,May 17
2017-06-01,Enalapril 5mg tablets,Enalapril,Tablet,43458.51,1105014,,43458.51,0.0393284700465334,Jun 17
2017-07-01,Enalapril 5mg tablets,Enalapril,Tablet,40633.23,1070178,,40633.23,0.0379686650258181,Jul 17
2017-08-01,Enalapril 5mg tablets,Enalapril,Tablet,36536.54,1066400,,36536.54,0.0342615716429107,Aug 17
2017-09-01,Enalapril 5mg tablets,Enalapril,Tablet,35683.4,1037913,,35683.4,0.0343799528476857,Sep 17
2017-10-01,Enalapril 5mg tablets,Enalapril,Tablet,99135.24,1064354,TRUE,36592.4403332457,0.0931412293278364,Oct 17
2017-11-01,Enalapril 5mg tablets,Enalapril,Tablet,94628.83,1052082,TRUE,36170.5295518989,0.0899443484443228,Nov 17
2017-12-01,Enalapril 5mg tablets,Enalapril,Tablet,91770.23,1065192,TRUE,36621.250733732,0.0861536981126407,Dec 17
2018-01-01,Enalapril 5mg tablets,Enalapril,Tablet,112949.2,1047181,TRUE,36002.0334029924,0.107860245745482,Jan 18
2018-02-01,Enalapril 5mg tablets,Enalapril,Tablet,74245.66,951790,,32722.4953208988,0.0780063459376543,Feb 18
2018-03-01,Enalapril 5mg tablets,Enalapril,Tablet,81175.15,1042545,,35842.6479415905,0.0778624903481385,Mar 18
2018-04-01,Enalapril 5mg tablets,Enalapril,Tablet,82102.13,997973,,34310.2646832634,0.0822688890380802,Apr 18
2018-05-01,Enalapril 5mg tablets,Enalapril,Tablet,85078.89,1035239,,35591.4680060853,0.0821828485982464,May 18
2018-06-01,Enalapril 5mg tablets,Enalapril,Tablet,82142.34,999084,,34348.4608108772,0.0822176513686537,Jun 18
2018-07-01,Enalapril 5mg tablets,Enalapril,Tablet,71091.05,1015136,,34900.3278139883,0.0700310598776913,Jul 18
2018-08-01,Enalapril 5mg tablets,Enalapril,Tablet,81676.96,1011725,,34783.0577948248,0.0807303961056611,Aug 18
2018-09-01,Enalapril 5mg tablets,Enalapril,Tablet,77353.65,958411,,32950.1249887033,0.0807103111295676,Sep 18
2018-10-01,Enalapril 5mg tablets,Enalapril,Tablet,68233.71,1023583,,35190.7352756927,0.0666616288078251,Oct 18
2018-11-01,Enalapril 5mg tablets,Enalapril,Tablet,59349.61,991592,,34090.8862041424,0.0598528527862266,Nov 18
2018-12-01,Enalapril 5mg tablets,Enalapril,Tablet,59531.59,997522,,34294.7593245291,0.0596794757408859,Dec 18
2019-01-01,Enalapril 5mg tablets,Enalapril,Tablet,55216.19,996085,,34245.355332287,0.0554332110211478,Jan 19
2019-02-01,Enalapril 5mg tablets,Enalapril,Tablet,49800.12,898940,,30905.5148128986,0.0553987140409816,Feb 19
2019-03-01,Enalapril 5mg tablets,Enalapril,Tablet,53917.42,970888,,33379.0836603839,0.0555341295803429,Mar 19
2019-04-01,Enalapril 5mg tablets,Enalapril,Tablet,59769.38,946058,,32525.4294311758,0.0631772893416683,Apr 19
2019-05-01,Enalapril 5mg tablets,Enalapril,Tablet,63609.63,1011581,,34778.1070816147,0.0628814005008002,May 19
2019-06-01,Enalapril 5mg tablets,Enalapril,Tablet,58001.43,922443,,31713.5468446777,0.0628780640104592,Jun 19
2019-07-01,Enalapril 5mg tablets,Enalapril,Tablet,56880.34,958021,,32936.7168070927,0.0593727486140701,Jul 19
2019-08-01,Enalapril 5mg tablets,Enalapril,Tablet,67500.4,1003097,,34486.427561655,0.0672919966862627,Aug 19
2019-09-01,Enalapril 5mg tablets,Enalapril,Tablet,63022.06,936320,,32190.6374503451,0.067308249316473,Sep 19
2019-10-01,Enalapril 5mg tablets,Enalapril,Tablet,56895.15,985253,,33872.9516830409,0.0577467411923638,Oct 19
2019-11-01,Enalapril 5mg tablets,Enalapril,Tablet,54369.52,943202,,32427.2402858428,0.0576435588558973,Nov 19
2019-12-01,Enalapril 5mg tablets,Enalapril,Tablet,55494.4,966211,,33218.2886209152,0.0574350737054329,Dec 19
2020-01-01,Enalapril 5mg tablets,Enalapril,Tablet,53066.74,962980,,33107.2069932644,0.055106793495192,Jan 20
2020-02-01,Enalapril 5mg tablets,Enalapril,Tablet,48436.92,880930,,30286.3318621118,0.0549838466166438,Feb 20
2020-03-01,Enalapril 5mg tablets,Enalapril,Tablet,57358.41,1038853,,35715.7171556768,0.0552132111087902,Mar 20
2020-04-01,Enalapril 5mg tablets,Enalapril,Tablet,50471.11,915585,,31477.7691280483,0.0551244395659606,Apr 20
2020-05-01,Enalapril 5mg tablets,Enalapril,Tablet,49142.94,896539,,30822.9685461113,0.0548140571687344,May 20
2020-06-01,Enalapril 5mg tablets,Enalapril,Tablet,59276.26,971176,,33388.985086804,0.0610355486544149,Jun 20
2020-07-01,Enalapril 5mg tablets,Enalapril,Tablet,71727.08,1335661,,45919.9622004927,0.0537015605007558,Jul 20
2020-08-01,Enalapril 5mg tablets,Enalapril,Tablet,79019.6,1465792,,50393.8598445149,0.0539091494564031,Aug 20
2020-09-01,Enalapril 5mg tablets,Enalapril,Tablet,71248.75,1322534,,45468.6565594612,0.0538729061029811,Sep 20
2020-10-01,Enalapril 5mg tablets,Enalapril,Tablet,74238.73,1273876,,43795.7968137985,0.0582778308092781,Oct 20
2020-11-01,Enalapril 5mg tablets,Enalapril,Tablet,66903.9,1151896,,39602.1301654378,0.0580815455561961,Nov 20
2020-12-01,Enalapril 5mg tablets,Enalapril,Tablet,65680.22,1126183,,38718.1184378652,0.0583210899116751,Dec 20
2021-01-01,Enalapril 5mg tablets,Enalapril,Tablet,78419.38,1022216,,35143.7378801499,0.0767150778309085,Jan 21
2021-02-01,Enalapril 5mg tablets,Enalapril,Tablet,71642.99,933955,,32109.3288618603,0.0767092525871161,Feb 21
